Archive member included to satisfy reference by file (symbol)

c:/program files (x86)/atollic/truestudio for stm32 9.1.0/armtools/bin/../lib/gcc/arm-atollic-eabi/6.3.1/../../../../arm-atollic-eabi/lib/armv7e-m/softfp\libc_nano.a(lib_a-init.o)
                              src\startup_stm32f30x.o (__libc_init_array)
c:/program files (x86)/atollic/truestudio for stm32 9.1.0/armtools/bin/../lib/gcc/arm-atollic-eabi/6.3.1/../../../../arm-atollic-eabi/lib/armv7e-m/softfp\libc_nano.a(lib_a-memcmp.o)
                              FreeRTOS_Source\tasks.o (memcmp)
c:/program files (x86)/atollic/truestudio for stm32 9.1.0/armtools/bin/../lib/gcc/arm-atollic-eabi/6.3.1/../../../../arm-atollic-eabi/lib/armv7e-m/softfp\libc_nano.a(lib_a-memcpy-stub.o)
                              FreeRTOS_Source\queue.o (memcpy)
c:/program files (x86)/atollic/truestudio for stm32 9.1.0/armtools/bin/../lib/gcc/arm-atollic-eabi/6.3.1/../../../../arm-atollic-eabi/lib/armv7e-m/softfp\libc_nano.a(lib_a-memset.o)
                              FreeRTOS_Source\tasks.o (memset)
c:/program files (x86)/atollic/truestudio for stm32 9.1.0/armtools/bin/../lib/gcc/arm-atollic-eabi/6.3.1/../../../../arm-atollic-eabi/lib/armv7e-m/softfp\libc_nano.a(lib_a-strncpy.o)
                              FreeRTOS_Source\tasks.o (strncpy)
c:/program files (x86)/atollic/truestudio for stm32 9.1.0/armtools/bin/../lib/gcc/arm-atollic-eabi/6.3.1/../../../../arm-atollic-eabi/lib/armv7e-m/softfp\libnosys.a(write.o)
                              src\tiny_printf.o (_write)
c:/program files (x86)/atollic/truestudio for stm32 9.1.0/armtools/bin/../lib/gcc/arm-atollic-eabi/6.3.1/../../../../arm-atollic-eabi/lib/armv7e-m/softfp\libnosys.a(errno.o)
                              c:/program files (x86)/atollic/truestudio for stm32 9.1.0/armtools/bin/../lib/gcc/arm-atollic-eabi/6.3.1/../../../../arm-atollic-eabi/lib/armv7e-m/softfp\libnosys.a(write.o) (errno)

Allocating common symbols
Common symbol       size              file

errno               0x4               c:/program files (x86)/atollic/truestudio for stm32 9.1.0/armtools/bin/../lib/gcc/arm-atollic-eabi/6.3.1/../../../../arm-atollic-eabi/lib/armv7e-m/softfp\libnosys.a(errno.o)
xQueueRegistry      0x80              FreeRTOS_Source\queue.o
NVIC_InitStructure  0x4               STM32F3_Discovery\stm32f3_discovery.o

Discarded input sections

 .text          0x00000000        0x0 c:/program files (x86)/atollic/truestudio for stm32 9.1.0/armtools/bin/../lib/gcc/arm-atollic-eabi/6.3.1/armv7e-m/softfp/crti.o
 .data          0x00000000        0x0 c:/program files (x86)/atollic/truestudio for stm32 9.1.0/armtools/bin/../lib/gcc/arm-atollic-eabi/6.3.1/armv7e-m/softfp/crti.o
 .bss           0x00000000        0x0 c:/program files (x86)/atollic/truestudio for stm32 9.1.0/armtools/bin/../lib/gcc/arm-atollic-eabi/6.3.1/armv7e-m/softfp/crti.o
 .data          0x00000000        0x4 c:/program files (x86)/atollic/truestudio for stm32 9.1.0/armtools/bin/../lib/gcc/arm-atollic-eabi/6.3.1/armv7e-m/softfp/crtbegin.o
 .text          0x00000000        0x0 FreeRTOS_Source\list.o
 .data          0x00000000        0x0 FreeRTOS_Source\list.o
 .bss           0x00000000        0x0 FreeRTOS_Source\list.o
 .text          0x00000000        0x0 FreeRTOS_Source\portable\GCC\ARM_CM4F\port.o
 .data          0x00000000        0x0 FreeRTOS_Source\portable\GCC\ARM_CM4F\port.o
 .bss           0x00000000        0x0 FreeRTOS_Source\portable\GCC\ARM_CM4F\port.o
 .rodata.ulKernelPriority
                0x00000000        0x4 FreeRTOS_Source\portable\GCC\ARM_CM4F\port.o
 .text.vPortEndScheduler
                0x00000000        0xe FreeRTOS_Source\portable\GCC\ARM_CM4F\port.o
 .text          0x00000000        0x0 FreeRTOS_Source\portable\MemMang\heap_1.o
 .data          0x00000000        0x0 FreeRTOS_Source\portable\MemMang\heap_1.o
 .bss           0x00000000        0x0 FreeRTOS_Source\portable\MemMang\heap_1.o
 .text.vPortInitialiseBlocks
                0x00000000       0x18 FreeRTOS_Source\portable\MemMang\heap_1.o
 .text          0x00000000        0x0 FreeRTOS_Source\queue.o
 .data          0x00000000        0x0 FreeRTOS_Source\queue.o
 .bss           0x00000000        0x0 FreeRTOS_Source\queue.o
 .text.xQueueCreateMutex
                0x00000000       0x8c FreeRTOS_Source\queue.o
 .text.xQueueReceiveFromISR
                0x00000000       0xba FreeRTOS_Source\queue.o
 .text.uxQueueMessagesWaiting
                0x00000000       0x30 FreeRTOS_Source\queue.o
 .text.uxQueueMessagesWaitingFromISR
                0x00000000       0x2c FreeRTOS_Source\queue.o
 .text.vQueueDelete
                0x00000000       0x36 FreeRTOS_Source\queue.o
 .text.xQueueIsQueueEmptyFromISR
                0x00000000       0x36 FreeRTOS_Source\queue.o
 .text.xQueueIsQueueFullFromISR
                0x00000000       0x3a FreeRTOS_Source\queue.o
 .text.vQueueUnregisterQueue
                0x00000000       0x48 FreeRTOS_Source\queue.o
[...]
Memory Configuration

Name             Origin             Length             Attributes
FLASH            0x08000000         0x00040000         xr
RAM              0x20000000         0x0000a000         xrw
MEMORY_B1        0x60000000         0x00000000         xr
CCMRAM           0x10000000         0x00002000         rw
*default*        0x00000000         0xffffffff

Linker script and memory map

LOAD c:/program files (x86)/atollic/truestudio for stm32 9.1.0/armtools/bin/../lib/gcc/arm-atollic-eabi/6.3.1/armv7e-m/softfp/crti.o
LOAD c:/program files (x86)/atollic/truestudio for stm32 9.1.0/armtools/bin/../lib/gcc/arm-atollic-eabi/6.3.1/armv7e-m/softfp/crtbegin.o
LOAD FreeRTOS_Source\list.o
LOAD FreeRTOS_Source\portable\GCC\ARM_CM4F\port.o
LOAD FreeRTOS_Source\portable\MemMang\heap_1.o
LOAD FreeRTOS_Source\queue.o
LOAD FreeRTOS_Source\tasks.o
LOAD FreeRTOS_Source\timers.o
LOAD Libraries\STM32F30x_StdPeriph_Driver\src\stm32f30x_adc.o
LOAD Libraries\STM32F30x_StdPeriph_Driver\src\stm32f30x_can.o
LOAD Libraries\STM32F30x_StdPeriph_Driver\src\stm32f30x_comp.o
LOAD Libraries\STM32F30x_StdPeriph_Driver\src\stm32f30x_crc.o
LOAD Libraries\STM32F30x_StdPeriph_Driver\src\stm32f30x_dac.o
LOAD Libraries\STM32F30x_StdPeriph_Driver\src\stm32f30x_dbgmcu.o
LOAD Libraries\STM32F30x_StdPeriph_Driver\src\stm32f30x_dma.o
LOAD Libraries\STM32F30x_StdPeriph_Driver\src\stm32f30x_exti.o
LOAD Libraries\STM32F30x_StdPeriph_Driver\src\stm32f30x_flash.o
LOAD Libraries\STM32F30x_StdPeriph_Driver\src\stm32f30x_gpio.o
LOAD Libraries\STM32F30x_StdPeriph_Driver\src\stm32f30x_i2c.o
LOAD Libraries\STM32F30x_StdPeriph_Driver\src\stm32f30x_iwdg.o
LOAD Libraries\STM32F30x_StdPeriph_Driver\src\stm32f30x_misc.o
LOAD Libraries\STM32F30x_StdPeriph_Driver\src\stm32f30x_opamp.o
LOAD Libraries\STM32F30x_StdPeriph_Driver\src\stm32f30x_pwr.o
LOAD Libraries\STM32F30x_StdPeriph_Driver\src\stm32f30x_rcc.o
LOAD Libraries\STM32F30x_StdPeriph_Driver\src\stm32f30x_rtc.o
LOAD Libraries\STM32F30x_StdPeriph_Driver\src\stm32f30x_spi.o
LOAD Libraries\STM32F30x_StdPeriph_Driver\src\stm32f30x_syscfg.o
LOAD Libraries\STM32F30x_StdPeriph_Driver\src\stm32f30x_tim.o
LOAD Libraries\STM32F30x_StdPeriph_Driver\src\stm32f30x_usart.o
LOAD Libraries\STM32F30x_StdPeriph_Driver\src\stm32f30x_wwdg.o
LOAD STM32F3_Discovery\stm32f3_discovery.o
LOAD STM32F3_Discovery\stm32f3_discovery_l3gd20.o
LOAD STM32F3_Discovery\stm32f3_discovery_lsm303dlhc.o
LOAD src\main.o
LOAD src\startup_stm32f30x.o
LOAD src\system_stm32f30x.o
LOAD src\tiny_printf.o
LOAD c:/program files (x86)/atollic/truestudio for stm32 9.1.0/armtools/bin/../lib/gcc/arm-atollic-eabi/6.3.1/../../../../arm-atollic-eabi/lib/armv7e-m/softfp\libm.a
                0x00000080                malloc_getpagesize_P = 0x80
START GROUP
LOAD c:/program files (x86)/atollic/truestudio for stm32 9.1.0/armtools/bin/../lib/gcc/arm-atollic-eabi/6.3.1/../../../../arm-atollic-eabi/lib/armv7e-m/softfp\libc_nano.a
LOAD c:/program files (x86)/atollic/truestudio for stm32 9.1.0/armtools/bin/../lib/gcc/arm-atollic-eabi/6.3.1/../../../../arm-atollic-eabi/lib/armv7e-m/softfp\libm.a
END GROUP
START GROUP
LOAD c:/program files (x86)/atollic/truestudio for stm32 9.1.0/armtools/bin/../lib/gcc/arm-atollic-eabi/6.3.1/armv7e-m/softfp\libgcc.a
LOAD c:/program files (x86)/atollic/truestudio for stm32 9.1.0/armtools/bin/../lib/gcc/arm-atollic-eabi/6.3.1/../../../../arm-atollic-eabi/lib/armv7e-m/softfp\libc_nano.a
END GROUP
START GROUP
LOAD c:/program files (x86)/atollic/truestudio for stm32 9.1.0/armtools/bin/../lib/gcc/arm-atollic-eabi/6.3.1/armv7e-m/softfp\libgcc.a
LOAD c:/program files (x86)/atollic/truestudio for stm32 9.1.0/armtools/bin/../lib/gcc/arm-atollic-eabi/6.3.1/../../../../arm-atollic-eabi/lib/armv7e-m/softfp\libc_nano.a
LOAD c:/program files (x86)/atollic/truestudio for stm32 9.1.0/armtools/bin/../lib/gcc/arm-atollic-eabi/6.3.1/../../../../arm-atollic-eabi/lib/armv7e-m/softfp\libnosys.a
END GROUP
START GROUP
LOAD c:/program files (x86)/atollic/truestudio for stm32 9.1.0/armtools/bin/../lib/gcc/arm-atollic-eabi/6.3.1/armv7e-m/softfp\libgcc.a
LOAD c:/program files (x86)/atollic/truestudio for stm32 9.1.0/armtools/bin/../lib/gcc/arm-atollic-eabi/6.3.1/../../../../arm-atollic-eabi/lib/armv7e-m/softfp\libc_nano.a
LOAD c:/program files (x86)/atollic/truestudio for stm32 9.1.0/armtools/bin/../lib/gcc/arm-atollic-eabi/6.3.1/../../../../arm-atollic-eabi/lib/armv7e-m/softfp\libnosys.a
END GROUP
LOAD c:/program files (x86)/atollic/truestudio for stm32 9.1.0/armtools/bin/../lib/gcc/arm-atollic-eabi/6.3.1/armv7e-m/softfp/crtend.o
LOAD c:/program files (x86)/atollic/truestudio for stm32 9.1.0/armtools/bin/../lib/gcc/arm-atollic-eabi/6.3.1/armv7e-m/softfp/crtn.o
                0x2000a000                _estack = 0x2000a000
                0x00000000                _Min_Heap_Size = 0x0
                0x00000200                _Min_Stack_Size = 0x200

.isr_vector     0x08000000      0x188
                0x08000000                . = ALIGN (0x4)
 *(.isr_vector)
 .isr_vector    0x08000000      0x188 src\startup_stm32f30x.o
                0x08000000                g_pfnVectors
                0x08000188                . = ALIGN (0x4)

.text           0x08000188     0x2360
                0x08000188                . = ALIGN (0x4)
 *(.text)
 .text          0x08000188       0x40 c:/program files (x86)/atollic/truestudio for stm32 9.1.0/armtools/bin/../lib/gcc/arm-atollic-eabi/6.3.1/armv7e-m/softfp/crtbegin.o
 *(.text*)
 .text.vListInitialise
                0x080001c8       0x40 FreeRTOS_Source\list.o
                0x080001c8                vListInitialise
 .text.vListInitialiseItem
                0x08000208       0x1a FreeRTOS_Source\list.o
                0x08000208                vListInitialiseItem
 .text.vListInsertEnd
                0x08000222       0x50 FreeRTOS_Source\list.o
                0x08000222                vListInsertEnd
 .text.vListInsert
                0x08000272       0x72 FreeRTOS_Source\list.o
                0x08000272                vListInsert
 .text.vListRemove
                0x080002e4       0x50 FreeRTOS_Source\list.o
                0x080002e4                vListRemove
 .text.pxPortInitialiseStack
                0x08000334       0x60 FreeRTOS_Source\portable\GCC\ARM_CM4F\port.o
                0x08000334                pxPortInitialiseStack
 .text.SVC_Handler
                0x08000394       0x20 FreeRTOS_Source\portable\GCC\ARM_CM4F\port.o
                0x08000394                SVC_Handler
 .text.vPortStartFirstTask
                0x080003b4       0x18 FreeRTOS_Source\portable\GCC\ARM_CM4F\port.o
 .text.xPortStartScheduler
                0x080003cc       0x4c FreeRTOS_Source\portable\GCC\ARM_CM4F\port.o
                0x080003cc                xPortStartScheduler
 .text.vPortYieldFromISR
                0x08000418       0x1c FreeRTOS_Source\portable\GCC\ARM_CM4F\port.o
                0x08000418                vPortYieldFromISR
 .text.vPortEnterCritical
                0x08000434       0x24 FreeRTOS_Source\portable\GCC\ARM_CM4F\port.o
                0x08000434                vPortEnterCritical
 .text.vPortExitCritical
                0x08000458       0x2c FreeRTOS_Source\portable\GCC\ARM_CM4F\port.o
                0x08000458                vPortExitCritical
 .text.PendSV_Handler
                0x08000484       0x54 FreeRTOS_Source\portable\GCC\ARM_CM4F\port.o
                0x08000484                PendSV_Handler
 .text.SysTick_Handler
                0x080004d8       0x34 FreeRTOS_Source\portable\GCC\ARM_CM4F\port.o
                0x080004d8                SysTick_Handler
 .text.prvSetupTimerInterrupt
                0x0800050c       0x28 FreeRTOS_Source\portable\GCC\ARM_CM4F\port.o
 .text.vPortEnableVFP
                0x08000534       0x14 FreeRTOS_Source\portable\GCC\ARM_CM4F\port.o
 .text.pvPortMalloc
                0x08000548       0x78 FreeRTOS_Source\portable\MemMang\heap_1.o
                0x08000548                pvPortMalloc
 .text.vPortFree
                0x080005c0       0x14 FreeRTOS_Source\portable\MemMang\heap_1.o
                0x080005c0                vPortFree
 .text.xPortGetFreeHeapSize
                0x080005d4       0x1c FreeRTOS_Source\portable\MemMang\heap_1.o
                0x080005d4                xPortGetFreeHeapSize
 .text.xQueueGenericReset
                0x080005f0       0xb0 FreeRTOS_Source\queue.o
                0x080005f0                xQueueGenericReset
 .text.xQueueGenericCreate
                0x080006a0       0x80 FreeRTOS_Source\queue.o
                0x080006a0                xQueueGenericCreate
 .text.xQueueGenericSend
                0x08000720      0x138 FreeRTOS_Source\queue.o
                0x08000720                xQueueGenericSend
 .text.xQueueGenericSendFromISR
                0x08000858       0xb8 FreeRTOS_Source\queue.o
                0x08000858                xQueueGenericSendFromISR
 .text.xQueueGenericReceive
                0x08000910      0x19a FreeRTOS_Source\queue.o
                0x08000910                xQueueGenericReceive
 .text.prvCopyDataToQueue
                0x08000aaa       0xb6 FreeRTOS_Source\queue.o
 .text.prvCopyDataFromQueue
                0x08000b60       0x4c FreeRTOS_Source\queue.o
 .text.prvUnlockQueue
                0x08000bac       0x98 FreeRTOS_Source\queue.o
 .text.prvIsQueueEmpty
                0x08000c44       0x2a FreeRTOS_Source\queue.o
 .text.prvIsQueueFull
                0x08000c6e       0x2e FreeRTOS_Source\queue.o
 .text.vQueueAddToRegistry
                0x08000c9c       0x50 FreeRTOS_Source\queue.o
                0x08000c9c                vQueueAddToRegistry
 .text.vQueueWaitForMessageRestricted
                0x08000cec       0x54 FreeRTOS_Source\queue.o
                0x08000cec                vQueueWaitForMessageRestricted
 .text.xTaskGenericCreate
                0x08000d40      0x184 FreeRTOS_Source\tasks.o
                0x08000d40                xTaskGenericCreate
 .text.vTaskDelayUntil
                0x08000ec4       0xb8 FreeRTOS_Source\tasks.o
                0x08000ec4                vTaskDelayUntil
 .text.vTaskStartScheduler
                0x08000f7c       0x78 FreeRTOS_Source\tasks.o
                0x08000f7c                vTaskStartScheduler
 .text.vTaskSuspendAll
                0x08000ff4       0x1c FreeRTOS_Source\tasks.o
                0x08000ff4                vTaskSuspendAll
 .text.xTaskResumeAll
                0x08001010      0x108 FreeRTOS_Source\tasks.o
                0x08001010                xTaskResumeAll
 .text.xTaskGetTickCount
                0x08001118       0x24 FreeRTOS_Source\tasks.o
                0x08001118                xTaskGetTickCount
 .text.vTaskIncrementTick
                0x0800113c      0x150 FreeRTOS_Source\tasks.o
                0x0800113c                vTaskIncrementTick
 .text.vTaskSwitchContext
                0x0800128c       0xf0 FreeRTOS_Source\tasks.o
                0x0800128c                vTaskSwitchContext
 .text.vTaskPlaceOnEventList
                0x0800137c       0x70 FreeRTOS_Source\tasks.o
                0x0800137c                vTaskPlaceOnEventList
 .text.vTaskPlaceOnEventListRestricted
                0x080013ec       0x54 FreeRTOS_Source\tasks.o
                0x080013ec                vTaskPlaceOnEventListRestricted
 .text.xTaskRemoveFromEventList
                0x08001440       0xb0 FreeRTOS_Source\tasks.o
                0x08001440                xTaskRemoveFromEventList
 .text.vTaskSetTimeOutState
                0x080014f0       0x3c FreeRTOS_Source\tasks.o
                0x080014f0                vTaskSetTimeOutState
 .text.xTaskCheckForTimeOut
                0x0800152c       0xa8 FreeRTOS_Source\tasks.o
                0x0800152c                xTaskCheckForTimeOut
 .text.vTaskMissedYield
                0x080015d4       0x18 FreeRTOS_Source\tasks.o
                0x080015d4                vTaskMissedYield
 .text.prvIdleTask
                0x080015ec       0x24 FreeRTOS_Source\tasks.o
 .text.prvInitialiseTCBVariables
                0x08001610       0x6c FreeRTOS_Source\tasks.o
 .text.prvInitialiseTaskLists
                0x0800167c       0x80 FreeRTOS_Source\tasks.o
 .text.prvCheckTasksWaitingTermination
                0x080016fc       0x74 FreeRTOS_Source\tasks.o
 .text.prvAddCurrentTaskToDelayedList
                0x08001770       0x6c FreeRTOS_Source\tasks.o
 .text.prvAllocateTCBAndStack
                0x080017dc       0x62 FreeRTOS_Source\tasks.o
 .text.prvDeleteTCB
                0x0800183e       0x20 FreeRTOS_Source\tasks.o
 *fill*         0x0800185e        0x2 
 .text.xTaskGetCurrentTaskHandle
                0x08001860       0x20 FreeRTOS_Source\tasks.o
                0x08001860                xTaskGetCurrentTaskHandle
 .text.xTaskGetSchedulerState
                0x08001880       0x3c FreeRTOS_Source\tasks.o
                0x08001880                xTaskGetSchedulerState
 .text.vTaskPriorityInherit
                0x080018bc       0xb4 FreeRTOS_Source\tasks.o
                0x080018bc                vTaskPriorityInherit
 .text.vTaskPriorityDisinherit
                0x08001970       0x7c FreeRTOS_Source\tasks.o
                0x08001970                vTaskPriorityDisinherit
 .text.xTimerCreateTimerTask
                0x080019ec       0x5c FreeRTOS_Source\timers.o
                0x080019ec                xTimerCreateTimerTask
 .text.xTimerCreate
                0x08001a48       0x6c FreeRTOS_Source\timers.o
                0x08001a48                xTimerCreate
 .text.xTimerGenericCommand
                0x08001ab4       0x80 FreeRTOS_Source\timers.o
                0x08001ab4                xTimerGenericCommand
 .text.prvProcessExpiredTimer
                0x08001b34       0x74 FreeRTOS_Source\timers.o
 .text.prvTimerTask
                0x08001ba8       0x24 FreeRTOS_Source\timers.o
 .text.prvProcessTimerOrBlockTask
                0x08001bcc       0x6c FreeRTOS_Source\timers.o
 .text.prvGetNextExpireTime
                0x08001c38       0x48 FreeRTOS_Source\timers.o
 .text.prvSampleTimeNow
                0x08001c80       0x44 FreeRTOS_Source\timers.o
 .text.prvInsertTimerInActiveList
                0x08001cc4       0x84 FreeRTOS_Source\timers.o
 .text.prvProcessReceivedCommands
                0x08001d48       0xf4 FreeRTOS_Source\timers.o
 .text.prvSwitchTimerLists
                0x08001e3c       0xb8 FreeRTOS_Source\timers.o
 .text.prvCheckForValidListAndQueue
                0x08001ef4       0x54 FreeRTOS_Source\timers.o
 .text.NVIC_SetPriorityGrouping
                0x08001f48       0x48 src\main.o
 .text.main     0x08001f90      0x110 src\main.o
                0x08001f90                main
 .text.vExampleTimerCallback
                0x080020a0       0x24 src\main.o
 .text.prvQueueSendTask
                0x080020c4       0x38 src\main.o
 .text.prvQueueReceiveTask
                0x080020fc       0x34 src\main.o
 .text.prvEventSemaphoreTask
                0x08002130       0x2c src\main.o
 .text.vApplicationTickHook
                0x0800215c       0x44 src\main.o
                0x0800215c                vApplicationTickHook
 .text.vApplicationMallocFailedHook
                0x080021a0        0x6 src\main.o
                0x080021a0                vApplicationMallocFailedHook
 .text.vApplicationStackOverflowHook
                0x080021a6        0xc src\main.o
                0x080021a6                vApplicationStackOverflowHook
 .text.vApplicationIdleHook
                0x080021b2       0x18 src\main.o
                0x080021b2                vApplicationIdleHook
 .text.prvSetupHardware
                0x080021ca        0xe src\main.o
 .text.Reset_Handler
                0x080021d8       0x48 src\startup_stm32f30x.o
                0x080021d8                Reset_Handler
 .text.Default_Handler
                0x08002220        0x2 src\startup_stm32f30x.o
                0x08002220                RTC_Alarm_IRQHandler
                0x08002220                TIM8_TRG_COM_IRQHandler
                0x08002220                TIM8_CC_IRQHandler
                0x08002220                DebugMon_Handler
                0x08002220                TIM1_CC_IRQHandler
                0x08002220                HardFault_Handler
                0x08002220                USB_HP_IRQHandler
                0x08002220                PVD_IRQHandler
                0x08002220                NMI_Handler
                0x08002220                EXTI3_IRQHandler
                0x08002220                EXTI0_IRQHandler
                0x08002220                I2C2_EV_IRQHandler
                0x08002220                FPU_IRQHandler
                0x08002220                EXTI2_TS_IRQHandler
                0x08002220                TIM1_UP_TIM16_IRQHandler
                0x08002220                UsageFault_Handler
                0x08002220                ADC1_2_IRQHandler
                0x08002220                SPI1_IRQHandler
                0x08002220                TIM6_DAC_IRQHandler
                0x08002220                TIM8_UP_IRQHandler
                0x08002220                DMA2_Channel2_IRQHandler
                0x08002220                DMA1_Channel4_IRQHandler
                0x08002220                USART3_IRQHandler
                0x08002220                DMA1_Channel7_IRQHandler
                0x08002220                CAN1_RX1_IRQHandler
                0x08002220                UART5_IRQHandler
                0x08002220                ADC3_IRQHandler
                0x08002220                TIM4_IRQHandler
                0x08002220                DMA2_Channel1_IRQHandler
                0x08002220                I2C1_EV_IRQHandler
                0x08002220                DMA1_Channel6_IRQHandler
                0x08002220                UART4_IRQHandler
                0x08002220                DMA2_Channel4_IRQHandler
                0x08002220                TIM3_IRQHandler
                0x08002220                RCC_IRQHandler
                0x08002220                DMA1_Channel1_IRQHandler
                0x08002220                Default_Handler
                0x08002220                USBWakeUp_RMP_IRQHandler
                0x08002220                EXTI15_10_IRQHandler
                0x08002220                TIM7_IRQHandler
                0x08002220                EXTI9_5_IRQHandler
                0x08002220                TAMPER_STAMP_IRQHandler
                0x08002220                RTC_WKUP_IRQHandler
                0x08002220                SPI2_IRQHandler
                0x08002220                MemManage_Handler
                0x08002220                DMA2_Channel5_IRQHandler
                0x08002220                DMA1_Channel5_IRQHandler
                0x08002220                USB_LP_IRQHandler
                0x08002220                EXTI4_IRQHandler
                0x08002220                USB_LP_CAN1_RX0_IRQHandler
                0x08002220                TIM1_TRG_COM_TIM17_IRQHandler
                0x08002220                USB_HP_CAN1_TX_IRQHandler
                0x08002220                DMA1_Channel3_IRQHandler
                0x08002220                ADC4_IRQHandler
                0x08002220                WWDG_IRQHandler
                0x08002220                TIM2_IRQHandler
                0x08002220                COMP7_IRQHandler
                0x08002220                COMP1_2_3_IRQHandler
                0x08002220                EXTI1_IRQHandler
                0x08002220                USART2_IRQHandler
                0x08002220                COMP4_5_6_IRQHandler
                0x08002220                I2C2_ER_IRQHandler
                0x08002220                DMA1_Channel2_IRQHandler
                0x08002220                TIM8_BRK_IRQHandler
                0x08002220                CAN1_SCE_IRQHandler
                0x08002220                FLASH_IRQHandler
                0x08002220                BusFault_Handler
                0x08002220                USART1_IRQHandler
                0x08002220                SPI3_IRQHandler
                0x08002220                I2C1_ER_IRQHandler
                0x08002220                USBWakeUp_IRQHandler
                0x08002220                DMA2_Channel3_IRQHandler
                0x08002220                TIM1_BRK_TIM15_IRQHandler
 *fill*         0x08002222        0x2 
 .text.SystemInit
                0x08002224       0x88 src\system_stm32f30x.o
                0x08002224                SystemInit
 .text.SetSysClock
                0x080022ac      0x114 src\system_stm32f30x.o
 .text.__libc_init_array
                0x080023c0       0x48 c:/program files (x86)/atollic/truestudio for stm32 9.1.0/armtools/bin/../lib/gcc/arm-atollic-eabi/6.3.1/../../../../arm-atollic-eabi/lib/armv7e-m/softfp\libc_nano.a(lib_a-init.o)
                0x080023c0                __libc_init_array
 .text.memcmp   0x08002408       0x1e c:/program files (x86)/atollic/truestudio for stm32 9.1.0/armtools/bin/../lib/gcc/arm-atollic-eabi/6.3.1/../../../../arm-atollic-eabi/lib/armv7e-m/softfp\libc_nano.a(lib_a-memcmp.o)
                0x08002408                memcmp
 .text.memcpy   0x08002426       0x16 c:/program files (x86)/atollic/truestudio for stm32 9.1.0/armtools/bin/../lib/gcc/arm-atollic-eabi/6.3.1/../../../../arm-atollic-eabi/lib/armv7e-m/softfp\libc_nano.a(lib_a-memcpy-stub.o)
                0x08002426                memcpy
 .text.memset   0x0800243c       0x10 c:/program files (x86)/atollic/truestudio for stm32 9.1.0/armtools/bin/../lib/gcc/arm-atollic-eabi/6.3.1/../../../../arm-atollic-eabi/lib/armv7e-m/softfp\libc_nano.a(lib_a-memset.o)
                0x0800243c                memset
 .text.strncpy  0x0800244c       0x2a c:/program files (x86)/atollic/truestudio for stm32 9.1.0/armtools/bin/../lib/gcc/arm-atollic-eabi/6.3.1/../../../../arm-atollic-eabi/lib/armv7e-m/softfp\libc_nano.a(lib_a-strncpy.o)
                0x0800244c                strncpy
 *(.rodata)
 *fill*         0x08002476        0x2 
 .rodata        0x08002478        0x5 FreeRTOS_Source\tasks.o
 *fill*         0x0800247d        0x3 
 .rodata        0x08002480        0x8 FreeRTOS_Source\timers.o
 .rodata        0x08002488       0x31 src\main.o
 *(.rodata*)
 *fill*         0x080024b9        0x3 
 .rodata.ucExpectedStackBytes.7194
                0x080024bc       0x14 FreeRTOS_Source\tasks.o
 *(.glue_7)
 .glue_7        0x080024d0        0x0 linker stubs
 *(.glue_7t)
 .glue_7t       0x080024d0        0x0 linker stubs
 *(.eh_frame)
 .eh_frame      0x080024d0        0x0 c:/program files (x86)/atollic/truestudio for stm32 9.1.0/armtools/bin/../lib/gcc/arm-atollic-eabi/6.3.1/armv7e-m/softfp/crtbegin.o
 *(.init)
 .init          0x080024d0        0x4 c:/program files (x86)/atollic/truestudio for stm32 9.1.0/armtools/bin/../lib/gcc/arm-atollic-eabi/6.3.1/armv7e-m/softfp/crti.o
                0x080024d0                _init
 .init          0x080024d4        0x8 c:/program files (x86)/atollic/truestudio for stm32 9.1.0/armtools/bin/../lib/gcc/arm-atollic-eabi/6.3.1/armv7e-m/softfp/crtn.o
 *(.fini)
 .fini          0x080024dc        0x4 c:/program files (x86)/atollic/truestudio for stm32 9.1.0/armtools/bin/../lib/gcc/arm-atollic-eabi/6.3.1/armv7e-m/softfp/crti.o
                0x080024dc                _fini
 .fini          0x080024e0        0x8 c:/program files (x86)/atollic/truestudio for stm32 9.1.0/armtools/bin/../lib/gcc/arm-atollic-eabi/6.3.1/armv7e-m/softfp/crtn.o
                0x080024e8                . = ALIGN (0x4)
                0x080024e8                _etext = .

.vfp11_veneer   0x080024e8        0x0
 .vfp11_veneer  0x080024e8        0x0 linker stubs

.v4_bx          0x080024e8        0x0
 .v4_bx         0x080024e8        0x0 linker stubs

.iplt           0x080024e8        0x0
 .iplt          0x080024e8        0x0 c:/program files (x86)/atollic/truestudio for stm32 9.1.0/armtools/bin/../lib/gcc/arm-atollic-eabi/6.3.1/armv7e-m/softfp/crtbegin.o

.rel.dyn        0x080024e8        0x0
 .rel.iplt      0x080024e8        0x0 c:/program files (x86)/atollic/truestudio for stm32 9.1.0/armtools/bin/../lib/gcc/arm-atollic-eabi/6.3.1/armv7e-m/softfp/crtbegin.o

.ARM.extab
 *(.ARM.extab* .gnu.linkonce.armextab.*)

.ARM            0x080024e8        0x0
                0x080024e8                __exidx_start = .
 *(.ARM.exidx*)
                0x080024e8                __exidx_end = .

.preinit_array  0x080024e8        0x0
                0x080024e8                PROVIDE (__preinit_array_start, .)
 *(.preinit_array*)
                0x080024e8                PROVIDE (__preinit_array_end, .)

.init_array     0x080024e8        0x4
                0x080024e8                PROVIDE (__init_array_start, .)
 *(SORT(.init_array.*))
 *(.init_array*)
 .init_array    0x080024e8        0x4 c:/program files (x86)/atollic/truestudio for stm32 9.1.0/armtools/bin/../lib/gcc/arm-atollic-eabi/6.3.1/armv7e-m/softfp/crtbegin.o
                0x080024ec                PROVIDE (__init_array_end, .)

.fini_array     0x080024ec        0x4
                [!provide]                PROVIDE (__fini_array_start, .)
 *(SORT(.fini_array.*))
 *(.fini_array*)
 .fini_array    0x080024ec        0x4 c:/program files (x86)/atollic/truestudio for stm32 9.1.0/armtools/bin/../lib/gcc/arm-atollic-eabi/6.3.1/armv7e-m/softfp/crtbegin.o
                [!provide]                PROVIDE (__fini_array_end, .)
                0x080024f0                _sidata = LOADADDR (.data)

.data           0x20000000        0x8 load address 0x080024f0
                0x20000000                . = ALIGN (0x4)
                0x20000000                _sdata = .
 *(.data)
 *(.data*)
 .data.uxCriticalNesting
                0x20000000        0x4 FreeRTOS_Source\portable\GCC\ARM_CM4F\port.o
 .data.xNextTaskUnblockTime
                0x20000004        0x4 FreeRTOS_Source\tasks.o
                0x20000008                . = ALIGN (0x4)
                0x20000008                _edata = .
                0x080024f8                _siccmram = LOADADDR (.ccmram)

.igot.plt       0x20000008        0x0 load address 0x080024f8
 .igot.plt      0x20000008        0x0 c:/program files (x86)/atollic/truestudio for stm32 9.1.0/armtools/bin/../lib/gcc/arm-atollic-eabi/6.3.1/armv7e-m/softfp/crtbegin.o

.ccmram         0x10000000        0x0 load address 0x080024f8
                0x10000000                . = ALIGN (0x4)
                0x10000000                _sccmram = .
 *(.ccmram)
 *(.ccmram*)
                0x10000000                . = ALIGN (0x4)
                0x10000000                _eccmram = .
                0x10000000                . = ALIGN (0x4)

.bss            0x20000008     0x1df4
                0x20000008                _sbss = .
                0x20000008                __bss_start__ = _sbss
 *(.bss)
 .bss           0x20000008       0x1c c:/program files (x86)/atollic/truestudio for stm32 9.1.0/armtools/bin/../lib/gcc/arm-atollic-eabi/6.3.1/armv7e-m/softfp/crtbegin.o
 *(.bss*)
 *fill*         0x20000024        0x4 
 .bss.xHeap     0x20000028     0x1c00 FreeRTOS_Source\portable\MemMang\heap_1.o
 .bss.xNextFreeByte
                0x20001c28        0x4 FreeRTOS_Source\portable\MemMang\heap_1.o
 .bss.pxCurrentTCB
                0x20001c2c        0x4 FreeRTOS_Source\tasks.o
                0x20001c2c                pxCurrentTCB
 .bss.pxReadyTasksLists
                0x20001c30       0x64 FreeRTOS_Source\tasks.o
 .bss.xDelayedTaskList1
                0x20001c94       0x14 FreeRTOS_Source\tasks.o
 .bss.xDelayedTaskList2
                0x20001ca8       0x14 FreeRTOS_Source\tasks.o
 .bss.pxDelayedTaskList
                0x20001cbc        0x4 FreeRTOS_Source\tasks.o
 .bss.pxOverflowDelayedTaskList
                0x20001cc0        0x4 FreeRTOS_Source\tasks.o
 .bss.xPendingReadyList
                0x20001cc4       0x14 FreeRTOS_Source\tasks.o
 .bss.xTasksWaitingTermination
                0x20001cd8       0x14 FreeRTOS_Source\tasks.o
 .bss.uxTasksDeleted
                0x20001cec        0x4 FreeRTOS_Source\tasks.o
 .bss.xSuspendedTaskList
                0x20001cf0       0x14 FreeRTOS_Source\tasks.o
 .bss.uxCurrentNumberOfTasks
                0x20001d04        0x4 FreeRTOS_Source\tasks.o
 .bss.xTickCount
                0x20001d08        0x4 FreeRTOS_Source\tasks.o
 .bss.uxTopUsedPriority
                0x20001d0c        0x4 FreeRTOS_Source\tasks.o
 .bss.uxTopReadyPriority
                0x20001d10        0x4 FreeRTOS_Source\tasks.o
 .bss.xSchedulerRunning
                0x20001d14        0x4 FreeRTOS_Source\tasks.o
 .bss.uxSchedulerSuspended
                0x20001d18        0x4 FreeRTOS_Source\tasks.o
 .bss.uxMissedTicks
                0x20001d1c        0x4 FreeRTOS_Source\tasks.o
 .bss.xMissedYield
                0x20001d20        0x4 FreeRTOS_Source\tasks.o
 .bss.xNumOfOverflows
                0x20001d24        0x4 FreeRTOS_Source\tasks.o
 .bss.uxTaskNumber
                0x20001d28        0x4 FreeRTOS_Source\tasks.o
 .bss.xActiveTimerList1
                0x20001d2c       0x14 FreeRTOS_Source\timers.o
 .bss.xActiveTimerList2
                0x20001d40       0x14 FreeRTOS_Source\timers.o
 .bss.pxCurrentTimerList
                0x20001d54        0x4 FreeRTOS_Source\timers.o
 .bss.pxOverflowTimerList
                0x20001d58        0x4 FreeRTOS_Source\timers.o
 .bss.xTimerQueue
                0x20001d5c        0x4 FreeRTOS_Source\timers.o
 .bss.xLastTime.5608
                0x20001d60        0x4 FreeRTOS_Source\timers.o
 .bss.xQueue    0x20001d64        0x4 src\main.o
 .bss.xEventSemaphore
                0x20001d68        0x4 src\main.o
 .bss.ulCountOfTimerCallbackExecutions
                0x20001d6c        0x4 src\main.o
 .bss.ulCountOfItemsReceivedOnQueue
                0x20001d70        0x4 src\main.o
 .bss.ulCountOfReceivedSemaphores
                0x20001d74        0x4 src\main.o
 .bss.ulCount.8602
                0x20001d78        0x4 src\main.o
 *(COMMON)
 COMMON         0x20001d7c       0x80 FreeRTOS_Source\queue.o
                0x20001d7c                xQueueRegistry
                0x20001dfc                . = ALIGN (0x4)
                0x20001dfc                _ebss = .
                0x20001dfc                __bss_end__ = _ebss

._user_heap_stack
                0x20001dfc      0x200
                0x20001dfc                . = ALIGN (0x4)
                [!provide]                PROVIDE (end, .)
                [!provide]                PROVIDE (_end, .)
                0x20001dfc                . = (. + _Min_Heap_Size)
                0x20001ffc                . = (. + _Min_Stack_Size)
 *fill*         0x20001dfc      0x200 
                0x20001ffc                . = ALIGN (0x4)

.memory_b1_text
 *(.mb1text)
 *(.mb1text*)
 *(.mb1rodata)
 *(.mb1rodata*)

/DISCARD/
 libc.a(*)
 libm.a(*)
 libgcc.a(*)

.ARM.attributes
                0x00000000       0x2e
 *(.ARM.attributes)
 .ARM.attributes
                0x00000000       0x22 c:/program files (x86)/atollic/truestudio for stm32 9.1.0/armtools/bin/../lib/gcc/arm-atollic-eabi/6.3.1/armv7e-m/softfp/crti.o
 .ARM.attributes
                0x00000022       0x32 c:/program files (x86)/atollic/truestudio for stm32 9.1.0/armtools/bin/../lib/gcc/arm-atollic-eabi/6.3.1/armv7e-m/softfp/crtbegin.o
 .ARM.attributes
                0x00000054       0x37 FreeRTOS_Source\list.o
 .ARM.attributes
                0x0000008b       0x37 FreeRTOS_Source\portable\GCC\ARM_CM4F\port.o
 .ARM.attributes
                0x000000c2       0x37 FreeRTOS_Source\portable\MemMang\heap_1.o
 .ARM.attributes
                0x000000f9       0x37 FreeRTOS_Source\queue.o
 .ARM.attributes
                0x00000130       0x37 FreeRTOS_Source\tasks.o
 .ARM.attributes
                0x00000167       0x37 FreeRTOS_Source\timers.o
 .ARM.attributes
                0x0000019e       0x37 src\main.o
 .ARM.attributes
                0x000001d5       0x21 src\startup_stm32f30x.o
 .ARM.attributes
                0x000001f6       0x37 src\system_stm32f30x.o
 .ARM.attributes
                0x0000022d       0x32 c:/program files (x86)/atollic/truestudio for stm32 9.1.0/armtools/bin/../lib/gcc/arm-atollic-eabi/6.3.1/../../../../arm-atollic-eabi/lib/armv7e-m/softfp\libc_nano.a(lib_a-init.o)
 .ARM.attributes
                0x0000025f       0x32 c:/program files (x86)/atollic/truestudio for stm32 9.1.0/armtools/bin/../lib/gcc/arm-atollic-eabi/6.3.1/../../../../arm-atollic-eabi/lib/armv7e-m/softfp\libc_nano.a(lib_a-memcmp.o)
 .ARM.attributes
                0x00000291       0x32 c:/program files (x86)/atollic/truestudio for stm32 9.1.0/armtools/bin/../lib/gcc/arm-atollic-eabi/6.3.1/../../../../arm-atollic-eabi/lib/armv7e-m/softfp\libc_nano.a(lib_a-memcpy-stub.o)
 .ARM.attributes
                0x000002c3       0x32 c:/program files (x86)/atollic/truestudio for stm32 9.1.0/armtools/bin/../lib/gcc/arm-atollic-eabi/6.3.1/../../../../arm-atollic-eabi/lib/armv7e-m/softfp\libc_nano.a(lib_a-memset.o)
 .ARM.attributes
                0x000002f5       0x32 c:/program files (x86)/atollic/truestudio for stm32 9.1.0/armtools/bin/../lib/gcc/arm-atollic-eabi/6.3.1/../../../../arm-atollic-eabi/lib/armv7e-m/softfp\libc_nano.a(lib_a-strncpy.o)
 .ARM.attributes
                0x00000327       0x22 c:/program files (x86)/atollic/truestudio for stm32 9.1.0/armtools/bin/../lib/gcc/arm-atollic-eabi/6.3.1/armv7e-m/softfp/crtn.o
OUTPUT(STM32F3_Discovery_FreeRTOS_Simple_Demo.elf elf32-littlearm)

.debug_info     0x00000000     0x4d3d
 .debug_info    0x00000000      0xa9e FreeRTOS_Source\list.o
 .debug_info    0x00000a9e      0x1d2 FreeRTOS_Source\portable\GCC\ARM_CM4F\port.o
 .debug_info    0x00000c70      0x991 FreeRTOS_Source\portable\MemMang\heap_1.o
 .debug_info    0x00001601     0x1071 FreeRTOS_Source\queue.o
 .debug_info    0x00002672     0x158d FreeRTOS_Source\tasks.o
 .debug_info    0x00003bff      0x6ee FreeRTOS_Source\timers.o
 .debug_info    0x000042ed      0x50e src\main.o
 .debug_info    0x000047fb       0x7c src\startup_stm32f30x.o
 .debug_info    0x00004877      0x4c6 src\system_stm32f30x.o

.debug_abbrev   0x00000000      0xf0d
 .debug_abbrev  0x00000000      0x1b0 FreeRTOS_Source\list.o
 .debug_abbrev  0x000001b0      0x146 FreeRTOS_Source\portable\GCC\ARM_CM4F\port.o
 .debug_abbrev  0x000002f6      0x225 FreeRTOS_Source\portable\MemMang\heap_1.o
 .debug_abbrev  0x0000051b      0x273 FreeRTOS_Source\queue.o
 .debug_abbrev  0x0000078e      0x2c5 FreeRTOS_Source\tasks.o
 .debug_abbrev  0x00000a53      0x18f FreeRTOS_Source\timers.o
 .debug_abbrev  0x00000be2      0x1b2 src\main.o
 .debug_abbrev  0x00000d94       0x12 src\startup_stm32f30x.o
 .debug_abbrev  0x00000da6      0x167 src\system_stm32f30x.o

.debug_aranges  0x00000000      0x430
 .debug_aranges
                0x00000000       0x40 FreeRTOS_Source\list.o
 .debug_aranges
                0x00000040       0x78 FreeRTOS_Source\portable\GCC\ARM_CM4F\port.o
 .debug_aranges
                0x000000b8       0x38 FreeRTOS_Source\portable\MemMang\heap_1.o
 .debug_aranges
                0x000000f0       0xb8 FreeRTOS_Source\queue.o
 .debug_aranges
                0x000001a8      0x138 FreeRTOS_Source\tasks.o
 .debug_aranges
                0x000002e0       0x88 FreeRTOS_Source\timers.o
 .debug_aranges
                0x00000368       0x70 src\main.o
 .debug_aranges
                0x000003d8       0x28 src\startup_stm32f30x.o
 .debug_aranges
                0x00000400       0x30 src\system_stm32f30x.o

.debug_ranges   0x00000000      0x3a8
 .debug_ranges  0x00000000       0x30 FreeRTOS_Source\list.o
 .debug_ranges  0x00000030       0x68 FreeRTOS_Source\portable\GCC\ARM_CM4F\port.o
 .debug_ranges  0x00000098       0x28 FreeRTOS_Source\portable\MemMang\heap_1.o
 .debug_ranges  0x000000c0       0xa8 FreeRTOS_Source\queue.o
 .debug_ranges  0x00000168      0x128 FreeRTOS_Source\tasks.o
 .debug_ranges  0x00000290       0x78 FreeRTOS_Source\timers.o
 .debug_ranges  0x00000308       0x60 src\main.o
 .debug_ranges  0x00000368       0x20 src\startup_stm32f30x.o
 .debug_ranges  0x00000388       0x20 src\system_stm32f30x.o

.debug_line     0x00000000     0x1c87
 .debug_line    0x00000000      0x27a FreeRTOS_Source\list.o
 .debug_line    0x0000027a      0x182 FreeRTOS_Source\portable\GCC\ARM_CM4F\port.o
 .debug_line    0x000003fc      0x207 FreeRTOS_Source\portable\MemMang\heap_1.o
 .debug_line    0x00000603      0x597 FreeRTOS_Source\queue.o
 .debug_line    0x00000b9a      0x81e FreeRTOS_Source\tasks.o
 .debug_line    0x000013b8      0x286 FreeRTOS_Source\timers.o
 .debug_line    0x0000163e      0x3ac src\main.o
 .debug_line    0x000019ea       0x77 src\startup_stm32f30x.o
 .debug_line    0x00001a61      0x226 src\system_stm32f30x.o

.debug_str      0x00000000     0x1a12
 .debug_str     0x00000000      0x69e FreeRTOS_Source\list.o
                                0x715 (size before relaxing)
 .debug_str     0x0000069e      0x160 FreeRTOS_Source\portable\GCC\ARM_CM4F\port.o
                                0x2dd (size before relaxing)
 .debug_str     0x000007fe       0xd5 FreeRTOS_Source\portable\MemMang\heap_1.o
                                0x6a6 (size before relaxing)
 .debug_str     0x000008d3      0x3bf FreeRTOS_Source\queue.o
                                0xa5d (size before relaxing)
 .debug_str     0x00000c92      0x6c4 FreeRTOS_Source\tasks.o
                                0xdca (size before relaxing)
 .debug_str     0x00001356      0x34c FreeRTOS_Source\timers.o
                                0x5ca (size before relaxing)
 .debug_str     0x000016a2      0x25a src\main.o
                                0x4c4 (size before relaxing)
 .debug_str     0x000018fc      0x116 src\system_stm32f30x.o
                                0x36a (size before relaxing)

.comment        0x00000000       0x7c
 .comment       0x00000000       0x7c FreeRTOS_Source\list.o
                                 0x7d (size before relaxing)
 .comment       0x0000007c       0x7d FreeRTOS_Source\portable\GCC\ARM_CM4F\port.o
 .comment       0x0000007c       0x7d FreeRTOS_Source\portable\MemMang\heap_1.o
 .comment       0x0000007c       0x7d FreeRTOS_Source\queue.o
 .comment       0x0000007c       0x7d FreeRTOS_Source\tasks.o
 .comment       0x0000007c       0x7d FreeRTOS_Source\timers.o
 .comment       0x0000007c       0x7d src\main.o
 .comment       0x0000007c       0x7d src\system_stm32f30x.o

.debug_frame    0x00000000      0xfac
 .debug_frame   0x00000000       0xd8 FreeRTOS_Source\list.o
 .debug_frame   0x000000d8      0x158 FreeRTOS_Source\portable\GCC\ARM_CM4F\port.o
 .debug_frame   0x00000230       0x9c FreeRTOS_Source\portable\MemMang\heap_1.o
 .debug_frame   0x000002cc      0x2f4 FreeRTOS_Source\queue.o
 .debug_frame   0x000005c0      0x524 FreeRTOS_Source\tasks.o
 .debug_frame   0x00000ae4      0x20c FreeRTOS_Source\timers.o
 .debug_frame   0x00000cf0      0x178 src\main.o
 .debug_frame   0x00000e68       0x7c src\system_stm32f30x.o
 .debug_frame   0x00000ee4       0x2c c:/program files (x86)/atollic/truestudio for stm32 9.1.0/armtools/bin/../lib/gcc/arm-atollic-eabi/6.3.1/../../../../arm-atollic-eabi/lib/armv7e-m/softfp\libc_nano.a(lib_a-init.o)
 .debug_frame   0x00000f10       0x28 c:/program files (x86)/atollic/truestudio for stm32 9.1.0/armtools/bin/../lib/gcc/arm-atollic-eabi/6.3.1/../../../../arm-atollic-eabi/lib/armv7e-m/softfp\libc_nano.a(lib_a-memcmp.o)
 .debug_frame   0x00000f38       0x28 c:/program files (x86)/atollic/truestudio for stm32 9.1.0/armtools/bin/../lib/gcc/arm-atollic-eabi/6.3.1/../../../../arm-atollic-eabi/lib/armv7e-m/softfp\libc_nano.a(lib_a-memcpy-stub.o)
 .debug_frame   0x00000f60       0x20 c:/program files (x86)/atollic/truestudio for stm32 9.1.0/armtools/bin/../lib/gcc/arm-atollic-eabi/6.3.1/../../../../arm-atollic-eabi/lib/armv7e-m/softfp\libc_nano.a(lib_a-memset.o)
 .debug_frame   0x00000f80       0x2c c:/program files (x86)/atollic/truestudio for stm32 9.1.0/armtools/bin/../lib/gcc/arm-atollic-eabi/6.3.1/../../../../arm-atollic-eabi/lib/armv7e-m/softfp\libc_nano.a(lib_a-strncpy.o)

.stabstr        0x00000000       0x3f
 .stabstr       0x00000000       0x3f c:/program files (x86)/atollic/truestudio for stm32 9.1.0/armtools/bin/../lib/gcc/arm-atollic-eabi/6.3.1/../../../../arm-atollic-eabi/lib/armv7e-m/softfp\libnosys.a(write.o)

Cross Reference Table

Symbol                                            File
ADC1_2_IRQHandler                                 src\startup_stm32f30x.o
ADC3_IRQHandler                                   src\startup_stm32f30x.o
ADC4_IRQHandler                                   src\startup_stm32f30x.o
ADC_AnalogWatchdog1SingleChannelConfig            Libraries\STM32F30x_StdPeriph_Driver\src\stm32f30x_adc.o
ADC_AnalogWatchdog1ThresholdsConfig               Libraries\STM32F30x_StdPeriph_Driver\src\stm32f30x_adc.o
ADC_AnalogWatchdog2SingleChannelConfig            Libraries\STM32F30x_StdPeriph_Driver\src\stm32f30x_adc.o
ADC_AnalogWatchdog2ThresholdsConfig               Libraries\STM32F30x_StdPeriph_Driver\src\stm32f30x_adc.o
ADC_AnalogWatchdog3SingleChannelConfig            Libraries\STM32F30x_StdPeriph_Driver\src\stm32f30x_adc.o
ADC_AnalogWatchdog3ThresholdsConfig               Libraries\STM32F30x_StdPeriph_Driver\src\stm32f30x_adc.o
ADC_AnalogWatchdogCmd                             Libraries\STM32F30x_StdPeriph_Driver\src\stm32f30x_adc.o
ADC_AutoDelayCmd                                  Libraries\STM32F30x_StdPeriph_Driver\src\stm32f30x_adc.o
ADC_AutoInjectedConvCmd                           Libraries\STM32F30x_StdPeriph_Driver\src\stm32f30x_adc.o
ADC_AutoPowerOffCmd                               Libraries\STM32F30x_StdPeriph_Driver\src\stm32f30x_adc.o
ADC_ChannelOffset1Cmd                             Libraries\STM32F30x_StdPeriph_Driver\src\stm32f30x_adc.o
ADC_ChannelOffset2Cmd                             Libraries\STM32F30x_StdPeriph_Driver\src\stm32f30x_adc.o
ADC_ChannelOffset3Cmd                             Libraries\STM32F30x_StdPeriph_Driver\src\stm32f30x_adc.o
ADC_ChannelOffset4Cmd                             Libraries\STM32F30x_StdPeriph_Driver\src\stm32f30x_adc.o
ADC_ClearCommonFlag                               Libraries\STM32F30x_StdPeriph_Driver\src\stm32f30x_adc.o
ADC_ClearFlag                                     Libraries\STM32F30x_StdPeriph_Driver\src\stm32f30x_adc.o
ADC_ClearITPendingBit                             Libraries\STM32F30x_StdPeriph_Driver\src\stm32f30x_adc.o
ADC_Cmd                                           Libraries\STM32F30x_StdPeriph_Driver\src\stm32f30x_adc.o
ADC_CommonInit                                    Libraries\STM32F30x_StdPeriph_Driver\src\stm32f30x_adc.o
ADC_CommonStructInit                              Libraries\STM32F30x_StdPeriph_Driver\src\stm32f30x_adc.o
ADC_DMACmd                                        Libraries\STM32F30x_StdPeriph_Driver\src\stm32f30x_adc.o
ADC_DMAConfig                                     Libraries\STM32F30x_StdPeriph_Driver\src\stm32f30x_adc.o
ADC_DeInit                                        Libraries\STM32F30x_StdPeriph_Driver\src\stm32f30x_adc.o
ADC_DeepPowerDownCmd                              Libraries\STM32F30x_StdPeriph_Driver\src\stm32f30x_adc.o
ADC_DisableCmd                                    Libraries\STM32F30x_StdPeriph_Driver\src\stm32f30x_adc.o
ADC_DiscModeChannelCountConfig                    Libraries\STM32F30x_StdPeriph_Driver\src\stm32f30x_adc.o
ADC_DiscModeCmd                                   Libraries\STM32F30x_StdPeriph_Driver\src\stm32f30x_adc.o
ADC_ExternalTriggerInjectedPolarityConfig         Libraries\STM32F30x_StdPeriph_Driver\src\stm32f30x_adc.o
ADC_ExternalTriggerPolarityConfig                 Libraries\STM32F30x_StdPeriph_Driver\src\stm32f30x_adc.o
ADC_GetCalibrationStatus                          Libraries\STM32F30x_StdPeriph_Driver\src\stm32f30x_adc.o
ADC_GetCommonFlagStatus                           Libraries\STM32F30x_StdPeriph_Driver\src\stm32f30x_adc.o
ADC_GetConversionValue                            Libraries\STM32F30x_StdPeriph_Driver\src\stm32f30x_adc.o
ADC_GetDisableCmdStatus                           Libraries\STM32F30x_StdPeriph_Driver\src\stm32f30x_adc.o
ADC_GetFlagStatus                                 Libraries\STM32F30x_StdPeriph_Driver\src\stm32f30x_adc.o
ADC_GetITStatus                                   Libraries\STM32F30x_StdPeriph_Driver\src\stm32f30x_adc.o
ADC_GetInjectedConversionValue                    Libraries\STM32F30x_StdPeriph_Driver\src\stm32f30x_adc.o
ADC_GetMultiModeConversionValue                   Libraries\STM32F30x_StdPeriph_Driver\src\stm32f30x_adc.o
ADC_GetStartConversionStatus                      Libraries\STM32F30x_StdPeriph_Driver\src\stm32f30x_adc.o
ADC_GetStartInjectedConversionStatus              Libraries\STM32F30x_StdPeriph_Driver\src\stm32f30x_adc.o
ADC_ITConfig                                      Libraries\STM32F30x_StdPeriph_Driver\src\stm32f30x_adc.o
ADC_Init                                          Libraries\STM32F30x_StdPeriph_Driver\src\stm32f30x_adc.o
ADC_InjecInit                                     Libraries\STM32F30x_StdPeriph_Driver\src\stm32f30x_adc.o
ADC_InjectedChannelConfig                         Libraries\STM32F30x_StdPeriph_Driver\src\stm32f30x_adc.o
ADC_InjectedDiscModeCmd                           Libraries\STM32F30x_StdPeriph_Driver\src\stm32f30x_adc.o
ADC_InjectedSequencerLengthConfig                 Libraries\STM32F30x_StdPeriph_Driver\src\stm32f30x_adc.o
ADC_RegularChannelConfig                          Libraries\STM32F30x_StdPeriph_Driver\src\stm32f30x_adc.o
ADC_RegularChannelSequencerLengthConfig           Libraries\STM32F30x_StdPeriph_Driver\src\stm32f30x_adc.o
ADC_SelectCalibrationMode                         Libraries\STM32F30x_StdPeriph_Driver\src\stm32f30x_adc.o
ADC_SelectDifferentialMode                        Libraries\STM32F30x_StdPeriph_Driver\src\stm32f30x_adc.o
ADC_SelectExternalTrigger                         Libraries\STM32F30x_StdPeriph_Driver\src\stm32f30x_adc.o
ADC_SelectExternalTriggerInjected                 Libraries\STM32F30x_StdPeriph_Driver\src\stm32f30x_adc.o
ADC_SelectQueueOfContextMode                      Libraries\STM32F30x_StdPeriph_Driver\src\stm32f30x_adc.o
ADC_SetChannelOffset1                             Libraries\STM32F30x_StdPeriph_Driver\src\stm32f30x_adc.o
ADC_SetChannelOffset2                             Libraries\STM32F30x_StdPeriph_Driver\src\stm32f30x_adc.o
ADC_SetChannelOffset3                             Libraries\STM32F30x_StdPeriph_Driver\src\stm32f30x_adc.o
ADC_SetChannelOffset4                             Libraries\STM32F30x_StdPeriph_Driver\src\stm32f30x_adc.o
ADC_StartCalibration                              Libraries\STM32F30x_StdPeriph_Driver\src\stm32f30x_adc.o
ADC_StartConversion                               Libraries\STM32F30x_StdPeriph_Driver\src\stm32f30x_adc.o
ADC_StartInjectedConversion                       Libraries\STM32F30x_StdPeriph_Driver\src\stm32f30x_adc.o
ADC_StopConversion                                Libraries\STM32F30x_StdPeriph_Driver\src\stm32f30x_adc.o
ADC_StopInjectedConversion                        Libraries\STM32F30x_StdPeriph_Driver\src\stm32f30x_adc.o
ADC_StructInit                                    Libraries\STM32F30x_StdPeriph_Driver\src\stm32f30x_adc.o
ADC_TempSensorCmd                                 Libraries\STM32F30x_StdPeriph_Driver\src\stm32f30x_adc.o
ADC_VbatCmd                                       Libraries\STM32F30x_StdPeriph_Driver\src\stm32f30x_adc.o
ADC_VoltageRegulatorCmd                           Libraries\STM32F30x_StdPeriph_Driver\src\stm32f30x_adc.o
ADC_VrefintCmd                                    Libraries\STM32F30x_StdPeriph_Driver\src\stm32f30x_adc.o
AHBPrescTable                                     src\system_stm32f30x.o
BUTTON_CLK                                        STM32F3_Discovery\stm32f3_discovery.o
BUTTON_EXTI_LINE                                  STM32F3_Discovery\stm32f3_discovery.o
BUTTON_IRQn                                       STM32F3_Discovery\stm32f3_discovery.o
BUTTON_PIN                                        STM32F3_Discovery\stm32f3_discovery.o
BUTTON_PIN_SOURCE                                 STM32F3_Discovery\stm32f3_discovery.o
BUTTON_PORT                                       STM32F3_Discovery\stm32f3_discovery.o
BUTTON_PORT_SOURCE                                STM32F3_Discovery\stm32f3_discovery.o
BusFault_Handler                                  src\startup_stm32f30x.o
CAN1_RX1_IRQHandler                               src\startup_stm32f30x.o
CAN1_SCE_IRQHandler                               src\startup_stm32f30x.o
CAN_CancelTransmit                                Libraries\STM32F30x_StdPeriph_Driver\src\stm32f30x_can.o
CAN_ClearFlag                                     Libraries\STM32F30x_StdPeriph_Driver\src\stm32f30x_can.o
CAN_ClearITPendingBit                             Libraries\STM32F30x_StdPeriph_Driver\src\stm32f30x_can.o
CAN_DBGFreeze                                     Libraries\STM32F30x_StdPeriph_Driver\src\stm32f30x_can.o
CAN_DeInit                                        Libraries\STM32F30x_StdPeriph_Driver\src\stm32f30x_can.o
CAN_FIFORelease                                   Libraries\STM32F30x_StdPeriph_Driver\src\stm32f30x_can.o
CAN_FilterInit                                    Libraries\STM32F30x_StdPeriph_Driver\src\stm32f30x_can.o
CAN_GetFlagStatus                                 Libraries\STM32F30x_StdPeriph_Driver\src\stm32f30x_can.o
CAN_GetITStatus                                   Libraries\STM32F30x_StdPeriph_Driver\src\stm32f30x_can.o
CAN_GetLSBTransmitErrorCounter                    Libraries\STM32F30x_StdPeriph_Driver\src\stm32f30x_can.o
CAN_GetLastErrorCode                              Libraries\STM32F30x_StdPeriph_Driver\src\stm32f30x_can.o
CAN_GetReceiveErrorCounter                        Libraries\STM32F30x_StdPeriph_Driver\src\stm32f30x_can.o
CAN_ITConfig                                      Libraries\STM32F30x_StdPeriph_Driver\src\stm32f30x_can.o
CAN_Init                                          Libraries\STM32F30x_StdPeriph_Driver\src\stm32f30x_can.o
CAN_MessagePending                                Libraries\STM32F30x_StdPeriph_Driver\src\stm32f30x_can.o
CAN_OperatingModeRequest                          Libraries\STM32F30x_StdPeriph_Driver\src\stm32f30x_can.o
CAN_Receive                                       Libraries\STM32F30x_StdPeriph_Driver\src\stm32f30x_can.o
CAN_SlaveStartBank                                Libraries\STM32F30x_StdPeriph_Driver\src\stm32f30x_can.o
CAN_Sleep                                         Libraries\STM32F30x_StdPeriph_Driver\src\stm32f30x_can.o
CAN_StructInit                                    Libraries\STM32F30x_StdPeriph_Driver\src\stm32f30x_can.o
CAN_TTComModeCmd                                  Libraries\STM32F30x_StdPeriph_Driver\src\stm32f30x_can.o
CAN_Transmit                                      Libraries\STM32F30x_StdPeriph_Driver\src\stm32f30x_can.o
CAN_TransmitStatus                                Libraries\STM32F30x_StdPeriph_Driver\src\stm32f30x_can.o
CAN_WakeUp                                        Libraries\STM32F30x_StdPeriph_Driver\src\stm32f30x_can.o
COMP1_2_3_IRQHandler                              src\startup_stm32f30x.o
COMP4_5_6_IRQHandler                              src\startup_stm32f30x.o
COMP7_IRQHandler                                  src\startup_stm32f30x.o
COMP_Cmd                                          Libraries\STM32F30x_StdPeriph_Driver\src\stm32f30x_comp.o
COMP_DeInit                                       Libraries\STM32F30x_StdPeriph_Driver\src\stm32f30x_comp.o
COMP_GetOutputLevel                               Libraries\STM32F30x_StdPeriph_Driver\src\stm32f30x_comp.o
COMP_Init                                         Libraries\STM32F30x_StdPeriph_Driver\src\stm32f30x_comp.o
COMP_LockConfig                                   Libraries\STM32F30x_StdPeriph_Driver\src\stm32f30x_comp.o
COMP_StructInit                                   Libraries\STM32F30x_StdPeriph_Driver\src\stm32f30x_comp.o
COMP_SwitchCmd                                    Libraries\STM32F30x_StdPeriph_Driver\src\stm32f30x_comp.o
COMP_WindowCmd                                    Libraries\STM32F30x_StdPeriph_Driver\src\stm32f30x_comp.o
CRC_CalcBlockCRC                                  Libraries\STM32F30x_StdPeriph_Driver\src\stm32f30x_crc.o
CRC_CalcCRC                                       Libraries\STM32F30x_StdPeriph_Driver\src\stm32f30x_crc.o
CRC_CalcCRC16bits                                 Libraries\STM32F30x_StdPeriph_Driver\src\stm32f30x_crc.o
CRC_CalcCRC8bits                                  Libraries\STM32F30x_StdPeriph_Driver\src\stm32f30x_crc.o
CRC_DeInit                                        Libraries\STM32F30x_StdPeriph_Driver\src\stm32f30x_crc.o
CRC_GetCRC                                        Libraries\STM32F30x_StdPeriph_Driver\src\stm32f30x_crc.o
CRC_GetIDRegister                                 Libraries\STM32F30x_StdPeriph_Driver\src\stm32f30x_crc.o
CRC_PolynomialSizeSelect                          Libraries\STM32F30x_StdPeriph_Driver\src\stm32f30x_crc.o
CRC_ResetDR                                       Libraries\STM32F30x_StdPeriph_Driver\src\stm32f30x_crc.o
CRC_ReverseInputDataSelect                        Libraries\STM32F30x_StdPeriph_Driver\src\stm32f30x_crc.o
CRC_ReverseOutputDataCmd                          Libraries\STM32F30x_StdPeriph_Driver\src\stm32f30x_crc.o
CRC_SetIDRegister                                 Libraries\STM32F30x_StdPeriph_Driver\src\stm32f30x_crc.o
CRC_SetInitRegister                               Libraries\STM32F30x_StdPeriph_Driver\src\stm32f30x_crc.o
CRC_SetPolynomial                                 Libraries\STM32F30x_StdPeriph_Driver\src\stm32f30x_crc.o
DAC_ClearFlag                                     Libraries\STM32F30x_StdPeriph_Driver\src\stm32f30x_dac.o
DAC_ClearITPendingBit                             Libraries\STM32F30x_StdPeriph_Driver\src\stm32f30x_dac.o
DAC_Cmd                                           Libraries\STM32F30x_StdPeriph_Driver\src\stm32f30x_dac.o
DAC_DMACmd                                        Libraries\STM32F30x_StdPeriph_Driver\src\stm32f30x_dac.o
DAC_DeInit                                        Libraries\STM32F30x_StdPeriph_Driver\src\stm32f30x_dac.o
DAC_DualSoftwareTriggerCmd                        Libraries\STM32F30x_StdPeriph_Driver\src\stm32f30x_dac.o
DAC_GetDataOutputValue                            Libraries\STM32F30x_StdPeriph_Driver\src\stm32f30x_dac.o
DAC_GetFlagStatus                                 Libraries\STM32F30x_StdPeriph_Driver\src\stm32f30x_dac.o
DAC_GetITStatus                                   Libraries\STM32F30x_StdPeriph_Driver\src\stm32f30x_dac.o
DAC_ITConfig                                      Libraries\STM32F30x_StdPeriph_Driver\src\stm32f30x_dac.o
DAC_Init                                          Libraries\STM32F30x_StdPeriph_Driver\src\stm32f30x_dac.o
DAC_SetChannel1Data                               Libraries\STM32F30x_StdPeriph_Driver\src\stm32f30x_dac.o
DAC_SetChannel2Data                               Libraries\STM32F30x_StdPeriph_Driver\src\stm32f30x_dac.o
DAC_SetDualChannelData                            Libraries\STM32F30x_StdPeriph_Driver\src\stm32f30x_dac.o
DAC_SoftwareTriggerCmd                            Libraries\STM32F30x_StdPeriph_Driver\src\stm32f30x_dac.o
DAC_StructInit                                    Libraries\STM32F30x_StdPeriph_Driver\src\stm32f30x_dac.o
DAC_WaveGenerationCmd                             Libraries\STM32F30x_StdPeriph_Driver\src\stm32f30x_dac.o
DBGMCU_APB1PeriphConfig                           Libraries\STM32F30x_StdPeriph_Driver\src\stm32f30x_dbgmcu.o
DBGMCU_APB2PeriphConfig                           Libraries\STM32F30x_StdPeriph_Driver\src\stm32f30x_dbgmcu.o
DBGMCU_Config                                     Libraries\STM32F30x_StdPeriph_Driver\src\stm32f30x_dbgmcu.o
DBGMCU_GetDEVID                                   Libraries\STM32F30x_StdPeriph_Driver\src\stm32f30x_dbgmcu.o
DBGMCU_GetREVID                                   Libraries\STM32F30x_StdPeriph_Driver\src\stm32f30x_dbgmcu.o
DMA1_Channel1_IRQHandler                          src\startup_stm32f30x.o
DMA1_Channel2_IRQHandler                          src\startup_stm32f30x.o
DMA1_Channel3_IRQHandler                          src\startup_stm32f30x.o
DMA1_Channel4_IRQHandler                          src\startup_stm32f30x.o
DMA1_Channel5_IRQHandler                          src\startup_stm32f30x.o
DMA1_Channel6_IRQHandler                          src\startup_stm32f30x.o
DMA1_Channel7_IRQHandler                          src\startup_stm32f30x.o
DMA2_Channel1_IRQHandler                          src\startup_stm32f30x.o
DMA2_Channel2_IRQHandler                          src\startup_stm32f30x.o
DMA2_Channel3_IRQHandler                          src\startup_stm32f30x.o
DMA2_Channel4_IRQHandler                          src\startup_stm32f30x.o
DMA2_Channel5_IRQHandler                          src\startup_stm32f30x.o
DMA_ClearFlag                                     Libraries\STM32F30x_StdPeriph_Driver\src\stm32f30x_dma.o
DMA_ClearITPendingBit                             Libraries\STM32F30x_StdPeriph_Driver\src\stm32f30x_dma.o
DMA_Cmd                                           Libraries\STM32F30x_StdPeriph_Driver\src\stm32f30x_dma.o
DMA_DeInit                                        Libraries\STM32F30x_StdPeriph_Driver\src\stm32f30x_dma.o
DMA_GetCurrDataCounter                            Libraries\STM32F30x_StdPeriph_Driver\src\stm32f30x_dma.o
DMA_GetFlagStatus                                 Libraries\STM32F30x_StdPeriph_Driver\src\stm32f30x_dma.o
DMA_GetITStatus                                   Libraries\STM32F30x_StdPeriph_Driver\src\stm32f30x_dma.o
DMA_ITConfig                                      Libraries\STM32F30x_StdPeriph_Driver\src\stm32f30x_dma.o
DMA_Init                                          Libraries\STM32F30x_StdPeriph_Driver\src\stm32f30x_dma.o
DMA_SetCurrDataCounter                            Libraries\STM32F30x_StdPeriph_Driver\src\stm32f30x_dma.o
DMA_StructInit                                    Libraries\STM32F30x_StdPeriph_Driver\src\stm32f30x_dma.o
DebugMon_Handler                                  src\startup_stm32f30x.o
Default_Handler                                   src\startup_stm32f30x.o
EXTI0_IRQHandler                                  src\startup_stm32f30x.o
EXTI15_10_IRQHandler                              src\startup_stm32f30x.o
EXTI1_IRQHandler                                  src\startup_stm32f30x.o
EXTI2_TS_IRQHandler                               src\startup_stm32f30x.o
EXTI3_IRQHandler                                  src\startup_stm32f30x.o
EXTI4_IRQHandler                                  src\startup_stm32f30x.o
EXTI9_5_IRQHandler                                src\startup_stm32f30x.o
EXTI_ClearFlag                                    Libraries\STM32F30x_StdPeriph_Driver\src\stm32f30x_exti.o
EXTI_ClearITPendingBit                            Libraries\STM32F30x_StdPeriph_Driver\src\stm32f30x_exti.o
EXTI_DeInit                                       Libraries\STM32F30x_StdPeriph_Driver\src\stm32f30x_exti.o
EXTI_GenerateSWInterrupt                          Libraries\STM32F30x_StdPeriph_Driver\src\stm32f30x_exti.o
EXTI_GetFlagStatus                                Libraries\STM32F30x_StdPeriph_Driver\src\stm32f30x_exti.o
EXTI_GetITStatus                                  Libraries\STM32F30x_StdPeriph_Driver\src\stm32f30x_exti.o
EXTI_Init                                         Libraries\STM32F30x_StdPeriph_Driver\src\stm32f30x_exti.o
                                                  STM32F3_Discovery\stm32f3_discovery_lsm303dlhc.o
                                                  STM32F3_Discovery\stm32f3_discovery.o
EXTI_StructInit                                   Libraries\STM32F30x_StdPeriph_Driver\src\stm32f30x_exti.o
FLASH_ClearFlag                                   Libraries\STM32F30x_StdPeriph_Driver\src\stm32f30x_flash.o
FLASH_EraseAllPages                               Libraries\STM32F30x_StdPeriph_Driver\src\stm32f30x_flash.o
FLASH_ErasePage                                   Libraries\STM32F30x_StdPeriph_Driver\src\stm32f30x_flash.o
FLASH_GetFlagStatus                               Libraries\STM32F30x_StdPeriph_Driver\src\stm32f30x_flash.o
FLASH_GetStatus                                   Libraries\STM32F30x_StdPeriph_Driver\src\stm32f30x_flash.o
FLASH_HalfCycleAccessCmd                          Libraries\STM32F30x_StdPeriph_Driver\src\stm32f30x_flash.o
FLASH_IRQHandler                                  src\startup_stm32f30x.o
FLASH_ITConfig                                    Libraries\STM32F30x_StdPeriph_Driver\src\stm32f30x_flash.o
FLASH_Lock                                        Libraries\STM32F30x_StdPeriph_Driver\src\stm32f30x_flash.o
FLASH_OB_BOOTConfig                               Libraries\STM32F30x_StdPeriph_Driver\src\stm32f30x_flash.o
FLASH_OB_EnableWRP                                Libraries\STM32F30x_StdPeriph_Driver\src\stm32f30x_flash.o
FLASH_OB_Erase                                    Libraries\STM32F30x_StdPeriph_Driver\src\stm32f30x_flash.o
FLASH_OB_GetRDP                                   Libraries\STM32F30x_StdPeriph_Driver\src\stm32f30x_flash.o
FLASH_OB_GetUser                                  Libraries\STM32F30x_StdPeriph_Driver\src\stm32f30x_flash.o
FLASH_OB_GetWRP                                   Libraries\STM32F30x_StdPeriph_Driver\src\stm32f30x_flash.o
FLASH_OB_Launch                                   Libraries\STM32F30x_StdPeriph_Driver\src\stm32f30x_flash.o
FLASH_OB_Lock                                     Libraries\STM32F30x_StdPeriph_Driver\src\stm32f30x_flash.o
FLASH_OB_RDPConfig                                Libraries\STM32F30x_StdPeriph_Driver\src\stm32f30x_flash.o
FLASH_OB_SRAMParityConfig                         Libraries\STM32F30x_StdPeriph_Driver\src\stm32f30x_flash.o
FLASH_OB_Unlock                                   Libraries\STM32F30x_StdPeriph_Driver\src\stm32f30x_flash.o
FLASH_OB_UserConfig                               Libraries\STM32F30x_StdPeriph_Driver\src\stm32f30x_flash.o
FLASH_OB_VDDAConfig                               Libraries\STM32F30x_StdPeriph_Driver\src\stm32f30x_flash.o
FLASH_OB_WriteUser                                Libraries\STM32F30x_StdPeriph_Driver\src\stm32f30x_flash.o
FLASH_PrefetchBufferCmd                           Libraries\STM32F30x_StdPeriph_Driver\src\stm32f30x_flash.o
FLASH_ProgramHalfWord                             Libraries\STM32F30x_StdPeriph_Driver\src\stm32f30x_flash.o
FLASH_ProgramOptionByteData                       Libraries\STM32F30x_StdPeriph_Driver\src\stm32f30x_flash.o
FLASH_ProgramWord                                 Libraries\STM32F30x_StdPeriph_Driver\src\stm32f30x_flash.o
FLASH_SetLatency                                  Libraries\STM32F30x_StdPeriph_Driver\src\stm32f30x_flash.o
FLASH_Unlock                                      Libraries\STM32F30x_StdPeriph_Driver\src\stm32f30x_flash.o
FLASH_WaitForLastOperation                        Libraries\STM32F30x_StdPeriph_Driver\src\stm32f30x_flash.o
FPU_IRQHandler                                    src\startup_stm32f30x.o
GPIO_CLK                                          STM32F3_Discovery\stm32f3_discovery.o
GPIO_DeInit                                       Libraries\STM32F30x_StdPeriph_Driver\src\stm32f30x_gpio.o
GPIO_Init                                         Libraries\STM32F30x_StdPeriph_Driver\src\stm32f30x_gpio.o
                                                  STM32F3_Discovery\stm32f3_discovery_lsm303dlhc.o
                                                  STM32F3_Discovery\stm32f3_discovery_l3gd20.o
                                                  STM32F3_Discovery\stm32f3_discovery.o
GPIO_PIN                                          STM32F3_Discovery\stm32f3_discovery.o
GPIO_PORT                                         STM32F3_Discovery\stm32f3_discovery.o
GPIO_PinAFConfig                                  Libraries\STM32F30x_StdPeriph_Driver\src\stm32f30x_gpio.o
                                                  STM32F3_Discovery\stm32f3_discovery_lsm303dlhc.o
                                                  STM32F3_Discovery\stm32f3_discovery_l3gd20.o
GPIO_PinLockConfig                                Libraries\STM32F30x_StdPeriph_Driver\src\stm32f30x_gpio.o
GPIO_ReadInputData                                Libraries\STM32F30x_StdPeriph_Driver\src\stm32f30x_gpio.o
GPIO_ReadInputDataBit                             Libraries\STM32F30x_StdPeriph_Driver\src\stm32f30x_gpio.o
                                                  STM32F3_Discovery\stm32f3_discovery.o
GPIO_ReadOutputData                               Libraries\STM32F30x_StdPeriph_Driver\src\stm32f30x_gpio.o
GPIO_ReadOutputDataBit                            Libraries\STM32F30x_StdPeriph_Driver\src\stm32f30x_gpio.o
GPIO_ResetBits                                    Libraries\STM32F30x_StdPeriph_Driver\src\stm32f30x_gpio.o
                                                  STM32F3_Discovery\stm32f3_discovery_l3gd20.o
GPIO_SetBits                                      Libraries\STM32F30x_StdPeriph_Driver\src\stm32f30x_gpio.o
                                                  STM32F3_Discovery\stm32f3_discovery_l3gd20.o
GPIO_StructInit                                   Libraries\STM32F30x_StdPeriph_Driver\src\stm32f30x_gpio.o
GPIO_Write                                        Libraries\STM32F30x_StdPeriph_Driver\src\stm32f30x_gpio.o
GPIO_WriteBit                                     Libraries\STM32F30x_StdPeriph_Driver\src\stm32f30x_gpio.o
HardFault_Handler                                 src\startup_stm32f30x.o
I2C1_ER_IRQHandler                                src\startup_stm32f30x.o
I2C1_EV_IRQHandler                                src\startup_stm32f30x.o
I2C2_ER_IRQHandler                                src\startup_stm32f30x.o
I2C2_EV_IRQHandler                                src\startup_stm32f30x.o
I2C_10BitAddressHeaderCmd                         Libraries\STM32F30x_StdPeriph_Driver\src\stm32f30x_i2c.o
I2C_10BitAddressingModeCmd                        Libraries\STM32F30x_StdPeriph_Driver\src\stm32f30x_i2c.o
I2C_AcknowledgeConfig                             Libraries\STM32F30x_StdPeriph_Driver\src\stm32f30x_i2c.o
I2C_AutoEndCmd                                    Libraries\STM32F30x_StdPeriph_Driver\src\stm32f30x_i2c.o
I2C_CalculatePEC                                  Libraries\STM32F30x_StdPeriph_Driver\src\stm32f30x_i2c.o
I2C_ClearFlag                                     Libraries\STM32F30x_StdPeriph_Driver\src\stm32f30x_i2c.o
                                                  STM32F3_Discovery\stm32f3_discovery_lsm303dlhc.o
I2C_ClearITPendingBit                             Libraries\STM32F30x_StdPeriph_Driver\src\stm32f30x_i2c.o
I2C_ClockTimeoutCmd                               Libraries\STM32F30x_StdPeriph_Driver\src\stm32f30x_i2c.o
I2C_Cmd                                           Libraries\STM32F30x_StdPeriph_Driver\src\stm32f30x_i2c.o
                                                  STM32F3_Discovery\stm32f3_discovery_lsm303dlhc.o
I2C_DMACmd                                        Libraries\STM32F30x_StdPeriph_Driver\src\stm32f30x_i2c.o
I2C_DeInit                                        Libraries\STM32F30x_StdPeriph_Driver\src\stm32f30x_i2c.o
I2C_DualAddressCmd                                Libraries\STM32F30x_StdPeriph_Driver\src\stm32f30x_i2c.o
I2C_ExtendedClockTimeoutCmd                       Libraries\STM32F30x_StdPeriph_Driver\src\stm32f30x_i2c.o
I2C_GeneralCallCmd                                Libraries\STM32F30x_StdPeriph_Driver\src\stm32f30x_i2c.o
I2C_GenerateSTART                                 Libraries\STM32F30x_StdPeriph_Driver\src\stm32f30x_i2c.o
I2C_GenerateSTOP                                  Libraries\STM32F30x_StdPeriph_Driver\src\stm32f30x_i2c.o
I2C_GetAddressMatched                             Libraries\STM32F30x_StdPeriph_Driver\src\stm32f30x_i2c.o
I2C_GetFlagStatus                                 Libraries\STM32F30x_StdPeriph_Driver\src\stm32f30x_i2c.o
                                                  STM32F3_Discovery\stm32f3_discovery_lsm303dlhc.o
I2C_GetITStatus                                   Libraries\STM32F30x_StdPeriph_Driver\src\stm32f30x_i2c.o
I2C_GetPEC                                        Libraries\STM32F30x_StdPeriph_Driver\src\stm32f30x_i2c.o
I2C_GetTransferDirection                          Libraries\STM32F30x_StdPeriph_Driver\src\stm32f30x_i2c.o
I2C_ITConfig                                      Libraries\STM32F30x_StdPeriph_Driver\src\stm32f30x_i2c.o
I2C_IdleClockTimeoutCmd                           Libraries\STM32F30x_StdPeriph_Driver\src\stm32f30x_i2c.o
I2C_Init                                          Libraries\STM32F30x_StdPeriph_Driver\src\stm32f30x_i2c.o
                                                  STM32F3_Discovery\stm32f3_discovery_lsm303dlhc.o
I2C_MasterRequestConfig                           Libraries\STM32F30x_StdPeriph_Driver\src\stm32f30x_i2c.o
I2C_NumberOfBytesConfig                           Libraries\STM32F30x_StdPeriph_Driver\src\stm32f30x_i2c.o
I2C_OwnAddress2Config                             Libraries\STM32F30x_StdPeriph_Driver\src\stm32f30x_i2c.o
I2C_PECRequestCmd                                 Libraries\STM32F30x_StdPeriph_Driver\src\stm32f30x_i2c.o
I2C_ReadRegister                                  Libraries\STM32F30x_StdPeriph_Driver\src\stm32f30x_i2c.o
I2C_ReceiveData                                   Libraries\STM32F30x_StdPeriph_Driver\src\stm32f30x_i2c.o
                                                  STM32F3_Discovery\stm32f3_discovery_lsm303dlhc.o
I2C_ReloadCmd                                     Libraries\STM32F30x_StdPeriph_Driver\src\stm32f30x_i2c.o
I2C_SMBusAlertCmd                                 Libraries\STM32F30x_StdPeriph_Driver\src\stm32f30x_i2c.o
I2C_SendData                                      Libraries\STM32F30x_StdPeriph_Driver\src\stm32f30x_i2c.o
                                                  STM32F3_Discovery\stm32f3_discovery_lsm303dlhc.o
I2C_SlaveAddressConfig                            Libraries\STM32F30x_StdPeriph_Driver\src\stm32f30x_i2c.o
I2C_SlaveByteControlCmd                           Libraries\STM32F30x_StdPeriph_Driver\src\stm32f30x_i2c.o
I2C_SoftwareResetCmd                              Libraries\STM32F30x_StdPeriph_Driver\src\stm32f30x_i2c.o
I2C_StopModeCmd                                   Libraries\STM32F30x_StdPeriph_Driver\src\stm32f30x_i2c.o
I2C_StretchClockCmd                               Libraries\STM32F30x_StdPeriph_Driver\src\stm32f30x_i2c.o
I2C_StructInit                                    Libraries\STM32F30x_StdPeriph_Driver\src\stm32f30x_i2c.o
I2C_TimeoutAConfig                                Libraries\STM32F30x_StdPeriph_Driver\src\stm32f30x_i2c.o
I2C_TimeoutBConfig                                Libraries\STM32F30x_StdPeriph_Driver\src\stm32f30x_i2c.o
I2C_TransferHandling                              Libraries\STM32F30x_StdPeriph_Driver\src\stm32f30x_i2c.o
                                                  STM32F3_Discovery\stm32f3_discovery_lsm303dlhc.o
I2S_Cmd                                           Libraries\STM32F30x_StdPeriph_Driver\src\stm32f30x_spi.o
I2S_FullDuplexConfig                              Libraries\STM32F30x_StdPeriph_Driver\src\stm32f30x_spi.o
I2S_Init                                          Libraries\STM32F30x_StdPeriph_Driver\src\stm32f30x_spi.o
I2S_StructInit                                    Libraries\STM32F30x_StdPeriph_Driver\src\stm32f30x_spi.o
IWDG_Enable                                       Libraries\STM32F30x_StdPeriph_Driver\src\stm32f30x_iwdg.o
IWDG_GetFlagStatus                                Libraries\STM32F30x_StdPeriph_Driver\src\stm32f30x_iwdg.o
IWDG_ReloadCounter                                Libraries\STM32F30x_StdPeriph_Driver\src\stm32f30x_iwdg.o
IWDG_SetPrescaler                                 Libraries\STM32F30x_StdPeriph_Driver\src\stm32f30x_iwdg.o
IWDG_SetReload                                    Libraries\STM32F30x_StdPeriph_Driver\src\stm32f30x_iwdg.o
IWDG_SetWindowValue                               Libraries\STM32F30x_StdPeriph_Driver\src\stm32f30x_iwdg.o
IWDG_WriteAccessCmd                               Libraries\STM32F30x_StdPeriph_Driver\src\stm32f30x_iwdg.o
L3GD20Timeout                                     STM32F3_Discovery\stm32f3_discovery_l3gd20.o
L3GD20_FilterCmd                                  STM32F3_Discovery\stm32f3_discovery_l3gd20.o
L3GD20_FilterConfig                               STM32F3_Discovery\stm32f3_discovery_l3gd20.o
L3GD20_GetDataStatus                              STM32F3_Discovery\stm32f3_discovery_l3gd20.o
L3GD20_INT1InterruptCmd                           STM32F3_Discovery\stm32f3_discovery_l3gd20.o
L3GD20_INT1InterruptConfig                        STM32F3_Discovery\stm32f3_discovery_l3gd20.o
L3GD20_INT2InterruptCmd                           STM32F3_Discovery\stm32f3_discovery_l3gd20.o
L3GD20_Init                                       STM32F3_Discovery\stm32f3_discovery_l3gd20.o
L3GD20_Read                                       STM32F3_Discovery\stm32f3_discovery_l3gd20.o
L3GD20_RebootCmd                                  STM32F3_Discovery\stm32f3_discovery_l3gd20.o
L3GD20_TIMEOUT_UserCallback                       STM32F3_Discovery\stm32f3_discovery_l3gd20.o
L3GD20_Write                                      STM32F3_Discovery\stm32f3_discovery_l3gd20.o
LSM303DLHC_AccClickITConfig                       STM32F3_Discovery\stm32f3_discovery_lsm303dlhc.o
LSM303DLHC_AccFilterClickCmd                      STM32F3_Discovery\stm32f3_discovery_lsm303dlhc.o
LSM303DLHC_AccFilterCmd                           STM32F3_Discovery\stm32f3_discovery_lsm303dlhc.o
LSM303DLHC_AccFilterConfig                        STM32F3_Discovery\stm32f3_discovery_lsm303dlhc.o
LSM303DLHC_AccGetDataStatus                       STM32F3_Discovery\stm32f3_discovery_lsm303dlhc.o
LSM303DLHC_AccINT1InterruptConfig                 STM32F3_Discovery\stm32f3_discovery_lsm303dlhc.o
LSM303DLHC_AccINT2InterruptConfig                 STM32F3_Discovery\stm32f3_discovery_lsm303dlhc.o
LSM303DLHC_AccIT1Config                           STM32F3_Discovery\stm32f3_discovery_lsm303dlhc.o
LSM303DLHC_AccIT2Config                           STM32F3_Discovery\stm32f3_discovery_lsm303dlhc.o
LSM303DLHC_AccInit                                STM32F3_Discovery\stm32f3_discovery_lsm303dlhc.o
LSM303DLHC_AccRebootCmd                           STM32F3_Discovery\stm32f3_discovery_lsm303dlhc.o
LSM303DLHC_MagGetDataStatus                       STM32F3_Discovery\stm32f3_discovery_lsm303dlhc.o
LSM303DLHC_MagInit                                STM32F3_Discovery\stm32f3_discovery_lsm303dlhc.o
LSM303DLHC_Read                                   STM32F3_Discovery\stm32f3_discovery_lsm303dlhc.o
LSM303DLHC_TIMEOUT_UserCallback                   STM32F3_Discovery\stm32f3_discovery_lsm303dlhc.o
LSM303DLHC_Timeout                                STM32F3_Discovery\stm32f3_discovery_lsm303dlhc.o
LSM303DLHC_Write                                  STM32F3_Discovery\stm32f3_discovery_lsm303dlhc.o
MemManage_Handler                                 src\startup_stm32f30x.o
NMI_Handler                                       src\startup_stm32f30x.o
NVIC_Init                                         Libraries\STM32F30x_StdPeriph_Driver\src\stm32f30x_misc.o
                                                  STM32F3_Discovery\stm32f3_discovery.o
NVIC_InitStructure                                STM32F3_Discovery\stm32f3_discovery.o
NVIC_PriorityGroupConfig                          Libraries\STM32F30x_StdPeriph_Driver\src\stm32f30x_misc.o
NVIC_SetVectorTable                               Libraries\STM32F30x_StdPeriph_Driver\src\stm32f30x_misc.o
NVIC_SystemLPConfig                               Libraries\STM32F30x_StdPeriph_Driver\src\stm32f30x_misc.o
OPAMP_Cmd                                         Libraries\STM32F30x_StdPeriph_Driver\src\stm32f30x_opamp.o
OPAMP_DeInit                                      Libraries\STM32F30x_StdPeriph_Driver\src\stm32f30x_opamp.o
OPAMP_GetOutputLevel                              Libraries\STM32F30x_StdPeriph_Driver\src\stm32f30x_opamp.o
OPAMP_Init                                        Libraries\STM32F30x_StdPeriph_Driver\src\stm32f30x_opamp.o
OPAMP_LockConfig                                  Libraries\STM32F30x_StdPeriph_Driver\src\stm32f30x_opamp.o
OPAMP_OffsetTrimConfig                            Libraries\STM32F30x_StdPeriph_Driver\src\stm32f30x_opamp.o
OPAMP_OffsetTrimModeSelect                        Libraries\STM32F30x_StdPeriph_Driver\src\stm32f30x_opamp.o
OPAMP_PGAConfig                                   Libraries\STM32F30x_StdPeriph_Driver\src\stm32f30x_opamp.o
OPAMP_StartCalibration                            Libraries\STM32F30x_StdPeriph_Driver\src\stm32f30x_opamp.o
OPAMP_StructInit                                  Libraries\STM32F30x_StdPeriph_Driver\src\stm32f30x_opamp.o
OPAMP_TimerControlledMuxCmd                       Libraries\STM32F30x_StdPeriph_Driver\src\stm32f30x_opamp.o
OPAMP_TimerControlledMuxConfig                    Libraries\STM32F30x_StdPeriph_Driver\src\stm32f30x_opamp.o
OPAMP_VrefConfig                                  Libraries\STM32F30x_StdPeriph_Driver\src\stm32f30x_opamp.o
OPAMP_VrefConnectADCCmd                           Libraries\STM32F30x_StdPeriph_Driver\src\stm32f30x_opamp.o
OPAMP_VrefConnectNonInvertingInput                Libraries\STM32F30x_StdPeriph_Driver\src\stm32f30x_opamp.o
PVD_IRQHandler                                    src\startup_stm32f30x.o
PWR_BackupAccessCmd                               Libraries\STM32F30x_StdPeriph_Driver\src\stm32f30x_pwr.o
PWR_ClearFlag                                     Libraries\STM32F30x_StdPeriph_Driver\src\stm32f30x_pwr.o
PWR_DeInit                                        Libraries\STM32F30x_StdPeriph_Driver\src\stm32f30x_pwr.o
PWR_EnterSTANDBYMode                              Libraries\STM32F30x_StdPeriph_Driver\src\stm32f30x_pwr.o
PWR_EnterSTOPMode                                 Libraries\STM32F30x_StdPeriph_Driver\src\stm32f30x_pwr.o
PWR_EnterSleepMode                                Libraries\STM32F30x_StdPeriph_Driver\src\stm32f30x_pwr.o
PWR_GetFlagStatus                                 Libraries\STM32F30x_StdPeriph_Driver\src\stm32f30x_pwr.o
PWR_PVDCmd                                        Libraries\STM32F30x_StdPeriph_Driver\src\stm32f30x_pwr.o
PWR_PVDLevelConfig                                Libraries\STM32F30x_StdPeriph_Driver\src\stm32f30x_pwr.o
PWR_WakeUpPinCmd                                  Libraries\STM32F30x_StdPeriph_Driver\src\stm32f30x_pwr.o
PendSV_Handler                                    FreeRTOS_Source\portable\GCC\ARM_CM4F\port.o
RCC_ADCCLKConfig                                  Libraries\STM32F30x_StdPeriph_Driver\src\stm32f30x_rcc.o
RCC_AHBPeriphClockCmd                             Libraries\STM32F30x_StdPeriph_Driver\src\stm32f30x_rcc.o
                                                  STM32F3_Discovery\stm32f3_discovery_lsm303dlhc.o
                                                  STM32F3_Discovery\stm32f3_discovery_l3gd20.o
                                                  STM32F3_Discovery\stm32f3_discovery.o
RCC_AHBPeriphResetCmd                             Libraries\STM32F30x_StdPeriph_Driver\src\stm32f30x_rcc.o
                                                  Libraries\STM32F30x_StdPeriph_Driver\src\stm32f30x_gpio.o
                                                  Libraries\STM32F30x_StdPeriph_Driver\src\stm32f30x_adc.o
RCC_APB1PeriphClockCmd                            Libraries\STM32F30x_StdPeriph_Driver\src\stm32f30x_rcc.o
                                                  STM32F3_Discovery\stm32f3_discovery_lsm303dlhc.o
RCC_APB1PeriphResetCmd                            Libraries\STM32F30x_StdPeriph_Driver\src\stm32f30x_rcc.o
                                                  Libraries\STM32F30x_StdPeriph_Driver\src\stm32f30x_wwdg.o
                                                  Libraries\STM32F30x_StdPeriph_Driver\src\stm32f30x_usart.o
                                                  Libraries\STM32F30x_StdPeriph_Driver\src\stm32f30x_tim.o
                                                  Libraries\STM32F30x_StdPeriph_Driver\src\stm32f30x_spi.o
                                                  Libraries\STM32F30x_StdPeriph_Driver\src\stm32f30x_pwr.o
                                                  Libraries\STM32F30x_StdPeriph_Driver\src\stm32f30x_i2c.o
                                                  Libraries\STM32F30x_StdPeriph_Driver\src\stm32f30x_dac.o
                                                  Libraries\STM32F30x_StdPeriph_Driver\src\stm32f30x_can.o
RCC_APB2PeriphClockCmd                            Libraries\STM32F30x_StdPeriph_Driver\src\stm32f30x_rcc.o
                                                  STM32F3_Discovery\stm32f3_discovery_l3gd20.o
                                                  STM32F3_Discovery\stm32f3_discovery.o
RCC_APB2PeriphResetCmd                            Libraries\STM32F30x_StdPeriph_Driver\src\stm32f30x_rcc.o
                                                  Libraries\STM32F30x_StdPeriph_Driver\src\stm32f30x_usart.o
                                                  Libraries\STM32F30x_StdPeriph_Driver\src\stm32f30x_tim.o
                                                  Libraries\STM32F30x_StdPeriph_Driver\src\stm32f30x_spi.o
RCC_AdjustHSICalibrationValue                     Libraries\STM32F30x_StdPeriph_Driver\src\stm32f30x_rcc.o
RCC_BackupResetCmd                                Libraries\STM32F30x_StdPeriph_Driver\src\stm32f30x_rcc.o
RCC_ClearFlag                                     Libraries\STM32F30x_StdPeriph_Driver\src\stm32f30x_rcc.o
RCC_ClearITPendingBit                             Libraries\STM32F30x_StdPeriph_Driver\src\stm32f30x_rcc.o
RCC_ClockSecuritySystemCmd                        Libraries\STM32F30x_StdPeriph_Driver\src\stm32f30x_rcc.o
RCC_DeInit                                        Libraries\STM32F30x_StdPeriph_Driver\src\stm32f30x_rcc.o
RCC_GetClocksFreq                                 Libraries\STM32F30x_StdPeriph_Driver\src\stm32f30x_rcc.o
                                                  Libraries\STM32F30x_StdPeriph_Driver\src\stm32f30x_usart.o
                                                  Libraries\STM32F30x_StdPeriph_Driver\src\stm32f30x_spi.o
RCC_GetFlagStatus                                 Libraries\STM32F30x_StdPeriph_Driver\src\stm32f30x_rcc.o
RCC_GetITStatus                                   Libraries\STM32F30x_StdPeriph_Driver\src\stm32f30x_rcc.o
RCC_GetSYSCLKSource                               Libraries\STM32F30x_StdPeriph_Driver\src\stm32f30x_rcc.o
RCC_HCLKConfig                                    Libraries\STM32F30x_StdPeriph_Driver\src\stm32f30x_rcc.o
RCC_HSEConfig                                     Libraries\STM32F30x_StdPeriph_Driver\src\stm32f30x_rcc.o
RCC_HSICmd                                        Libraries\STM32F30x_StdPeriph_Driver\src\stm32f30x_rcc.o
RCC_I2CCLKConfig                                  Libraries\STM32F30x_StdPeriph_Driver\src\stm32f30x_rcc.o
RCC_I2SCLKConfig                                  Libraries\STM32F30x_StdPeriph_Driver\src\stm32f30x_rcc.o
RCC_IRQHandler                                    src\startup_stm32f30x.o
RCC_ITConfig                                      Libraries\STM32F30x_StdPeriph_Driver\src\stm32f30x_rcc.o
RCC_LSEConfig                                     Libraries\STM32F30x_StdPeriph_Driver\src\stm32f30x_rcc.o
RCC_LSEDriveConfig                                Libraries\STM32F30x_StdPeriph_Driver\src\stm32f30x_rcc.o
RCC_LSICmd                                        Libraries\STM32F30x_StdPeriph_Driver\src\stm32f30x_rcc.o
RCC_MCOConfig                                     Libraries\STM32F30x_StdPeriph_Driver\src\stm32f30x_rcc.o
RCC_PCLK1Config                                   Libraries\STM32F30x_StdPeriph_Driver\src\stm32f30x_rcc.o
RCC_PCLK2Config                                   Libraries\STM32F30x_StdPeriph_Driver\src\stm32f30x_rcc.o
RCC_PLLCmd                                        Libraries\STM32F30x_StdPeriph_Driver\src\stm32f30x_rcc.o
RCC_PLLConfig                                     Libraries\STM32F30x_StdPeriph_Driver\src\stm32f30x_rcc.o
RCC_PREDIV1Config                                 Libraries\STM32F30x_StdPeriph_Driver\src\stm32f30x_rcc.o
RCC_RTCCLKCmd                                     Libraries\STM32F30x_StdPeriph_Driver\src\stm32f30x_rcc.o
RCC_RTCCLKConfig                                  Libraries\STM32F30x_StdPeriph_Driver\src\stm32f30x_rcc.o
RCC_SYSCLKConfig                                  Libraries\STM32F30x_StdPeriph_Driver\src\stm32f30x_rcc.o
RCC_TIMCLKConfig                                  Libraries\STM32F30x_StdPeriph_Driver\src\stm32f30x_rcc.o
RCC_USARTCLKConfig                                Libraries\STM32F30x_StdPeriph_Driver\src\stm32f30x_rcc.o
RCC_USBCLKConfig                                  Libraries\STM32F30x_StdPeriph_Driver\src\stm32f30x_rcc.o
RCC_WaitForHSEStartUp                             Libraries\STM32F30x_StdPeriph_Driver\src\stm32f30x_rcc.o
RTC_AlarmCmd                                      Libraries\STM32F30x_StdPeriph_Driver\src\stm32f30x_rtc.o
RTC_AlarmStructInit                               Libraries\STM32F30x_StdPeriph_Driver\src\stm32f30x_rtc.o
RTC_AlarmSubSecondConfig                          Libraries\STM32F30x_StdPeriph_Driver\src\stm32f30x_rtc.o
RTC_Alarm_IRQHandler                              src\startup_stm32f30x.o
RTC_BypassShadowCmd                               Libraries\STM32F30x_StdPeriph_Driver\src\stm32f30x_rtc.o
RTC_CalibOutputCmd                                Libraries\STM32F30x_StdPeriph_Driver\src\stm32f30x_rtc.o
RTC_CalibOutputConfig                             Libraries\STM32F30x_StdPeriph_Driver\src\stm32f30x_rtc.o
RTC_ClearFlag                                     Libraries\STM32F30x_StdPeriph_Driver\src\stm32f30x_rtc.o
RTC_ClearITPendingBit                             Libraries\STM32F30x_StdPeriph_Driver\src\stm32f30x_rtc.o
RTC_DateStructInit                                Libraries\STM32F30x_StdPeriph_Driver\src\stm32f30x_rtc.o
RTC_DayLightSavingConfig                          Libraries\STM32F30x_StdPeriph_Driver\src\stm32f30x_rtc.o
RTC_DeInit                                        Libraries\STM32F30x_StdPeriph_Driver\src\stm32f30x_rtc.o
RTC_EnterInitMode                                 Libraries\STM32F30x_StdPeriph_Driver\src\stm32f30x_rtc.o
RTC_ExitInitMode                                  Libraries\STM32F30x_StdPeriph_Driver\src\stm32f30x_rtc.o
RTC_GetAlarm                                      Libraries\STM32F30x_StdPeriph_Driver\src\stm32f30x_rtc.o
RTC_GetAlarmSubSecond                             Libraries\STM32F30x_StdPeriph_Driver\src\stm32f30x_rtc.o
RTC_GetDate                                       Libraries\STM32F30x_StdPeriph_Driver\src\stm32f30x_rtc.o
RTC_GetFlagStatus                                 Libraries\STM32F30x_StdPeriph_Driver\src\stm32f30x_rtc.o
RTC_GetITStatus                                   Libraries\STM32F30x_StdPeriph_Driver\src\stm32f30x_rtc.o
RTC_GetStoreOperation                             Libraries\STM32F30x_StdPeriph_Driver\src\stm32f30x_rtc.o
RTC_GetSubSecond                                  Libraries\STM32F30x_StdPeriph_Driver\src\stm32f30x_rtc.o
RTC_GetTime                                       Libraries\STM32F30x_StdPeriph_Driver\src\stm32f30x_rtc.o
RTC_GetTimeStamp                                  Libraries\STM32F30x_StdPeriph_Driver\src\stm32f30x_rtc.o
RTC_GetTimeStampSubSecond                         Libraries\STM32F30x_StdPeriph_Driver\src\stm32f30x_rtc.o
RTC_GetWakeUpCounter                              Libraries\STM32F30x_StdPeriph_Driver\src\stm32f30x_rtc.o
RTC_ITConfig                                      Libraries\STM32F30x_StdPeriph_Driver\src\stm32f30x_rtc.o
RTC_Init                                          Libraries\STM32F30x_StdPeriph_Driver\src\stm32f30x_rtc.o
RTC_OutputConfig                                  Libraries\STM32F30x_StdPeriph_Driver\src\stm32f30x_rtc.o
RTC_OutputTypeConfig                              Libraries\STM32F30x_StdPeriph_Driver\src\stm32f30x_rtc.o
RTC_ReadBackupRegister                            Libraries\STM32F30x_StdPeriph_Driver\src\stm32f30x_rtc.o
RTC_RefClockCmd                                   Libraries\STM32F30x_StdPeriph_Driver\src\stm32f30x_rtc.o
RTC_SetAlarm                                      Libraries\STM32F30x_StdPeriph_Driver\src\stm32f30x_rtc.o
RTC_SetDate                                       Libraries\STM32F30x_StdPeriph_Driver\src\stm32f30x_rtc.o
RTC_SetTime                                       Libraries\STM32F30x_StdPeriph_Driver\src\stm32f30x_rtc.o
RTC_SetWakeUpCounter                              Libraries\STM32F30x_StdPeriph_Driver\src\stm32f30x_rtc.o
RTC_SmoothCalibConfig                             Libraries\STM32F30x_StdPeriph_Driver\src\stm32f30x_rtc.o
RTC_StructInit                                    Libraries\STM32F30x_StdPeriph_Driver\src\stm32f30x_rtc.o
RTC_SynchroShiftConfig                            Libraries\STM32F30x_StdPeriph_Driver\src\stm32f30x_rtc.o
RTC_TamperCmd                                     Libraries\STM32F30x_StdPeriph_Driver\src\stm32f30x_rtc.o
RTC_TamperFilterConfig                            Libraries\STM32F30x_StdPeriph_Driver\src\stm32f30x_rtc.o
RTC_TamperPinsPrechargeDuration                   Libraries\STM32F30x_StdPeriph_Driver\src\stm32f30x_rtc.o
RTC_TamperPullUpCmd                               Libraries\STM32F30x_StdPeriph_Driver\src\stm32f30x_rtc.o
RTC_TamperSamplingFreqConfig                      Libraries\STM32F30x_StdPeriph_Driver\src\stm32f30x_rtc.o
RTC_TamperTriggerConfig                           Libraries\STM32F30x_StdPeriph_Driver\src\stm32f30x_rtc.o
RTC_TimeStampCmd                                  Libraries\STM32F30x_StdPeriph_Driver\src\stm32f30x_rtc.o
RTC_TimeStampOnTamperDetectionCmd                 Libraries\STM32F30x_StdPeriph_Driver\src\stm32f30x_rtc.o
RTC_TimeStructInit                                Libraries\STM32F30x_StdPeriph_Driver\src\stm32f30x_rtc.o
RTC_WKUP_IRQHandler                               src\startup_stm32f30x.o
RTC_WaitForSynchro                                Libraries\STM32F30x_StdPeriph_Driver\src\stm32f30x_rtc.o
RTC_WakeUpClockConfig                             Libraries\STM32F30x_StdPeriph_Driver\src\stm32f30x_rtc.o
RTC_WakeUpCmd                                     Libraries\STM32F30x_StdPeriph_Driver\src\stm32f30x_rtc.o
RTC_WriteBackupRegister                           Libraries\STM32F30x_StdPeriph_Driver\src\stm32f30x_rtc.o
RTC_WriteProtectionCmd                            Libraries\STM32F30x_StdPeriph_Driver\src\stm32f30x_rtc.o
Reset_Handler                                     src\startup_stm32f30x.o
SPI1_IRQHandler                                   src\startup_stm32f30x.o
SPI2_IRQHandler                                   src\startup_stm32f30x.o
SPI3_IRQHandler                                   src\startup_stm32f30x.o
SPI_BiDirectionalLineConfig                       Libraries\STM32F30x_StdPeriph_Driver\src\stm32f30x_spi.o
SPI_CRCLengthConfig                               Libraries\STM32F30x_StdPeriph_Driver\src\stm32f30x_spi.o
SPI_CalculateCRC                                  Libraries\STM32F30x_StdPeriph_Driver\src\stm32f30x_spi.o
SPI_Cmd                                           Libraries\STM32F30x_StdPeriph_Driver\src\stm32f30x_spi.o
                                                  STM32F3_Discovery\stm32f3_discovery_l3gd20.o
SPI_DataSizeConfig                                Libraries\STM32F30x_StdPeriph_Driver\src\stm32f30x_spi.o
SPI_GetCRC                                        Libraries\STM32F30x_StdPeriph_Driver\src\stm32f30x_spi.o
SPI_GetCRCPolynomial                              Libraries\STM32F30x_StdPeriph_Driver\src\stm32f30x_spi.o
SPI_GetReceptionFIFOStatus                        Libraries\STM32F30x_StdPeriph_Driver\src\stm32f30x_spi.o
SPI_GetTransmissionFIFOStatus                     Libraries\STM32F30x_StdPeriph_Driver\src\stm32f30x_spi.o
SPI_I2S_ClearFlag                                 Libraries\STM32F30x_StdPeriph_Driver\src\stm32f30x_spi.o
SPI_I2S_DMACmd                                    Libraries\STM32F30x_StdPeriph_Driver\src\stm32f30x_spi.o
SPI_I2S_DeInit                                    Libraries\STM32F30x_StdPeriph_Driver\src\stm32f30x_spi.o
                                                  STM32F3_Discovery\stm32f3_discovery_l3gd20.o
SPI_I2S_GetFlagStatus                             Libraries\STM32F30x_StdPeriph_Driver\src\stm32f30x_spi.o
                                                  STM32F3_Discovery\stm32f3_discovery_l3gd20.o
SPI_I2S_GetITStatus                               Libraries\STM32F30x_StdPeriph_Driver\src\stm32f30x_spi.o
SPI_I2S_ITConfig                                  Libraries\STM32F30x_StdPeriph_Driver\src\stm32f30x_spi.o
SPI_I2S_ReceiveData16                             Libraries\STM32F30x_StdPeriph_Driver\src\stm32f30x_spi.o
SPI_I2S_SendData16                                Libraries\STM32F30x_StdPeriph_Driver\src\stm32f30x_spi.o
SPI_Init                                          Libraries\STM32F30x_StdPeriph_Driver\src\stm32f30x_spi.o
                                                  STM32F3_Discovery\stm32f3_discovery_l3gd20.o
SPI_LastDMATransferCmd                            Libraries\STM32F30x_StdPeriph_Driver\src\stm32f30x_spi.o
SPI_NSSInternalSoftwareConfig                     Libraries\STM32F30x_StdPeriph_Driver\src\stm32f30x_spi.o
SPI_NSSPulseModeCmd                               Libraries\STM32F30x_StdPeriph_Driver\src\stm32f30x_spi.o
SPI_ReceiveData8                                  Libraries\STM32F30x_StdPeriph_Driver\src\stm32f30x_spi.o
                                                  STM32F3_Discovery\stm32f3_discovery_l3gd20.o
SPI_RxFIFOThresholdConfig                         Libraries\STM32F30x_StdPeriph_Driver\src\stm32f30x_spi.o
                                                  STM32F3_Discovery\stm32f3_discovery_l3gd20.o
SPI_SSOutputCmd                                   Libraries\STM32F30x_StdPeriph_Driver\src\stm32f30x_spi.o
SPI_SendData8                                     Libraries\STM32F30x_StdPeriph_Driver\src\stm32f30x_spi.o
                                                  STM32F3_Discovery\stm32f3_discovery_l3gd20.o
SPI_StructInit                                    Libraries\STM32F30x_StdPeriph_Driver\src\stm32f30x_spi.o
SPI_TIModeCmd                                     Libraries\STM32F30x_StdPeriph_Driver\src\stm32f30x_spi.o
SPI_TransmitCRC                                   Libraries\STM32F30x_StdPeriph_Driver\src\stm32f30x_spi.o
STM_EVAL_LEDInit                                  STM32F3_Discovery\stm32f3_discovery.o