15:14:02 **** Incremental Build of configuration Debug for project CPIOng ****
Info: Internal Builder is used for build
arm-atollic-eabi-gcc -c -mthumb -mcpu=cortex-m3 -std=gnu11 -D__weak=__attribute__((weak)) -D__packed=__attribute__((__packed__)) -DUSE_HAL_DRIVER -DSTM32F105xC -I../Inc -I../Drivers/STM32F1xx_HAL_Driver/Inc -I../Drivers/STM32F1xx_HAL_Driver/Inc/Legacy -I../Middlewares/Third_Party/FreeRTOS/Source/portable/GCC/ARM_CM3 -I../Drivers/CMSIS/Device/ST/STM32F1xx/Include -I../Middlewares/Third_Party/FreeRTOS/Source/include -I../Middlewares/Third_Party/FreeRTOS/Source/CMSIS_RTOS -I../Drivers/CMSIS/Include -O0 -ffunction-sections -fdata-sections -g -fstack-usage -Wall -specs=nano.specs -o Src\can.o ..\Src\can.c 
..\Src\can.c: In function 'SendCan':
..\Src\can.c:29:38: warning: 'sizeof' on array function parameter 'data' will return size of 'uint8_t * {aka unsigned char *}' [-Wsizeof-array-argument]
  memcpy(canMessage.Data, data, sizeof(data));
                                      ^
..\Src\can.c:19:35: note: declared here
 void SendCan(uint32_t id, uint8_t data[], uint8_t len) {
                                   ^~~~
..\Src\can.c:29:38: warning: argument to 'sizeof' in 'memcpy' call is the same pointer type 'uint8_t * {aka unsigned char *}' as the destination; expected 'uint8_t {aka unsigned char}' or an explicit length [-Wsizeof-pointer-memaccess]
  memcpy(canMessage.Data, data, sizeof(data));
                                      ^
..\Src\can.c: In function 'HAL_CAN_RxCpltCallback':
..\Src\can.c:57:14: warning: format '%d' expects argument of type 'int', but argument 2 has type 'uint32_t {aka long unsigned int}' [-Wformat=]
  printf("id:%d  d1:%d  d2:%d   d3:%d \r\n", hcan->pRxMsg->StdId, hcan->pRxMsg->Data[0], hcan->pRxMsg->Data[1], hcan->pRxMsg->Data[2]);
              ^
In file included from ../Middlewares/Third_Party/FreeRTOS/Source/CMSIS_RTOS/cmsis_os.h:104:0,
                 from ..\Src\include.h:19,
                 from ..\Src\can.h:6,
                 from ..\Src\can.c:8:
../Middlewares/Third_Party/FreeRTOS/Source/include/queue.h:1361:136: warning: passing argument 3 of 'xQueueGenericSendFromISR' makes pointer from integer without a cast [-Wint-conversion]
 #define xQueueSendFromISR( xQueue, pvItemToQueue, pxHigherPriorityTaskWoken ) xQueueGenericSendFromISR( ( xQueue ), ( pvItemToQueue ), ( pxHigherPriorityTaskWoken ), queueSEND_TO_BACK )
                                                                                                                                        ^
..\Src\can.c:58:6: note: in expansion of macro 'xQueueSendFromISR'
  if (xQueueSendFromISR(CanRxQueueHandle, hcan, xHigherPriorityTaskWoken) != pdTRUE) {
      ^~~~~~~~~~~~~~~~~
../Middlewares/Third_Party/FreeRTOS/Source/include/queue.h:1440:12: note: expected 'BaseType_t * const {aka long int * const}' but argument is of type 'BaseType_t {aka long int}'
 BaseType_t xQueueGenericSendFromISR( QueueHandle_t xQueue, const void * const pvItemToQueue, BaseType_t * const pxHigherPriorityTaskWoken, const BaseType_t xCopyPosition ) PRIVILEGED_FUNCTION;
            ^~~~~~~~~~~~~~~~~~~~~~~~
arm-atollic-eabi-gcc -o CPIOng.elf Drivers\STM32F1xx_HAL_Driver\Src\stm32f1xx_hal.o Drivers\STM32F1xx_HAL_Driver\Src\stm32f1xx_hal_adc.o Drivers\STM32F1xx_HAL_Driver\Src\stm32f1xx_hal_adc_ex.o Drivers\STM32F1xx_HAL_Driver\Src\stm32f1xx_hal_can.o Drivers\STM32F1xx_HAL_Driver\Src\stm32f1xx_hal_cortex.o Drivers\STM32F1xx_HAL_Driver\Src\stm32f1xx_hal_dma.o Drivers\STM32F1xx_HAL_Driver\Src\stm32f1xx_hal_flash.o Drivers\STM32F1xx_HAL_Driver\Src\stm32f1xx_hal_flash_ex.o Drivers\STM32F1xx_HAL_Driver\Src\stm32f1xx_hal_gpio.o Drivers\STM32F1xx_HAL_Driver\Src\stm32f1xx_hal_gpio_ex.o Drivers\STM32F1xx_HAL_Driver\Src\stm32f1xx_hal_pwr.o Drivers\STM32F1xx_HAL_Driver\Src\stm32f1xx_hal_rcc.o Drivers\STM32F1xx_HAL_Driver\Src\stm32f1xx_hal_rcc_ex.o Drivers\STM32F1xx_HAL_Driver\Src\stm32f1xx_hal_tim.o Drivers\STM32F1xx_HAL_Driver\Src\stm32f1xx_hal_tim_ex.o Drivers\STM32F1xx_HAL_Driver\Src\stm32f1xx_hal_uart.o Drivers\STM32F1xx_HAL_Driver\Src\stm32f1xx_hal_wwdg.o Middlewares\Third_Party\FreeRTOS\Source\CMSIS_RTOS\cmsis_os.o Middlewares\Third_Party\FreeRTOS\Source\croutine.o Middlewares\Third_Party\FreeRTOS\Source\event_groups.o Middlewares\Third_Party\FreeRTOS\Source\list.o Middlewares\Third_Party\FreeRTOS\Source\portable\GCC\ARM_CM3\port.o Middlewares\Third_Party\FreeRTOS\Source\portable\MemMang\heap_4.o Middlewares\Third_Party\FreeRTOS\Source\queue.o Middlewares\Third_Party\FreeRTOS\Source\tasks.o Middlewares\Third_Party\FreeRTOS\Source\timers.o Src\IO.o Src\alive.o Src\analog.o Src\can.o Src\eeprom\eeprom.o Src\error.o Src\freertos.o Src\helper.o Src\main.o Src\myCanFunctions.o Src\pulse.o Src\pulseConfig.o Src\stm32f1xx_hal_msp.o Src\stm32f1xx_it.o Src\storages.o Src\syscalls.o Src\system_stm32f1xx.o Src\usart\usart.o startup\startup_stm32f105xc.o -mthumb -mcpu=cortex-m3 -T../STM32F105RB_FLASH.ld -specs=nosys.specs -static -Wl,-Map=CPIOng.map -Wl,--gc-sections -Wl,--defsym=malloc_getpagesize_P=0x80 -Wl,--start-group -lc -lm -Wl,--end-group -specs=nano.specs 
C:\Program Files (x86)\Atollic\TrueSTUDIO for STM32 9.1.0\ide\jre\bin\java -jar C:\Program Files (x86)\Atollic\TrueSTUDIO for STM32 9.1.0\Tools\arm-atollic-reports.jar sizeinfo list CPIOng.elf 
Generate build reports...
Print size information
   text	   data	    bss	    dec	    hex	filename
  45584	    136	  13172	  58892	   e60c	CPIOng.elf
Print size information done
Generate listing file
Output sent to: CPIOng.list
Generate listing file done
Generate build reports done
arm-atollic-eabi-objcopy.exe -O ihex CPIOng.elf CPIOng.hex 

15:14:03 Build Finished (took 1s.91ms)

