12:30:49 **** Incremental Build of configuration Debug for project CPIOng ****
Info: Internal Builder is used for build
arm-atollic-eabi-gcc -c -mthumb -mcpu=cortex-m3 -std=gnu11 -D__weak=__attribute__((weak)) -D__packed=__attribute__((__packed__)) -DUSE_HAL_DRIVER -DSTM32F105xC -I../Inc -I../Drivers/STM32F1xx_HAL_Driver/Inc -I../Drivers/STM32F1xx_HAL_Driver/Inc/Legacy -I../Middlewares/Third_Party/FreeRTOS/Source/portable/GCC/ARM_CM3 -I../Drivers/CMSIS/Device/ST/STM32F1xx/Include -I../Middlewares/Third_Party/FreeRTOS/Source/include -I../Middlewares/Third_Party/FreeRTOS/Source/CMSIS_RTOS -I../Drivers/CMSIS/Include -O0 -ffunction-sections -fdata-sections -g -fstack-usage -Wall -specs=nano.specs -o Src\main.o ..\Src\main.c 
..\Src\main.c: In function 'main':
..\Src\main.c:113:11: warning: unused variable 'osStatus' [-Wunused-variable]
  osStatus osStatus = osKernelStart();
           ^~~~~~~~
..\Src\main.c: In function 'MX_CAN2_Init':
..\Src\main.c:350:19: warning: passing argument 1 of 'HAL_CAN_Init' discards 'volatile' qualifier from pointer target type [-Wdiscarded-qualifiers]
  if (HAL_CAN_Init(&hcan2) != HAL_OK) {
                   ^
In file included from ../Inc/stm32f1xx_hal_conf.h:263:0,
                 from ../Drivers/STM32F1xx_HAL_Driver/Inc/stm32f1xx_hal.h:46,
                 from ..\Src\include.h:29,
                 from ..\Src\main.c:50:
../Drivers/STM32F1xx_HAL_Driver/Inc/stm32f1xx_hal_can.h:699:19: note: expected 'CAN_HandleTypeDef * {aka struct <anonymous> *}' but argument is of type 'volatile CAN_HandleTypeDef * {aka volatile struct <anonymous> *}'
 HAL_StatusTypeDef HAL_CAN_Init(CAN_HandleTypeDef* hcan);
                   ^~~~~~~~~~~~
At top level:
..\Src\main.c:384:13: warning: 'MX_WWDG_Init' defined but not used [-Wunused-function]
 static void MX_WWDG_Init(void) {
             ^~~~~~~~~~~~
arm-atollic-eabi-gcc -o CPIOng.elf Drivers\STM32F1xx_HAL_Driver\Src\stm32f1xx_hal.o Drivers\STM32F1xx_HAL_Driver\Src\stm32f1xx_hal_adc.o Drivers\STM32F1xx_HAL_Driver\Src\stm32f1xx_hal_adc_ex.o Drivers\STM32F1xx_HAL_Driver\Src\stm32f1xx_hal_can.o Drivers\STM32F1xx_HAL_Driver\Src\stm32f1xx_hal_cortex.o Drivers\STM32F1xx_HAL_Driver\Src\stm32f1xx_hal_dma.o Drivers\STM32F1xx_HAL_Driver\Src\stm32f1xx_hal_flash.o Drivers\STM32F1xx_HAL_Driver\Src\stm32f1xx_hal_flash_ex.o Drivers\STM32F1xx_HAL_Driver\Src\stm32f1xx_hal_gpio.o Drivers\STM32F1xx_HAL_Driver\Src\stm32f1xx_hal_gpio_ex.o Drivers\STM32F1xx_HAL_Driver\Src\stm32f1xx_hal_pwr.o Drivers\STM32F1xx_HAL_Driver\Src\stm32f1xx_hal_rcc.o Drivers\STM32F1xx_HAL_Driver\Src\stm32f1xx_hal_rcc_ex.o Drivers\STM32F1xx_HAL_Driver\Src\stm32f1xx_hal_tim.o Drivers\STM32F1xx_HAL_Driver\Src\stm32f1xx_hal_tim_ex.o Drivers\STM32F1xx_HAL_Driver\Src\stm32f1xx_hal_uart.o Drivers\STM32F1xx_HAL_Driver\Src\stm32f1xx_hal_wwdg.o Middlewares\Third_Party\FreeRTOS\Source\CMSIS_RTOS\cmsis_os.o Middlewares\Third_Party\FreeRTOS\Source\croutine.o Middlewares\Third_Party\FreeRTOS\Source\event_groups.o Middlewares\Third_Party\FreeRTOS\Source\list.o Middlewares\Third_Party\FreeRTOS\Source\portable\GCC\ARM_CM3\port.o Middlewares\Third_Party\FreeRTOS\Source\portable\MemMang\heap_4.o Middlewares\Third_Party\FreeRTOS\Source\queue.o Middlewares\Third_Party\FreeRTOS\Source\tasks.o Middlewares\Third_Party\FreeRTOS\Source\timers.o Src\Can\CanFilter.o Src\FlipFlop\FlipFlop.o Src\IO.o Src\alive.o Src\analog.o Src\can.o Src\eeprom\eeprom.o Src\error.o Src\freertos.o Src\helper.o Src\main.o Src\myCanFunctions.o Src\pulse.o Src\pulseConfig.o Src\stm32f1xx_hal_msp.o Src\stm32f1xx_it.o Src\storages.o Src\syscalls.o Src\system_stm32f1xx.o Src\usart\usart.o startup\startup_stm32f105xc.o -mthumb -mcpu=cortex-m3 -T../STM32F105RB_FLASH.ld -specs=nosys.specs -static -Wl,-Map=CPIOng.map -Wl,--gc-sections -Wl,--defsym=malloc_getpagesize_P=0x80 -Wl,--start-group -lc -lm -Wl,--end-group -specs=nano.specs 
C:\Program Files (x86)\Atollic\TrueSTUDIO for STM32 9.1.0\ide\jre\bin\java -jar C:\Program Files (x86)\Atollic\TrueSTUDIO for STM32 9.1.0\Tools\arm-atollic-reports.jar sizeinfo list CPIOng.elf 
Generate build reports...
Print size information
   text	   data	    bss	    dec	    hex	filename
  47364	    136	  14820	  62320	   f370	CPIOng.elf
Print size information done
Generate listing file
Output sent to: CPIOng.list
Generate listing file done
Generate build reports done
arm-atollic-eabi-objcopy.exe -O ihex CPIOng.elf CPIOng.hex 

12:30:49 Build Finished (took 714ms)

