09:07:48 **** Incremental Build of configuration Debug for project CPIOng ****
Info: Internal Builder is used for build
arm-atollic-eabi-gcc -c ..\src\stm32f1xx_it.c -mthumb -mcpu=cortex-m3 -std=gnu11 -DSTM32F10X_CL -DUSE_STDPERIPH_DRIVER -I../src -I../Libraries/STM32F10x_StdPeriph_Driver/inc -I../Libraries/CMSIS/Device/ST/STM32F10x/Include -I../Libraries/CMSIS/Include -O0 -ffunction-sections -fdata-sections -g -fstack-usage -Wall -specs=nano.specs -o src\stm32f1xx_it.o 
..\src\stm32f1xx_it.c: In function 'SanCanAlive':
..\src\stm32f1xx_it.c:60:3: warning: implicit declaration of function 'SendCan' [-Wimplicit-function-declaration]
   SendCan(0x123, p, 8);
   ^~~~~~~
..\src\stm32f1xx_it.c: At top level:
..\src\stm32f1xx_it.c:64:6: warning: conflicting types for 'SendCan'
 void SendCan(uint32_t id, uint8_t data[], uint8_t len) {
      ^~~~~~~
..\src\stm32f1xx_it.c:60:3: note: previous implicit declaration of 'SendCan' was here
   SendCan(0x123, p, 8);
   ^~~~~~~
..\src\stm32f1xx_it.c: In function 'SendCan':
..\src\stm32f1xx_it.c:74:2: warning: implicit declaration of function 'memcpy' [-Wimplicit-function-declaration]
  memcpy(canMessage.Data, data, len * sizeof(uint8_t));
  ^~~~~~
..\src\stm32f1xx_it.c:74:2: warning: incompatible implicit declaration of built-in function 'memcpy'
..\src\stm32f1xx_it.c:74:2: note: include '<string.h>' or provide a declaration of 'memcpy'
..\src\stm32f1xx_it.c: In function 'SendTimeInfo':
..\src\stm32f1xx_it.c:104:2: warning: implicit declaration of function 'printf' [-Wimplicit-function-declaration]
  printf("Rising edge on .... In %d %d \n", channel, res);
  ^~~~~~
..\src\stm32f1xx_it.c:104:2: warning: incompatible implicit declaration of built-in function 'printf'
..\src\stm32f1xx_it.c:104:2: note: include '<stdio.h>' or provide a declaration of 'printf'
..\src\stm32f1xx_it.c:104:37: warning: format '%d' expects argument of type 'int', but argument 3 has type 'uint32_t {aka long unsigned int}' [-Wformat=]
  printf("Rising edge on .... In %d %d \n", channel, res);
                                     ^
..\src\stm32f1xx_it.c: In function 'EXTI0_IRQHandler':
..\src\stm32f1xx_it.c:111:2: warning: incompatible implicit declaration of built-in function 'printf'
  printf("Rising edge on .... In 0\n");
  ^~~~~~
..\src\stm32f1xx_it.c:111:2: note: include '<stdio.h>' or provide a declaration of 'printf'
..\src\stm32f1xx_it.c: In function 'CAN2_RX0_IRQHandler':
..\src\stm32f1xx_it.c:131:2: warning: incompatible implicit declaration of built-in function 'printf'
  printf("receive can 2 interrupt\n");
  ^~~~~~
..\src\stm32f1xx_it.c:131:2: note: include '<stdio.h>' or provide a declaration of 'printf'
arm-atollic-eabi-gcc -o CPIOng.elf Libraries\STM32F10x_StdPeriph_Driver\src\misc.o Libraries\STM32F10x_StdPeriph_Driver\src\stm32f10x_adc.o Libraries\STM32F10x_StdPeriph_Driver\src\stm32f10x_bkp.o Libraries\STM32F10x_StdPeriph_Driver\src\stm32f10x_can.o Libraries\STM32F10x_StdPeriph_Driver\src\stm32f10x_cec.o Libraries\STM32F10x_StdPeriph_Driver\src\stm32f10x_crc.o Libraries\STM32F10x_StdPeriph_Driver\src\stm32f10x_dac.o Libraries\STM32F10x_StdPeriph_Driver\src\stm32f10x_dbgmcu.o Libraries\STM32F10x_StdPeriph_Driver\src\stm32f10x_dma.o Libraries\STM32F10x_StdPeriph_Driver\src\stm32f10x_exti.o Libraries\STM32F10x_StdPeriph_Driver\src\stm32f10x_flash.o Libraries\STM32F10x_StdPeriph_Driver\src\stm32f10x_fsmc.o Libraries\STM32F10x_StdPeriph_Driver\src\stm32f10x_gpio.o Libraries\STM32F10x_StdPeriph_Driver\src\stm32f10x_i2c.o Libraries\STM32F10x_StdPeriph_Driver\src\stm32f10x_iwdg.o Libraries\STM32F10x_StdPeriph_Driver\src\stm32f10x_pwr.o Libraries\STM32F10x_StdPeriph_Driver\src\stm32f10x_rcc.o Libraries\STM32F10x_StdPeriph_Driver\src\stm32f10x_rtc.o Libraries\STM32F10x_StdPeriph_Driver\src\stm32f10x_sdio.o Libraries\STM32F10x_StdPeriph_Driver\src\stm32f10x_spi.o Libraries\STM32F10x_StdPeriph_Driver\src\stm32f10x_tim.o Libraries\STM32F10x_StdPeriph_Driver\src\stm32f10x_usart.o Libraries\STM32F10x_StdPeriph_Driver\src\stm32f10x_wwdg.o src\Can.o src\main.o src\startup_stm32f10x_cl.o src\stm32f1xx_it.o src\system_stm32f10x.o src\tiny_printf.o -mthumb -mcpu=cortex-m3 -T../stm32_flash.ld -specs=nosys.specs -static -Wl,-cref,-u,Reset_Handler -Wl,-Map=CPIOng.map -Wl,--gc-sections -Wl,--defsym=malloc_getpagesize_P=0x80 -Wl,--start-group -lc -lm -Wl,--end-group -specs=nano.specs 
C:\Program Files (x86)\Atollic\TrueSTUDIO for STM32 9.1.0\ide\jre\bin\java -jar C:\Program Files (x86)\Atollic\TrueSTUDIO for STM32 9.1.0\Tools\arm-atollic-reports.jar sizeinfo list CPIOng.elf 
Generate build reports...
Print size information
   text	   data	    bss	    dec	    hex	filename
   7508	      8	    580	   8096	   1fa0	CPIOng.elf
Print size information done
Generate listing file
Output sent to: CPIOng.list
Generate listing file done
Generate build reports done

09:07:48 Build Finished (took 491ms)

