16:16:58 **** Incremental Build of configuration Debug for project CPIOng ****
Info: Internal Builder is used for build
arm-atollic-eabi-gcc -c ..\src\myCanFunctions.c -mthumb -mcpu=cortex-m3 -std=gnu11 -DSTM32F10X_CL -DUSE_STDPERIPH_DRIVER -I../src -I../Libraries/STM32F10x_StdPeriph_Driver/inc -I../Libraries/CMSIS/Device/ST/STM32F10x/Include -I../Libraries/CMSIS/Include -I../FreeRTOS_Source/include -I../FreeRTOS_Source/portable/GCC/ARM_CM3 -O0 -ffunction-sections -fdata-sections -g -fstack-usage -Wall -specs=nano.specs -o src\myCanFunctions.o 
arm-atollic-eabi-gcc -c ..\src\can.c -mthumb -mcpu=cortex-m3 -std=gnu11 -DSTM32F10X_CL -DUSE_STDPERIPH_DRIVER -I../src -I../Libraries/STM32F10x_StdPeriph_Driver/inc -I../Libraries/CMSIS/Device/ST/STM32F10x/Include -I../Libraries/CMSIS/Include -I../FreeRTOS_Source/include -I../FreeRTOS_Source/portable/GCC/ARM_CM3 -O0 -ffunction-sections -fdata-sections -g -fstack-usage -Wall -specs=nano.specs -o src\can.o 
..\src\can.c: In function 'FilterOnlyMyId':
..\src\can.c:113:45: warning: implicit declaration of function 'GetGloablCanIdFromEeeprom' [-Wimplicit-function-declaration]
   CAN_FilterInitStructure.CAN_FilterIdLow = GetGloablCanIdFromEeeprom() << 5;
                                             ^~~~~~~~~~~~~~~~~~~~~~~~~
..\src\can.c: In function 'CAN2_RX0_IRQHandler':
..\src\can.c:166:35: warning: format '%d' expects argument of type 'int', but argument 2 has type 'uint32_t {aka long unsigned int}' [-Wformat=]
  printf("receive can 2 interrupt %d \n", RxMessage.StdId);
                                   ^
arm-atollic-eabi-gcc -o CPIOng.elf FreeRTOS_Source\list.o FreeRTOS_Source\portable\GCC\ARM_CM3\port.o FreeRTOS_Source\portable\MemMang\heap_1.o FreeRTOS_Source\queue.o FreeRTOS_Source\tasks.o FreeRTOS_Source\timers.o Libraries\STM32F10x_StdPeriph_Driver\src\misc.o Libraries\STM32F10x_StdPeriph_Driver\src\stm32f10x_adc.o Libraries\STM32F10x_StdPeriph_Driver\src\stm32f10x_bkp.o Libraries\STM32F10x_StdPeriph_Driver\src\stm32f10x_can.o Libraries\STM32F10x_StdPeriph_Driver\src\stm32f10x_cec.o Libraries\STM32F10x_StdPeriph_Driver\src\stm32f10x_crc.o Libraries\STM32F10x_StdPeriph_Driver\src\stm32f10x_dac.o Libraries\STM32F10x_StdPeriph_Driver\src\stm32f10x_dbgmcu.o Libraries\STM32F10x_StdPeriph_Driver\src\stm32f10x_dma.o Libraries\STM32F10x_StdPeriph_Driver\src\stm32f10x_exti.o Libraries\STM32F10x_StdPeriph_Driver\src\stm32f10x_flash.o Libraries\STM32F10x_StdPeriph_Driver\src\stm32f10x_fsmc.o Libraries\STM32F10x_StdPeriph_Driver\src\stm32f10x_gpio.o Libraries\STM32F10x_StdPeriph_Driver\src\stm32f10x_i2c.o Libraries\STM32F10x_StdPeriph_Driver\src\stm32f10x_iwdg.o Libraries\STM32F10x_StdPeriph_Driver\src\stm32f10x_pwr.o Libraries\STM32F10x_StdPeriph_Driver\src\stm32f10x_rcc.o Libraries\STM32F10x_StdPeriph_Driver\src\stm32f10x_rtc.o Libraries\STM32F10x_StdPeriph_Driver\src\stm32f10x_sdio.o Libraries\STM32F10x_StdPeriph_Driver\src\stm32f10x_spi.o Libraries\STM32F10x_StdPeriph_Driver\src\stm32f10x_tim.o Libraries\STM32F10x_StdPeriph_Driver\src\stm32f10x_usart.o Libraries\STM32F10x_StdPeriph_Driver\src\stm32f10x_wwdg.o src\alive.o src\can.o src\eeprom.o src\error.o src\helper.o src\main.o src\myCanFunctions.o src\pulse.o src\rtosActions.o src\startup_stm32f10x_cl.o src\stm32f1xx_it.o src\storages.o src\system_stm32f10x.o src\tiny_printf.o src\usart.o -mthumb -mcpu=cortex-m3 -T../stm32_flash.ld -specs=nosys.specs -static -Wl,-cref,-u,Reset_Handler -Wl,-Map=CPIOng.map -Wl,--gc-sections -Wl,--defsym=malloc_getpagesize_P=0x80 -Wl,--start-group -lc -lm -Wl,--end-group -specs=nano.specs 
C:\Program Files (x86)\Atollic\TrueSTUDIO for STM32 9.1.0\ide\jre\bin\java -jar C:\Program Files (x86)\Atollic\TrueSTUDIO for STM32 9.1.0\Tools\arm-atollic-reports.jar sizeinfo list CPIOng.elf 
Generate build reports...
Print size information
   text	   data	    bss	    dec	    hex	filename
  20120	     56	   8604	  28780	   706c	CPIOng.elf
Print size information done
Generate listing file
Output sent to: CPIOng.list
Generate listing file done
Generate build reports done

16:16:59 Build Finished (took 807ms)

