16:15:52 **** Incremental Build of configuration Debug for project CPIOng ****
Info: Internal Builder is used for build
arm-atollic-eabi-gcc -c ..\src\main.c -mthumb -mcpu=cortex-m3 -std=gnu11 -DSTM32F10X_CL -DUSE_STDPERIPH_DRIVER -I../src -I../Libraries/STM32F10x_StdPeriph_Driver/inc -I../Libraries/CMSIS/Device/ST/STM32F10x/Include -I../Libraries/CMSIS/Include -O0 -ffunction-sections -fdata-sections -g -fstack-usage -Wall -specs=nano.specs -o src\main.o 
..\src\main.c: In function 'init_CAN2':
..\src\main.c:43:10: warning: unused variable 'n' [-Wunused-variable]
  uint8_t n;
          ^
..\src\main.c: In function 'main':
..\src\main.c:168:3: warning: implicit declaration of function 'printf' [-Wimplicit-function-declaration]
   printf("hello world");
   ^~~~~~
..\src\main.c:168:3: warning: incompatible implicit declaration of built-in function 'printf'
..\src\main.c:168:3: note: include '<stdio.h>' or provide a declaration of 'printf'
arm-atollic-eabi-gcc -o CPIOng.elf Libraries\STM32F10x_StdPeriph_Driver\src\misc.o Libraries\STM32F10x_StdPeriph_Driver\src\stm32f10x_adc.o Libraries\STM32F10x_StdPeriph_Driver\src\stm32f10x_bkp.o Libraries\STM32F10x_StdPeriph_Driver\src\stm32f10x_can.o Libraries\STM32F10x_StdPeriph_Driver\src\stm32f10x_cec.o Libraries\STM32F10x_StdPeriph_Driver\src\stm32f10x_crc.o Libraries\STM32F10x_StdPeriph_Driver\src\stm32f10x_dac.o Libraries\STM32F10x_StdPeriph_Driver\src\stm32f10x_dbgmcu.o Libraries\STM32F10x_StdPeriph_Driver\src\stm32f10x_dma.o Libraries\STM32F10x_StdPeriph_Driver\src\stm32f10x_exti.o Libraries\STM32F10x_StdPeriph_Driver\src\stm32f10x_flash.o Libraries\STM32F10x_StdPeriph_Driver\src\stm32f10x_fsmc.o Libraries\STM32F10x_StdPeriph_Driver\src\stm32f10x_gpio.o Libraries\STM32F10x_StdPeriph_Driver\src\stm32f10x_i2c.o Libraries\STM32F10x_StdPeriph_Driver\src\stm32f10x_iwdg.o Libraries\STM32F10x_StdPeriph_Driver\src\stm32f10x_pwr.o Libraries\STM32F10x_StdPeriph_Driver\src\stm32f10x_rcc.o Libraries\STM32F10x_StdPeriph_Driver\src\stm32f10x_rtc.o Libraries\STM32F10x_StdPeriph_Driver\src\stm32f10x_sdio.o Libraries\STM32F10x_StdPeriph_Driver\src\stm32f10x_spi.o Libraries\STM32F10x_StdPeriph_Driver\src\stm32f10x_tim.o Libraries\STM32F10x_StdPeriph_Driver\src\stm32f10x_usart.o Libraries\STM32F10x_StdPeriph_Driver\src\stm32f10x_wwdg.o src\main.o src\startup_stm32f10x_cl.o src\stm32f1xx_it.o src\system_stm32f10x.o src\tiny_printf.o -mthumb -mcpu=cortex-m3 -T../stm32_flash.ld -specs=nosys.specs -static -Wl,-cref,-u,Reset_Handler -Wl,-Map=CPIOng.map -Wl,--gc-sections -Wl,--defsym=malloc_getpagesize_P=0x80 -Wl,--start-group -lc -lm -Wl,--end-group -specs=nano.specs 
C:\Program Files (x86)\Atollic\TrueSTUDIO for STM32 9.1.0\ide\jre\bin\java -jar C:\Program Files (x86)\Atollic\TrueSTUDIO for STM32 9.1.0\Tools\arm-atollic-reports.jar sizeinfo list CPIOng.elf 
Generate build reports...
Print size information
   text	   data	    bss	    dec	    hex	filename
   5348	      8	    544	   5900	   170c	CPIOng.elf
Print size information done
Generate listing file
Output sent to: CPIOng.list
Generate listing file done
Generate build reports done
Info: Nothing to build for CPIOng
Info: Nothing to build for CPIOng
Info: Nothing to build for CPIOng
16:19:59 **** Incremental Build of configuration Debug for project CPIOng ****
Info: Internal Builder is used for build
arm-atollic-eabi-gcc -c ..\src\main.c -mthumb -mcpu=cortex-m3 -std=gnu11 -DSTM32F10X_CL -DUSE_STDPERIPH_DRIVER -I../src -I../Libraries/STM32F10x_StdPeriph_Driver/inc -I../Libraries/CMSIS/Device/ST/STM32F10x/Include -I../Libraries/CMSIS/Include -O0 -ffunction-sections -fdata-sections -g -fstack-usage -Wall -specs=nano.specs -o src\main.o 
..\src\main.c:4:25: fatal error: tiny_printf.h: No such file or directory
 #include "tiny_printf.h"
                         ^
compilation terminated.
16:20:20 **** Incremental Build of configuration Debug for project CPIOng ****
Info: Internal Builder is used for build
arm-atollic-eabi-gcc -c ..\src\main.c -mthumb -mcpu=cortex-m3 -std=gnu11 -DSTM32F10X_CL -DUSE_STDPERIPH_DRIVER -I../src -I../Libraries/STM32F10x_StdPeriph_Driver/inc -I../Libraries/CMSIS/Device/ST/STM32F10x/Include -I../Libraries/CMSIS/Include -O0 -ffunction-sections -fdata-sections -g -fstack-usage -Wall -specs=nano.specs -o src\main.o 
..\src\main.c: In function 'init_CAN2':
..\src\main.c:44:10: warning: unused variable 'n' [-Wunused-variable]
  uint8_t n;
          ^
arm-atollic-eabi-gcc -o CPIOng.elf Libraries\STM32F10x_StdPeriph_Driver\src\misc.o Libraries\STM32F10x_StdPeriph_Driver\src\stm32f10x_adc.o Libraries\STM32F10x_StdPeriph_Driver\src\stm32f10x_bkp.o Libraries\STM32F10x_StdPeriph_Driver\src\stm32f10x_can.o Libraries\STM32F10x_StdPeriph_Driver\src\stm32f10x_cec.o Libraries\STM32F10x_StdPeriph_Driver\src\stm32f10x_crc.o Libraries\STM32F10x_StdPeriph_Driver\src\stm32f10x_dac.o Libraries\STM32F10x_StdPeriph_Driver\src\stm32f10x_dbgmcu.o Libraries\STM32F10x_StdPeriph_Driver\src\stm32f10x_dma.o Libraries\STM32F10x_StdPeriph_Driver\src\stm32f10x_exti.o Libraries\STM32F10x_StdPeriph_Driver\src\stm32f10x_flash.o Libraries\STM32F10x_StdPeriph_Driver\src\stm32f10x_fsmc.o Libraries\STM32F10x_StdPeriph_Driver\src\stm32f10x_gpio.o Libraries\STM32F10x_StdPeriph_Driver\src\stm32f10x_i2c.o Libraries\STM32F10x_StdPeriph_Driver\src\stm32f10x_iwdg.o Libraries\STM32F10x_StdPeriph_Driver\src\stm32f10x_pwr.o Libraries\STM32F10x_StdPeriph_Driver\src\stm32f10x_rcc.o Libraries\STM32F10x_StdPeriph_Driver\src\stm32f10x_rtc.o Libraries\STM32F10x_StdPeriph_Driver\src\stm32f10x_sdio.o Libraries\STM32F10x_StdPeriph_Driver\src\stm32f10x_spi.o Libraries\STM32F10x_StdPeriph_Driver\src\stm32f10x_tim.o Libraries\STM32F10x_StdPeriph_Driver\src\stm32f10x_usart.o Libraries\STM32F10x_StdPeriph_Driver\src\stm32f10x_wwdg.o src\main.o src\startup_stm32f10x_cl.o src\stm32f1xx_it.o src\system_stm32f10x.o src\tiny_printf.o -mthumb -mcpu=cortex-m3 -T../stm32_flash.ld -specs=nosys.specs -static -Wl,-cref,-u,Reset_Handler -Wl,-Map=CPIOng.map -Wl,--gc-sections -Wl,--defsym=malloc_getpagesize_P=0x80 -Wl,--start-group -lc -lm -Wl,--end-group -specs=nano.specs 
src\tiny_printf.o: In function `ts_itoa':
C:\apps\CPIOV2\CPIOng\Debug/..\src/tiny_printf.c:81: multiple definition of `ts_itoa'
src\main.o:C:\apps\CPIOV2\CPIOng\Debug/..\src/tiny_printf.c:81: first defined here
src\tiny_printf.o: In function `ts_itoa':
C:\apps\CPIOV2\CPIOng\Debug/..\src/tiny_printf.c:81: multiple definition of `ts_formatstring'
src\main.o:C:\apps\CPIOV2\CPIOng\Debug/..\src/tiny_printf.c:81: first defined here
src\tiny_printf.o: In function `ts_itoa':
C:\apps\CPIOV2\CPIOng\Debug/..\src/tiny_printf.c:81: multiple definition of `ts_formatlength'
src\main.o:C:\apps\CPIOV2\CPIOng\Debug/..\src/tiny_printf.c:81: first defined here
src\tiny_printf.o: In function `ts_itoa':
C:\apps\CPIOV2\CPIOng\Debug/..\src/tiny_printf.c:81: multiple definition of `siprintf'
src\main.o:C:\apps\CPIOV2\CPIOng\Debug/..\src/tiny_printf.c:81: first defined here
src\tiny_printf.o: In function `ts_itoa':
C:\apps\CPIOV2\CPIOng\Debug/..\src/tiny_printf.c:81: multiple definition of `sprintf'
src\main.o:C:\apps\CPIOV2\CPIOng\Debug/..\src/tiny_printf.c:81: first defined here
src\tiny_printf.o: In function `ts_itoa':
C:\apps\CPIOV2\CPIOng\Debug/..\src/tiny_printf.c:81: multiple definition of `fiprintf'
src\main.o:C:\apps\CPIOV2\CPIOng\Debug/..\src/tiny_printf.c:81: first defined here
src\tiny_printf.o: In function `ts_itoa':
C:\apps\CPIOV2\CPIOng\Debug/..\src/tiny_printf.c:81: multiple definition of `fprintf'
src\main.o:C:\apps\CPIOV2\CPIOng\Debug/..\src/tiny_printf.c:81: first defined here
src\tiny_printf.o: In function `ts_itoa':
C:\apps\CPIOV2\CPIOng\Debug/..\src/tiny_printf.c:81: multiple definition of `iprintf'
src\main.o:C:\apps\CPIOV2\CPIOng\Debug/..\src/tiny_printf.c:81: first defined here
src\tiny_printf.o: In function `ts_itoa':
C:\apps\CPIOV2\CPIOng\Debug/..\src/tiny_printf.c:81: multiple definition of `printf'
src\main.o:C:\apps\CPIOV2\CPIOng\Debug/..\src/tiny_printf.c:81: first defined here
src\tiny_printf.o: In function `ts_itoa':
C:\apps\CPIOV2\CPIOng\Debug/..\src/tiny_printf.c:81: multiple definition of `fputs'
src\main.o:C:\apps\CPIOV2\CPIOng\Debug/..\src/tiny_printf.c:81: first defined here
src\tiny_printf.o: In function `ts_itoa':
C:\apps\CPIOV2\CPIOng\Debug/..\src/tiny_printf.c:81: multiple definition of `puts'
src\main.o:C:\apps\CPIOV2\CPIOng\Debug/..\src/tiny_printf.c:81: first defined here
src\tiny_printf.o: In function `ts_itoa':
C:\apps\CPIOV2\CPIOng\Debug/..\src/tiny_printf.c:81: multiple definition of `fwrite'
src\main.o:C:\apps\CPIOV2\CPIOng\Debug/..\src/tiny_printf.c:81: first defined here
collect2.exe: error: ld returned 1 exit status
16:29:43 **** Incremental Build of configuration Debug for project CPIOng ****
Info: Internal Builder is used for build
arm-atollic-eabi-gcc -c ..\src\main.c -mthumb -mcpu=cortex-m3 -std=gnu11 -DSTM32F10X_CL -DUSE_STDPERIPH_DRIVER -I../src -I../Libraries/STM32F10x_StdPeriph_Driver/inc -I../Libraries/CMSIS/Device/ST/STM32F10x/Include -I../Libraries/CMSIS/Include -O0 -ffunction-sections -fdata-sections -g -fstack-usage -Wall -specs=nano.specs -o src\main.o 
..\src\main.c: In function 'init_CAN2':
..\src\main.c:44:10: warning: unused variable 'n' [-Wunused-variable]
  uint8_t n;
          ^
arm-atollic-eabi-gcc -o CPIOng.elf Libraries\STM32F10x_StdPeriph_Driver\src\misc.o Libraries\STM32F10x_StdPeriph_Driver\src\stm32f10x_adc.o Libraries\STM32F10x_StdPeriph_Driver\src\stm32f10x_bkp.o Libraries\STM32F10x_StdPeriph_Driver\src\stm32f10x_can.o Libraries\STM32F10x_StdPeriph_Driver\src\stm32f10x_cec.o Libraries\STM32F10x_StdPeriph_Driver\src\stm32f10x_crc.o Libraries\STM32F10x_StdPeriph_Driver\src\stm32f10x_dac.o Libraries\STM32F10x_StdPeriph_Driver\src\stm32f10x_dbgmcu.o Libraries\STM32F10x_StdPeriph_Driver\src\stm32f10x_dma.o Libraries\STM32F10x_StdPeriph_Driver\src\stm32f10x_exti.o Libraries\STM32F10x_StdPeriph_Driver\src\stm32f10x_flash.o Libraries\STM32F10x_StdPeriph_Driver\src\stm32f10x_fsmc.o Libraries\STM32F10x_StdPeriph_Driver\src\stm32f10x_gpio.o Libraries\STM32F10x_StdPeriph_Driver\src\stm32f10x_i2c.o Libraries\STM32F10x_StdPeriph_Driver\src\stm32f10x_iwdg.o Libraries\STM32F10x_StdPeriph_Driver\src\stm32f10x_pwr.o Libraries\STM32F10x_StdPeriph_Driver\src\stm32f10x_rcc.o Libraries\STM32F10x_StdPeriph_Driver\src\stm32f10x_rtc.o Libraries\STM32F10x_StdPeriph_Driver\src\stm32f10x_sdio.o Libraries\STM32F10x_StdPeriph_Driver\src\stm32f10x_spi.o Libraries\STM32F10x_StdPeriph_Driver\src\stm32f10x_tim.o Libraries\STM32F10x_StdPeriph_Driver\src\stm32f10x_usart.o Libraries\STM32F10x_StdPeriph_Driver\src\stm32f10x_wwdg.o src\main.o src\startup_stm32f10x_cl.o src\stm32f1xx_it.o src\system_stm32f10x.o src\tiny_printf.o -mthumb -mcpu=cortex-m3 -T../stm32_flash.ld -specs=nosys.specs -static -Wl,-cref,-u,Reset_Handler -Wl,-Map=CPIOng.map -Wl,--gc-sections -Wl,--defsym=malloc_getpagesize_P=0x80 -Wl,--start-group -lc -lm -Wl,--end-group -specs=nano.specs 
src\tiny_printf.o: In function `ts_itoa':
C:\apps\CPIOV2\CPIOng\Debug/..\src/tiny_printf.c:81: multiple definition of `ts_itoa'
src\main.o:C:\apps\CPIOV2\CPIOng\Debug/..\src/tiny_printf.c:81: first defined here
src\tiny_printf.o: In function `ts_itoa':
C:\apps\CPIOV2\CPIOng\Debug/..\src/tiny_printf.c:81: multiple definition of `ts_formatstring'
src\main.o:C:\apps\CPIOV2\CPIOng\Debug/../Libraries/CMSIS/Include/core_cm3.h:1178: first defined here
src\tiny_printf.o: In function `ts_itoa':
C:\apps\CPIOV2\CPIOng\Debug/..\src/tiny_printf.c:81: multiple definition of `ts_formatlength'
src\main.o:C:\apps\CPIOV2\CPIOng\Debug/../Libraries/CMSIS/Include/core_cm3.h:1178: first defined here
src\tiny_printf.o: In function `ts_itoa':
C:\apps\CPIOV2\CPIOng\Debug/..\src/tiny_printf.c:81: multiple definition of `siprintf'
src\main.o:C:\apps\CPIOV2\CPIOng\Debug/../Libraries/CMSIS/Include/core_cm3.h:1178: first defined here
src\tiny_printf.o: In function `ts_itoa':
C:\apps\CPIOV2\CPIOng\Debug/..\src/tiny_printf.c:81: multiple definition of `sprintf'
src\main.o:C:\apps\CPIOV2\CPIOng\Debug/../Libraries/CMSIS/Include/core_cm3.h:1178: first defined here
src\tiny_printf.o: In function `ts_itoa':
C:\apps\CPIOV2\CPIOng\Debug/..\src/tiny_printf.c:81: multiple definition of `fiprintf'
src\main.o:C:\apps\CPIOV2\CPIOng\Debug/../Libraries/CMSIS/Include/core_cm3.h:1178: first defined here
src\tiny_printf.o: In function `ts_itoa':
C:\apps\CPIOV2\CPIOng\Debug/..\src/tiny_printf.c:81: multiple definition of `fprintf'
src\main.o:C:\apps\CPIOV2\CPIOng\Debug/../Libraries/CMSIS/Include/core_cm3.h:1178: first defined here
src\tiny_printf.o: In function `ts_itoa':
C:\apps\CPIOV2\CPIOng\Debug/..\src/tiny_printf.c:81: multiple definition of `iprintf'
src\main.o:C:\apps\CPIOV2\CPIOng\Debug/../Libraries/CMSIS/Include/core_cm3.h:1178: first defined here
src\tiny_printf.o: In function `ts_itoa':
C:\apps\CPIOV2\CPIOng\Debug/..\src/tiny_printf.c:81: multiple definition of `printf'
src\main.o:C:\apps\CPIOV2\CPIOng\Debug/../Libraries/CMSIS/Include/core_cm3.h:1178: first defined here
src\tiny_printf.o: In function `ts_itoa':
C:\apps\CPIOV2\CPIOng\Debug/..\src/tiny_printf.c:81: multiple definition of `fputs'
src\main.o:C:\apps\CPIOV2\CPIOng\Debug/../Libraries/CMSIS/Include/core_cm3.h:1178: first defined here
src\tiny_printf.o: In function `ts_itoa':
C:\apps\CPIOV2\CPIOng\Debug/..\src/tiny_printf.c:81: multiple definition of `puts'
src\main.o:C:\apps\CPIOV2\CPIOng\Debug/../Libraries/CMSIS/Include/core_cm3.h:1178: first defined here
src\tiny_printf.o: In function `ts_itoa':
C:\apps\CPIOV2\CPIOng\Debug/..\src/tiny_printf.c:81: multiple definition of `fwrite'
src\main.o:C:\apps\CPIOV2\CPIOng\Debug/../Libraries/CMSIS/Include/core_cm3.h:1178: first defined here
collect2.exe: error: ld returned 1 exit status
16:30:18 **** Incremental Build of configuration Debug for project CPIOng ****
Info: Internal Builder is used for build
arm-atollic-eabi-gcc -c ..\src\main.c -mthumb -mcpu=cortex-m3 -std=gnu11 -DSTM32F10X_CL -DUSE_STDPERIPH_DRIVER -I../src -I../Libraries/STM32F10x_StdPeriph_Driver/inc -I../Libraries/CMSIS/Device/ST/STM32F10x/Include -I../Libraries/CMSIS/Include -O0 -ffunction-sections -fdata-sections -g -fstack-usage -Wall -specs=nano.specs -o src\main.o 
..\src\main.c: In function 'init_CAN2':
..\src\main.c:43:10: warning: unused variable 'n' [-Wunused-variable]
  uint8_t n;
          ^
..\src\main.c: In function 'main':
..\src\main.c:167:3: warning: implicit declaration of function 'printf' [-Wimplicit-function-declaration]
   printf("hello world");
   ^~~~~~
..\src\main.c:167:3: warning: incompatible implicit declaration of built-in function 'printf'
..\src\main.c:167:3: note: include '<stdio.h>' or provide a declaration of 'printf'
arm-atollic-eabi-gcc -o CPIOng.elf Libraries\STM32F10x_StdPeriph_Driver\src\misc.o Libraries\STM32F10x_StdPeriph_Driver\src\stm32f10x_adc.o Libraries\STM32F10x_StdPeriph_Driver\src\stm32f10x_bkp.o Libraries\STM32F10x_StdPeriph_Driver\src\stm32f10x_can.o Libraries\STM32F10x_StdPeriph_Driver\src\stm32f10x_cec.o Libraries\STM32F10x_StdPeriph_Driver\src\stm32f10x_crc.o Libraries\STM32F10x_StdPeriph_Driver\src\stm32f10x_dac.o Libraries\STM32F10x_StdPeriph_Driver\src\stm32f10x_dbgmcu.o Libraries\STM32F10x_StdPeriph_Driver\src\stm32f10x_dma.o Libraries\STM32F10x_StdPeriph_Driver\src\stm32f10x_exti.o Libraries\STM32F10x_StdPeriph_Driver\src\stm32f10x_flash.o Libraries\STM32F10x_StdPeriph_Driver\src\stm32f10x_fsmc.o Libraries\STM32F10x_StdPeriph_Driver\src\stm32f10x_gpio.o Libraries\STM32F10x_StdPeriph_Driver\src\stm32f10x_i2c.o Libraries\STM32F10x_StdPeriph_Driver\src\stm32f10x_iwdg.o Libraries\STM32F10x_StdPeriph_Driver\src\stm32f10x_pwr.o Libraries\STM32F10x_StdPeriph_Driver\src\stm32f10x_rcc.o Libraries\STM32F10x_StdPeriph_Driver\src\stm32f10x_rtc.o Libraries\STM32F10x_StdPeriph_Driver\src\stm32f10x_sdio.o Libraries\STM32F10x_StdPeriph_Driver\src\stm32f10x_spi.o Libraries\STM32F10x_StdPeriph_Driver\src\stm32f10x_tim.o Libraries\STM32F10x_StdPeriph_Driver\src\stm32f10x_usart.o Libraries\STM32F10x_StdPeriph_Driver\src\stm32f10x_wwdg.o src\main.o src\startup_stm32f10x_cl.o src\stm32f1xx_it.o src\system_stm32f10x.o src\tiny_printf.o -mthumb -mcpu=cortex-m3 -T../stm32_flash.ld -specs=nosys.specs -static -Wl,-cref,-u,Reset_Handler -Wl,-Map=CPIOng.map -Wl,--gc-sections -Wl,--defsym=malloc_getpagesize_P=0x80 -Wl,--start-group -lc -lm -Wl,--end-group -specs=nano.specs 
C:\Program Files (x86)\Atollic\TrueSTUDIO for STM32 9.1.0\ide\jre\bin\java -jar C:\Program Files (x86)\Atollic\TrueSTUDIO for STM32 9.1.0\Tools\arm-atollic-reports.jar sizeinfo list CPIOng.elf 
Generate build reports...
Print size information
   text	   data	    bss	    dec	    hex	filename
   5348	      8	    544	   5900	   170c	CPIOng.elf
Print size information done
Generate listing file
Output sent to: CPIOng.list
Generate listing file done
Generate build reports done
Info: Nothing to build for CPIOng
Info: Nothing to build for CPIOng
Info: Nothing to build for CPIOng
Info: Nothing to build for CPIOng
16:41:14 **** Incremental Build of configuration Debug for project CPIOng ****
Info: Internal Builder is used for build
arm-atollic-eabi-gcc -c ..\src\main.c -mthumb -mcpu=cortex-m3 -std=gnu11 -DSTM32F10X_CL -DUSE_STDPERIPH_DRIVER -I../src -I../Libraries/STM32F10x_StdPeriph_Driver/inc -I../Libraries/CMSIS/Device/ST/STM32F10x/Include -I../Libraries/CMSIS/Include -O0 -ffunction-sections -fdata-sections -g -fstack-usage -Wall -specs=nano.specs -o src\main.o 
..\src\main.c: In function 'init_CAN2':
..\src\main.c:43:10: warning: unused variable 'n' [-Wunused-variable]
  uint8_t n;
          ^
..\src\main.c: In function 'main':
..\src\main.c:168:3: warning: implicit declaration of function 'printf' [-Wimplicit-function-declaration]
   printf("hello world %d \n", i);
   ^~~~~~
..\src\main.c:168:3: warning: incompatible implicit declaration of built-in function 'printf'
..\src\main.c:168:3: note: include '<stdio.h>' or provide a declaration of 'printf'
arm-atollic-eabi-gcc -o CPIOng.elf Libraries\STM32F10x_StdPeriph_Driver\src\misc.o Libraries\STM32F10x_StdPeriph_Driver\src\stm32f10x_adc.o Libraries\STM32F10x_StdPeriph_Driver\src\stm32f10x_bkp.o Libraries\STM32F10x_StdPeriph_Driver\src\stm32f10x_can.o Libraries\STM32F10x_StdPeriph_Driver\src\stm32f10x_cec.o Libraries\STM32F10x_StdPeriph_Driver\src\stm32f10x_crc.o Libraries\STM32F10x_StdPeriph_Driver\src\stm32f10x_dac.o Libraries\STM32F10x_StdPeriph_Driver\src\stm32f10x_dbgmcu.o Libraries\STM32F10x_StdPeriph_Driver\src\stm32f10x_dma.o Libraries\STM32F10x_StdPeriph_Driver\src\stm32f10x_exti.o Libraries\STM32F10x_StdPeriph_Driver\src\stm32f10x_flash.o Libraries\STM32F10x_StdPeriph_Driver\src\stm32f10x_fsmc.o Libraries\STM32F10x_StdPeriph_Driver\src\stm32f10x_gpio.o Libraries\STM32F10x_StdPeriph_Driver\src\stm32f10x_i2c.o Libraries\STM32F10x_StdPeriph_Driver\src\stm32f10x_iwdg.o Libraries\STM32F10x_StdPeriph_Driver\src\stm32f10x_pwr.o Libraries\STM32F10x_StdPeriph_Driver\src\stm32f10x_rcc.o Libraries\STM32F10x_StdPeriph_Driver\src\stm32f10x_rtc.o Libraries\STM32F10x_StdPeriph_Driver\src\stm32f10x_sdio.o Libraries\STM32F10x_StdPeriph_Driver\src\stm32f10x_spi.o Libraries\STM32F10x_StdPeriph_Driver\src\stm32f10x_tim.o Libraries\STM32F10x_StdPeriph_Driver\src\stm32f10x_usart.o Libraries\STM32F10x_StdPeriph_Driver\src\stm32f10x_wwdg.o src\main.o src\startup_stm32f10x_cl.o src\stm32f1xx_it.o src\system_stm32f10x.o src\tiny_printf.o -mthumb -mcpu=cortex-m3 -T../stm32_flash.ld -specs=nosys.specs -static -Wl,-cref,-u,Reset_Handler -Wl,-Map=CPIOng.map -Wl,--gc-sections -Wl,--defsym=malloc_getpagesize_P=0x80 -Wl,--start-group -lc -lm -Wl,--end-group -specs=nano.specs 
C:\Program Files (x86)\Atollic\TrueSTUDIO for STM32 9.1.0\ide\jre\bin\java -jar C:\Program Files (x86)\Atollic\TrueSTUDIO for STM32 9.1.0\Tools\arm-atollic-reports.jar sizeinfo list CPIOng.elf 
Generate build reports...
Print size information
   text	   data	    bss	    dec	    hex	filename
   5372	      8	    544	   5924	   1724	CPIOng.elf
Print size information done
Generate listing file
Output sent to: CPIOng.list
Generate listing file done
Generate build reports done
