11:44:29 **** Incremental Build of configuration Debug for project CPIOng ****
Info: Internal Builder is used for build
arm-atollic-eabi-gcc -c -mthumb -mcpu=cortex-m3 -std=gnu11 -D__weak=__attribute__((weak)) -D__packed=__attribute__((__packed__)) -DUSE_HAL_DRIVER -DSTM32F105xC -I../Inc -I../Drivers/STM32F1xx_HAL_Driver/Inc -I../Drivers/STM32F1xx_HAL_Driver/Inc/Legacy -I../Middlewares/Third_Party/FreeRTOS/Source/portable/GCC/ARM_CM3 -I../Drivers/CMSIS/Device/ST/STM32F1xx/Include -I../Middlewares/Third_Party/FreeRTOS/Source/include -I../Middlewares/Third_Party/FreeRTOS/Source/CMSIS_RTOS -I../Drivers/CMSIS/Include -O0 -ffunction-sections -fdata-sections -g -fstack-usage -Wall -specs=nano.specs -o Src\main.o ..\Src\main.c 
..\Src\main.c: In function 'main':
..\Src\main.c:135:2: warning: implicit declaration of function 'FilterOnlyMyId' [-Wimplicit-function-declaration]
  FilterOnlyMyId(&hcan2); // das muss hier expliziet passierne, um den Filter nach dem setzen einer neuen can id und reset diesen zu reintiaisieren
  ^~~~~~~~~~~~~~
..\Src\main.c: In function 'FilterIdNull':
..\Src\main.c:379:27: warning: passing argument 1 of 'HAL_CAN_ConfigFilter' discards 'volatile' qualifier from pointer target type [-Wdiscarded-qualifiers]
  if (HAL_CAN_ConfigFilter(&hcan2, &sFilterConfig) != HAL_OK) {
                           ^
In file included from ../Inc/stm32f1xx_hal_conf.h:263:0,
                 from ../Drivers/STM32F1xx_HAL_Driver/Inc/stm32f1xx_hal.h:46,
                 from ..\Src\include.h:13,
                 from ..\Src\main.c:55:
../Drivers/STM32F1xx_HAL_Driver/Inc/stm32f1xx_hal_can.h:700:19: note: expected 'CAN_HandleTypeDef * {aka struct <anonymous> *}' but argument is of type 'volatile CAN_HandleTypeDef * {aka volatile struct <anonymous> *}'
 HAL_StatusTypeDef HAL_CAN_ConfigFilter(CAN_HandleTypeDef* hcan, CAN_FilterConfTypeDef* sFilterConfig);
                   ^~~~~~~~~~~~~~~~~~~~
..\Src\main.c: In function 'MX_CAN2_Init':
..\Src\main.c:409:19: warning: passing argument 1 of 'HAL_CAN_Init' discards 'volatile' qualifier from pointer target type [-Wdiscarded-qualifiers]
  if (HAL_CAN_Init(&hcan2) != HAL_OK) {
                   ^
In file included from ../Inc/stm32f1xx_hal_conf.h:263:0,
                 from ../Drivers/STM32F1xx_HAL_Driver/Inc/stm32f1xx_hal.h:46,
                 from ..\Src\include.h:13,
                 from ..\Src\main.c:55:
../Drivers/STM32F1xx_HAL_Driver/Inc/stm32f1xx_hal_can.h:699:19: note: expected 'CAN_HandleTypeDef * {aka struct <anonymous> *}' but argument is of type 'volatile CAN_HandleTypeDef * {aka volatile struct <anonymous> *}'
 HAL_StatusTypeDef HAL_CAN_Init(CAN_HandleTypeDef* hcan);
                   ^~~~~~~~~~~~
..\Src\main.c: At top level:
..\Src\main.c:421:6: warning: conflicting types for 'FilterOnlyMyId'
 void FilterOnlyMyId(CAN_HandleTypeDef* hcan) {
      ^~~~~~~~~~~~~~
..\Src\main.c:135:2: note: previous implicit declaration of 'FilterOnlyMyId' was here
  FilterOnlyMyId(&hcan2); // das muss hier expliziet passierne, um den Filter nach dem setzen einer neuen can id und reset diesen zu reintiaisieren
  ^~~~~~~~~~~~~~
..\Src\main.c:464:13: warning: 'MX_WWDG_Init' defined but not used [-Wunused-function]
 static void MX_WWDG_Init(void) {
             ^~~~~~~~~~~~
..\Src\main.c:447:13: warning: 'MX_USART1_UART_Init' defined but not used [-Wunused-function]
 static void MX_USART1_UART_Init(void) {
             ^~~~~~~~~~~~~~~~~~~
arm-atollic-eabi-gcc -c -mthumb -mcpu=cortex-m3 -std=gnu11 -D__weak=__attribute__((weak)) -D__packed=__attribute__((__packed__)) -DUSE_HAL_DRIVER -DSTM32F105xC -I../Inc -I../Drivers/STM32F1xx_HAL_Driver/Inc -I../Drivers/STM32F1xx_HAL_Driver/Inc/Legacy -I../Middlewares/Third_Party/FreeRTOS/Source/portable/GCC/ARM_CM3 -I../Drivers/CMSIS/Device/ST/STM32F1xx/Include -I../Middlewares/Third_Party/FreeRTOS/Source/include -I../Middlewares/Third_Party/FreeRTOS/Source/CMSIS_RTOS -I../Drivers/CMSIS/Include -O0 -ffunction-sections -fdata-sections -g -fstack-usage -Wall -specs=nano.specs -o Src\pulse.o ..\Src\pulse.c 
In file included from ..\Src\include.h:14:0,
                 from ..\Src\pulse.h:11,
                 from ..\Src\pulse.c:8:
..\Src\pulse.c: In function 'InitPulseSender':
../Middlewares/Third_Party/FreeRTOS/Source/CMSIS_RTOS/cmsis_os.h:470:10: warning: initialization from incompatible pointer type [-Wincompatible-pointer-types]
 { #name, (thread), (priority), (instances), (stacksz)}
          ^
..\Src\pulse.c:141:2: note: in expansion of macro 'osThreadDef'
  osThreadDef(PulseTask, SendPulsePerCanTask, osPriorityAboveNormal, 0, 128);
  ^~~~~~~~~~~
../Middlewares/Third_Party/FreeRTOS/Source/CMSIS_RTOS/cmsis_os.h:470:10: note: (near initialization for 'os_thread_def_PulseTask.pthread')
 { #name, (thread), (priority), (instances), (stacksz)}
          ^
..\Src\pulse.c:141:2: note: in expansion of macro 'osThreadDef'
  osThreadDef(PulseTask, SendPulsePerCanTask, osPriorityAboveNormal, 0, 128);
  ^~~~~~~~~~~
arm-atollic-eabi-gcc -c -mthumb -mcpu=cortex-m3 -std=gnu11 -D__weak=__attribute__((weak)) -D__packed=__attribute__((__packed__)) -DUSE_HAL_DRIVER -DSTM32F105xC -I../Inc -I../Drivers/STM32F1xx_HAL_Driver/Inc -I../Drivers/STM32F1xx_HAL_Driver/Inc/Legacy -I../Middlewares/Third_Party/FreeRTOS/Source/portable/GCC/ARM_CM3 -I../Drivers/CMSIS/Device/ST/STM32F1xx/Include -I../Middlewares/Third_Party/FreeRTOS/Source/include -I../Middlewares/Third_Party/FreeRTOS/Source/CMSIS_RTOS -I../Drivers/CMSIS/Include -O0 -ffunction-sections -fdata-sections -g -fstack-usage -Wall -specs=nano.specs -o Src\stm32f1xx_hal_msp.o ..\Src\stm32f1xx_hal_msp.c 
arm-atollic-eabi-gcc -o CPIOng.elf Drivers\STM32F1xx_HAL_Driver\Src\stm32f1xx_hal.o Drivers\STM32F1xx_HAL_Driver\Src\stm32f1xx_hal_adc.o Drivers\STM32F1xx_HAL_Driver\Src\stm32f1xx_hal_adc_ex.o Drivers\STM32F1xx_HAL_Driver\Src\stm32f1xx_hal_can.o Drivers\STM32F1xx_HAL_Driver\Src\stm32f1xx_hal_cortex.o Drivers\STM32F1xx_HAL_Driver\Src\stm32f1xx_hal_dma.o Drivers\STM32F1xx_HAL_Driver\Src\stm32f1xx_hal_flash.o Drivers\STM32F1xx_HAL_Driver\Src\stm32f1xx_hal_flash_ex.o Drivers\STM32F1xx_HAL_Driver\Src\stm32f1xx_hal_gpio.o Drivers\STM32F1xx_HAL_Driver\Src\stm32f1xx_hal_gpio_ex.o Drivers\STM32F1xx_HAL_Driver\Src\stm32f1xx_hal_pwr.o Drivers\STM32F1xx_HAL_Driver\Src\stm32f1xx_hal_rcc.o Drivers\STM32F1xx_HAL_Driver\Src\stm32f1xx_hal_rcc_ex.o Drivers\STM32F1xx_HAL_Driver\Src\stm32f1xx_hal_tim.o Drivers\STM32F1xx_HAL_Driver\Src\stm32f1xx_hal_tim_ex.o Drivers\STM32F1xx_HAL_Driver\Src\stm32f1xx_hal_uart.o Drivers\STM32F1xx_HAL_Driver\Src\stm32f1xx_hal_wwdg.o Middlewares\Third_Party\FreeRTOS\Source\CMSIS_RTOS\cmsis_os.o Middlewares\Third_Party\FreeRTOS\Source\croutine.o Middlewares\Third_Party\FreeRTOS\Source\event_groups.o Middlewares\Third_Party\FreeRTOS\Source\list.o Middlewares\Third_Party\FreeRTOS\Source\portable\GCC\ARM_CM3\port.o Middlewares\Third_Party\FreeRTOS\Source\portable\MemMang\heap_4.o Middlewares\Third_Party\FreeRTOS\Source\queue.o Middlewares\Third_Party\FreeRTOS\Source\tasks.o Middlewares\Third_Party\FreeRTOS\Source\timers.o Src\IO.o Src\alive.o Src\can.o Src\eeprom\eeprom.o Src\error.o Src\freertos.o Src\helper.o Src\main.o Src\myCanFunctions.o Src\pulse.o Src\stm32f1xx_hal_msp.o Src\stm32f1xx_it.o Src\storages.o Src\syscalls.o Src\system_stm32f1xx.o Src\usart\usart.o startup\startup_stm32f105xc.o -mthumb -mcpu=cortex-m3 -T../STM32F105RB_FLASH.ld -specs=nosys.specs -static -Wl,-Map=CPIOng.map -Wl,--gc-sections -Wl,--defsym=malloc_getpagesize_P=0x80 -Wl,--start-group -lc -lm -Wl,--end-group -specs=nano.specs 
C:\Program Files (x86)\Atollic\TrueSTUDIO for STM32 9.1.0\ide\jre\bin\java -jar C:\Program Files (x86)\Atollic\TrueSTUDIO for STM32 9.1.0\Tools\arm-atollic-reports.jar sizeinfo list CPIOng.elf 
Generate build reports...
Print size information
   text	   data	    bss	    dec	    hex	filename
  40896	    140	   8896	  49932	   c30c	CPIOng.elf
Print size information done
Generate listing file
Output sent to: CPIOng.list
Generate listing file done
Generate build reports done
arm-atollic-eabi-objcopy.exe -O ihex CPIOng.elf CPIOng.hex 
