07:39:06 **** Rebuild of configuration Debug for project IAR_STM32F103ZE_FreeRTOS_Simple_Demo ****
Info: Internal Builder is used for build
arm-atollic-eabi-gcc -c ..\Libraries\STM32F10x_StdPeriph_Driver\src\stm32f10x_dma.c -mthumb -mcpu=cortex-m3 -std=gnu11 -DUSE_IAR_STM32F103ZE -DSTM32F10X_HD -DUSE_STDPERIPH_DRIVER -I../src -I../Libraries/STM32F10x_StdPeriph_Driver/inc -I../Libraries/CMSIS/Device/ST/STM32F10x/Include -I../Libraries/CMSIS/Include -I../Utilities/STM32_EVAL/IAR_STM32F103ZE -I../FreeRTOS_Source/include -I../FreeRTOS_Source/portable/GCC/ARM_CM3 -O0 -ffunction-sections -fdata-sections -g -fstack-usage -Wall -specs=nano.specs -o Libraries\STM32F10x_StdPeriph_Driver\src\stm32f10x_dma.o 
arm-atollic-eabi-gcc -c ..\Libraries\STM32F10x_StdPeriph_Driver\src\stm32f10x_bkp.c -mthumb -mcpu=cortex-m3 -std=gnu11 -DUSE_IAR_STM32F103ZE -DSTM32F10X_HD -DUSE_STDPERIPH_DRIVER -I../src -I../Libraries/STM32F10x_StdPeriph_Driver/inc -I../Libraries/CMSIS/Device/ST/STM32F10x/Include -I../Libraries/CMSIS/Include -I../Utilities/STM32_EVAL/IAR_STM32F103ZE -I../FreeRTOS_Source/include -I../FreeRTOS_Source/portable/GCC/ARM_CM3 -O0 -ffunction-sections -fdata-sections -g -fstack-usage -Wall -specs=nano.specs -o Libraries\STM32F10x_StdPeriph_Driver\src\stm32f10x_bkp.o 
arm-atollic-eabi-gcc -c ..\Libraries\STM32F10x_StdPeriph_Driver\src\stm32f10x_crc.c -mthumb -mcpu=cortex-m3 -std=gnu11 -DUSE_IAR_STM32F103ZE -DSTM32F10X_HD -DUSE_STDPERIPH_DRIVER -I../src -I../Libraries/STM32F10x_StdPeriph_Driver/inc -I../Libraries/CMSIS/Device/ST/STM32F10x/Include -I../Libraries/CMSIS/Include -I../Utilities/STM32_EVAL/IAR_STM32F103ZE -I../FreeRTOS_Source/include -I../FreeRTOS_Source/portable/GCC/ARM_CM3 -O0 -ffunction-sections -fdata-sections -g -fstack-usage -Wall -specs=nano.specs -o Libraries\STM32F10x_StdPeriph_Driver\src\stm32f10x_crc.o 
arm-atollic-eabi-gcc -c ..\FreeRTOS_Source\portable\GCC\ARM_CM3\port.c -mthumb -mcpu=cortex-m3 -std=gnu11 -DUSE_IAR_STM32F103ZE -DSTM32F10X_HD -DUSE_STDPERIPH_DRIVER -I../src -I../Libraries/STM32F10x_StdPeriph_Driver/inc -I../Libraries/CMSIS/Device/ST/STM32F10x/Include -I../Libraries/CMSIS/Include -I../Utilities/STM32_EVAL/IAR_STM32F103ZE -I../FreeRTOS_Source/include -I../FreeRTOS_Source/portable/GCC/ARM_CM3 -O0 -ffunction-sections -fdata-sections -g -fstack-usage -Wall -specs=nano.specs -o FreeRTOS_Source\portable\GCC\ARM_CM3\port.o 
arm-atollic-eabi-gcc -c ..\Libraries\STM32F10x_StdPeriph_Driver\src\stm32f10x_i2c.c -mthumb -mcpu=cortex-m3 -std=gnu11 -DUSE_IAR_STM32F103ZE -DSTM32F10X_HD -DUSE_STDPERIPH_DRIVER -I../src -I../Libraries/STM32F10x_StdPeriph_Driver/inc -I../Libraries/CMSIS/Device/ST/STM32F10x/Include -I../Libraries/CMSIS/Include -I../Utilities/STM32_EVAL/IAR_STM32F103ZE -I../FreeRTOS_Source/include -I../FreeRTOS_Source/portable/GCC/ARM_CM3 -O0 -ffunction-sections -fdata-sections -g -fstack-usage -Wall -specs=nano.specs -o Libraries\STM32F10x_StdPeriph_Driver\src\stm32f10x_i2c.o 
arm-atollic-eabi-gcc -c ..\Libraries\STM32F10x_StdPeriph_Driver\src\stm32f10x_cec.c -mthumb -mcpu=cortex-m3 -std=gnu11 -DUSE_IAR_STM32F103ZE -DSTM32F10X_HD -DUSE_STDPERIPH_DRIVER -I../src -I../Libraries/STM32F10x_StdPeriph_Driver/inc -I../Libraries/CMSIS/Device/ST/STM32F10x/Include -I../Libraries/CMSIS/Include -I../Utilities/STM32_EVAL/IAR_STM32F103ZE -I../FreeRTOS_Source/include -I../FreeRTOS_Source/portable/GCC/ARM_CM3 -O0 -ffunction-sections -fdata-sections -g -fstack-usage -Wall -specs=nano.specs -o Libraries\STM32F10x_StdPeriph_Driver\src\stm32f10x_cec.o 
arm-atollic-eabi-gcc -c ..\Libraries\STM32F10x_StdPeriph_Driver\src\stm32f10x_rcc.c -mthumb -mcpu=cortex-m3 -std=gnu11 -DUSE_IAR_STM32F103ZE -DSTM32F10X_HD -DUSE_STDPERIPH_DRIVER -I../src -I../Libraries/STM32F10x_StdPeriph_Driver/inc -I../Libraries/CMSIS/Device/ST/STM32F10x/Include -I../Libraries/CMSIS/Include -I../Utilities/STM32_EVAL/IAR_STM32F103ZE -I../FreeRTOS_Source/include -I../FreeRTOS_Source/portable/GCC/ARM_CM3 -O0 -ffunction-sections -fdata-sections -g -fstack-usage -Wall -specs=nano.specs -o Libraries\STM32F10x_StdPeriph_Driver\src\stm32f10x_rcc.o 
arm-atollic-eabi-gcc -c -mthumb -mcpu=cortex-m3 -I../FreeRTOS_Source/include -I../FreeRTOS_Source/portable/GCC/ARM_CM3 -g -Wa,--warn -x assembler-with-cpp -specs=nano.specs -o src\startup_stm32f10x_hd.o ..\src\startup_stm32f10x_hd.s 
arm-atollic-eabi-gcc -c ..\Libraries\STM32F10x_StdPeriph_Driver\src\stm32f10x_pwr.c -mthumb -mcpu=cortex-m3 -std=gnu11 -DUSE_IAR_STM32F103ZE -DSTM32F10X_HD -DUSE_STDPERIPH_DRIVER -I../src -I../Libraries/STM32F10x_StdPeriph_Driver/inc -I../Libraries/CMSIS/Device/ST/STM32F10x/Include -I../Libraries/CMSIS/Include -I../Utilities/STM32_EVAL/IAR_STM32F103ZE -I../FreeRTOS_Source/include -I../FreeRTOS_Source/portable/GCC/ARM_CM3 -O0 -ffunction-sections -fdata-sections -g -fstack-usage -Wall -specs=nano.specs -o Libraries\STM32F10x_StdPeriph_Driver\src\stm32f10x_pwr.o 
arm-atollic-eabi-gcc -c ..\Libraries\STM32F10x_StdPeriph_Driver\src\misc.c -mthumb -mcpu=cortex-m3 -std=gnu11 -DUSE_IAR_STM32F103ZE -DSTM32F10X_HD -DUSE_STDPERIPH_DRIVER -I../src -I../Libraries/STM32F10x_StdPeriph_Driver/inc -I../Libraries/CMSIS/Device/ST/STM32F10x/Include -I../Libraries/CMSIS/Include -I../Utilities/STM32_EVAL/IAR_STM32F103ZE -I../FreeRTOS_Source/include -I../FreeRTOS_Source/portable/GCC/ARM_CM3 -O0 -ffunction-sections -fdata-sections -g -fstack-usage -Wall -specs=nano.specs -o Libraries\STM32F10x_StdPeriph_Driver\src\misc.o 
arm-atollic-eabi-gcc -c ..\Libraries\STM32F10x_StdPeriph_Driver\src\stm32f10x_iwdg.c -mthumb -mcpu=cortex-m3 -std=gnu11 -DUSE_IAR_STM32F103ZE -DSTM32F10X_HD -DUSE_STDPERIPH_DRIVER -I../src -I../Libraries/STM32F10x_StdPeriph_Driver/inc -I../Libraries/CMSIS/Device/ST/STM32F10x/Include -I../Libraries/CMSIS/Include -I../Utilities/STM32_EVAL/IAR_STM32F103ZE -I../FreeRTOS_Source/include -I../FreeRTOS_Source/portable/GCC/ARM_CM3 -O0 -ffunction-sections -fdata-sections -g -fstack-usage -Wall -specs=nano.specs -o Libraries\STM32F10x_StdPeriph_Driver\src\stm32f10x_iwdg.o 
arm-atollic-eabi-gcc -c ..\src\tiny_printf.c -mthumb -mcpu=cortex-m3 -std=gnu11 -DUSE_IAR_STM32F103ZE -DSTM32F10X_HD -DUSE_STDPERIPH_DRIVER -I../src -I../Libraries/STM32F10x_StdPeriph_Driver/inc -I../Libraries/CMSIS/Device/ST/STM32F10x/Include -I../Libraries/CMSIS/Include -I../Utilities/STM32_EVAL/IAR_STM32F103ZE -I../FreeRTOS_Source/include -I../FreeRTOS_Source/portable/GCC/ARM_CM3 -O0 -ffunction-sections -fdata-sections -g -fstack-usage -Wall -specs=nano.specs -o src\tiny_printf.o 
arm-atollic-eabi-gcc -c ..\Libraries\STM32F10x_StdPeriph_Driver\src\stm32f10x_usart.c -mthumb -mcpu=cortex-m3 -std=gnu11 -DUSE_IAR_STM32F103ZE -DSTM32F10X_HD -DUSE_STDPERIPH_DRIVER -I../src -I../Libraries/STM32F10x_StdPeriph_Driver/inc -I../Libraries/CMSIS/Device/ST/STM32F10x/Include -I../Libraries/CMSIS/Include -I../Utilities/STM32_EVAL/IAR_STM32F103ZE -I../FreeRTOS_Source/include -I../FreeRTOS_Source/portable/GCC/ARM_CM3 -O0 -ffunction-sections -fdata-sections -g -fstack-usage -Wall -specs=nano.specs -o Libraries\STM32F10x_StdPeriph_Driver\src\stm32f10x_usart.o 
arm-atollic-eabi-gcc -c ..\src\main.c -mthumb -mcpu=cortex-m3 -std=gnu11 -DUSE_IAR_STM32F103ZE -DSTM32F10X_HD -DUSE_STDPERIPH_DRIVER -I../src -I../Libraries/STM32F10x_StdPeriph_Driver/inc -I../Libraries/CMSIS/Device/ST/STM32F10x/Include -I../Libraries/CMSIS/Include -I../Utilities/STM32_EVAL/IAR_STM32F103ZE -I../FreeRTOS_Source/include -I../FreeRTOS_Source/portable/GCC/ARM_CM3 -O0 -ffunction-sections -fdata-sections -g -fstack-usage -Wall -specs=nano.specs -o src\main.o 
In file included from ..\src\main.c:140:0:
..\src\main.c: In function 'prvQueueReceiveTask':
../FreeRTOS_Source/include/queue.h:405:90: warning: passing argument 2 of 'xQueueGenericSend' discards 'volatile' qualifier from pointer target type [-Wdiscarded-qualifiers]
 #define xQueueSend( xQueue, pvItemToQueue, xTicksToWait ) xQueueGenericSend( ( xQueue ), ( pvItemToQueue ), ( xTicksToWait ), queueSEND_TO_BACK )
                                                                                          ^
..\src\main.c:360:4: note: in expansion of macro 'xQueueSend'
    xQueueSend( LED_Queue, &ulCountOfItemsReceivedOnQueue, 0 );
    ^~~~~~~~~~
../FreeRTOS_Source/include/queue.h:493:22: note: expected 'const void * const' but argument is of type 'volatile uint32_t * {aka volatile long unsigned int *}'
 signed portBASE_TYPE xQueueGenericSend( xQueueHandle pxQueue, const void * const pvItemToQueue, portTickType xTicksToWait, portBASE_TYPE xCopyPosition );
                      ^~~~~~~~~~~~~~~~~
arm-atollic-eabi-gcc -c ..\FreeRTOS_Source\queue.c -mthumb -mcpu=cortex-m3 -std=gnu11 -DUSE_IAR_STM32F103ZE -DSTM32F10X_HD -DUSE_STDPERIPH_DRIVER -I../src -I../Libraries/STM32F10x_StdPeriph_Driver/inc -I../Libraries/CMSIS/Device/ST/STM32F10x/Include -I../Libraries/CMSIS/Include -I../Utilities/STM32_EVAL/IAR_STM32F103ZE -I../FreeRTOS_Source/include -I../FreeRTOS_Source/portable/GCC/ARM_CM3 -O0 -ffunction-sections -fdata-sections -g -fstack-usage -Wall -specs=nano.specs -o FreeRTOS_Source\queue.o 
arm-atollic-eabi-gcc -c ..\Libraries\STM32F10x_StdPeriph_Driver\src\stm32f10x_sdio.c -mthumb -mcpu=cortex-m3 -std=gnu11 -DUSE_IAR_STM32F103ZE -DSTM32F10X_HD -DUSE_STDPERIPH_DRIVER -I../src -I../Libraries/STM32F10x_StdPeriph_Driver/inc -I../Libraries/CMSIS/Device/ST/STM32F10x/Include -I../Libraries/CMSIS/Include -I../Utilities/STM32_EVAL/IAR_STM32F103ZE -I../FreeRTOS_Source/include -I../FreeRTOS_Source/portable/GCC/ARM_CM3 -O0 -ffunction-sections -fdata-sections -g -fstack-usage -Wall -specs=nano.specs -o Libraries\STM32F10x_StdPeriph_Driver\src\stm32f10x_sdio.o 
arm-atollic-eabi-gcc -c ..\src\system_stm32f10x.c -mthumb -mcpu=cortex-m3 -std=gnu11 -DUSE_IAR_STM32F103ZE -DSTM32F10X_HD -DUSE_STDPERIPH_DRIVER -I../src -I../Libraries/STM32F10x_StdPeriph_Driver/inc -I../Libraries/CMSIS/Device/ST/STM32F10x/Include -I../Libraries/CMSIS/Include -I../Utilities/STM32_EVAL/IAR_STM32F103ZE -I../FreeRTOS_Source/include -I../FreeRTOS_Source/portable/GCC/ARM_CM3 -O0 -ffunction-sections -fdata-sections -g -fstack-usage -Wall -specs=nano.specs -o src\system_stm32f10x.o 
arm-atollic-eabi-gcc -c ..\Libraries\STM32F10x_StdPeriph_Driver\src\stm32f10x_dac.c -mthumb -mcpu=cortex-m3 -std=gnu11 -DUSE_IAR_STM32F103ZE -DSTM32F10X_HD -DUSE_STDPERIPH_DRIVER -I../src -I../Libraries/STM32F10x_StdPeriph_Driver/inc -I../Libraries/CMSIS/Device/ST/STM32F10x/Include -I../Libraries/CMSIS/Include -I../Utilities/STM32_EVAL/IAR_STM32F103ZE -I../FreeRTOS_Source/include -I../FreeRTOS_Source/portable/GCC/ARM_CM3 -O0 -ffunction-sections -fdata-sections -g -fstack-usage -Wall -specs=nano.specs -o Libraries\STM32F10x_StdPeriph_Driver\src\stm32f10x_dac.o 
arm-atollic-eabi-gcc -c ..\Libraries\STM32F10x_StdPeriph_Driver\src\stm32f10x_dbgmcu.c -mthumb -mcpu=cortex-m3 -std=gnu11 -DUSE_IAR_STM32F103ZE -DSTM32F10X_HD -DUSE_STDPERIPH_DRIVER -I../src -I../Libraries/STM32F10x_StdPeriph_Driver/inc -I../Libraries/CMSIS/Device/ST/STM32F10x/Include -I../Libraries/CMSIS/Include -I../Utilities/STM32_EVAL/IAR_STM32F103ZE -I../FreeRTOS_Source/include -I../FreeRTOS_Source/portable/GCC/ARM_CM3 -O0 -ffunction-sections -fdata-sections -g -fstack-usage -Wall -specs=nano.specs -o Libraries\STM32F10x_StdPeriph_Driver\src\stm32f10x_dbgmcu.o 
arm-atollic-eabi-gcc -c ..\Libraries\STM32F10x_StdPeriph_Driver\src\stm32f10x_adc.c -mthumb -mcpu=cortex-m3 -std=gnu11 -DUSE_IAR_STM32F103ZE -DSTM32F10X_HD -DUSE_STDPERIPH_DRIVER -I../src -I../Libraries/STM32F10x_StdPeriph_Driver/inc -I../Libraries/CMSIS/Device/ST/STM32F10x/Include -I../Libraries/CMSIS/Include -I../Utilities/STM32_EVAL/IAR_STM32F103ZE -I../FreeRTOS_Source/include -I../FreeRTOS_Source/portable/GCC/ARM_CM3 -O0 -ffunction-sections -fdata-sections -g -fstack-usage -Wall -specs=nano.specs -o Libraries\STM32F10x_StdPeriph_Driver\src\stm32f10x_adc.o 
arm-atollic-eabi-gcc -c ..\Libraries\STM32F10x_StdPeriph_Driver\src\stm32f10x_gpio.c -mthumb -mcpu=cortex-m3 -std=gnu11 -DUSE_IAR_STM32F103ZE -DSTM32F10X_HD -DUSE_STDPERIPH_DRIVER -I../src -I../Libraries/STM32F10x_StdPeriph_Driver/inc -I../Libraries/CMSIS/Device/ST/STM32F10x/Include -I../Libraries/CMSIS/Include -I../Utilities/STM32_EVAL/IAR_STM32F103ZE -I../FreeRTOS_Source/include -I../FreeRTOS_Source/portable/GCC/ARM_CM3 -O0 -ffunction-sections -fdata-sections -g -fstack-usage -Wall -specs=nano.specs -o Libraries\STM32F10x_StdPeriph_Driver\src\stm32f10x_gpio.o 
arm-atollic-eabi-gcc -c ..\Libraries\STM32F10x_StdPeriph_Driver\src\stm32f10x_tim.c -mthumb -mcpu=cortex-m3 -std=gnu11 -DUSE_IAR_STM32F103ZE -DSTM32F10X_HD -DUSE_STDPERIPH_DRIVER -I../src -I../Libraries/STM32F10x_StdPeriph_Driver/inc -I../Libraries/CMSIS/Device/ST/STM32F10x/Include -I../Libraries/CMSIS/Include -I../Utilities/STM32_EVAL/IAR_STM32F103ZE -I../FreeRTOS_Source/include -I../FreeRTOS_Source/portable/GCC/ARM_CM3 -O0 -ffunction-sections -fdata-sections -g -fstack-usage -Wall -specs=nano.specs -o Libraries\STM32F10x_StdPeriph_Driver\src\stm32f10x_tim.o 
arm-atollic-eabi-gcc -c ..\Libraries\STM32F10x_StdPeriph_Driver\src\stm32f10x_can.c -mthumb -mcpu=cortex-m3 -std=gnu11 -DUSE_IAR_STM32F103ZE -DSTM32F10X_HD -DUSE_STDPERIPH_DRIVER -I../src -I../Libraries/STM32F10x_StdPeriph_Driver/inc -I../Libraries/CMSIS/Device/ST/STM32F10x/Include -I../Libraries/CMSIS/Include -I../Utilities/STM32_EVAL/IAR_STM32F103ZE -I../FreeRTOS_Source/include -I../FreeRTOS_Source/portable/GCC/ARM_CM3 -O0 -ffunction-sections -fdata-sections -g -fstack-usage -Wall -specs=nano.specs -o Libraries\STM32F10x_StdPeriph_Driver\src\stm32f10x_can.o 
arm-atollic-eabi-gcc -c ..\Libraries\STM32F10x_StdPeriph_Driver\src\stm32f10x_flash.c -mthumb -mcpu=cortex-m3 -std=gnu11 -DUSE_IAR_STM32F103ZE -DSTM32F10X_HD -DUSE_STDPERIPH_DRIVER -I../src -I../Libraries/STM32F10x_StdPeriph_Driver/inc -I../Libraries/CMSIS/Device/ST/STM32F10x/Include -I../Libraries/CMSIS/Include -I../Utilities/STM32_EVAL/IAR_STM32F103ZE -I../FreeRTOS_Source/include -I../FreeRTOS_Source/portable/GCC/ARM_CM3 -O0 -ffunction-sections -fdata-sections -g -fstack-usage -Wall -specs=nano.specs -o Libraries\STM32F10x_StdPeriph_Driver\src\stm32f10x_flash.o 
arm-atollic-eabi-gcc -c ..\Libraries\STM32F10x_StdPeriph_Driver\src\stm32f10x_fsmc.c -mthumb -mcpu=cortex-m3 -std=gnu11 -DUSE_IAR_STM32F103ZE -DSTM32F10X_HD -DUSE_STDPERIPH_DRIVER -I../src -I../Libraries/STM32F10x_StdPeriph_Driver/inc -I../Libraries/CMSIS/Device/ST/STM32F10x/Include -I../Libraries/CMSIS/Include -I../Utilities/STM32_EVAL/IAR_STM32F103ZE -I../FreeRTOS_Source/include -I../FreeRTOS_Source/portable/GCC/ARM_CM3 -O0 -ffunction-sections -fdata-sections -g -fstack-usage -Wall -specs=nano.specs -o Libraries\STM32F10x_StdPeriph_Driver\src\stm32f10x_fsmc.o 
arm-atollic-eabi-gcc -c ..\Libraries\STM32F10x_StdPeriph_Driver\src\stm32f10x_rtc.c -mthumb -mcpu=cortex-m3 -std=gnu11 -DUSE_IAR_STM32F103ZE -DSTM32F10X_HD -DUSE_STDPERIPH_DRIVER -I../src -I../Libraries/STM32F10x_StdPeriph_Driver/inc -I../Libraries/CMSIS/Device/ST/STM32F10x/Include -I../Libraries/CMSIS/Include -I../Utilities/STM32_EVAL/IAR_STM32F103ZE -I../FreeRTOS_Source/include -I../FreeRTOS_Source/portable/GCC/ARM_CM3 -O0 -ffunction-sections -fdata-sections -g -fstack-usage -Wall -specs=nano.specs -o Libraries\STM32F10x_StdPeriph_Driver\src\stm32f10x_rtc.o 
arm-atollic-eabi-gcc -c ..\Libraries\STM32F10x_StdPeriph_Driver\src\stm32f10x_exti.c -mthumb -mcpu=cortex-m3 -std=gnu11 -DUSE_IAR_STM32F103ZE -DSTM32F10X_HD -DUSE_STDPERIPH_DRIVER -I../src -I../Libraries/STM32F10x_StdPeriph_Driver/inc -I../Libraries/CMSIS/Device/ST/STM32F10x/Include -I../Libraries/CMSIS/Include -I../Utilities/STM32_EVAL/IAR_STM32F103ZE -I../FreeRTOS_Source/include -I../FreeRTOS_Source/portable/GCC/ARM_CM3 -O0 -ffunction-sections -fdata-sections -g -fstack-usage -Wall -specs=nano.specs -o Libraries\STM32F10x_StdPeriph_Driver\src\stm32f10x_exti.o 
arm-atollic-eabi-gcc -c ..\Libraries\STM32F10x_StdPeriph_Driver\src\stm32f10x_spi.c -mthumb -mcpu=cortex-m3 -std=gnu11 -DUSE_IAR_STM32F103ZE -DSTM32F10X_HD -DUSE_STDPERIPH_DRIVER -I../src -I../Libraries/STM32F10x_StdPeriph_Driver/inc -I../Libraries/CMSIS/Device/ST/STM32F10x/Include -I../Libraries/CMSIS/Include -I../Utilities/STM32_EVAL/IAR_STM32F103ZE -I../FreeRTOS_Source/include -I../FreeRTOS_Source/portable/GCC/ARM_CM3 -O0 -ffunction-sections -fdata-sections -g -fstack-usage -Wall -specs=nano.specs -o Libraries\STM32F10x_StdPeriph_Driver\src\stm32f10x_spi.o 
arm-atollic-eabi-gcc -c ..\Libraries\STM32F10x_StdPeriph_Driver\src\stm32f10x_wwdg.c -mthumb -mcpu=cortex-m3 -std=gnu11 -DUSE_IAR_STM32F103ZE -DSTM32F10X_HD -DUSE_STDPERIPH_DRIVER -I../src -I../Libraries/STM32F10x_StdPeriph_Driver/inc -I../Libraries/CMSIS/Device/ST/STM32F10x/Include -I../Libraries/CMSIS/Include -I../Utilities/STM32_EVAL/IAR_STM32F103ZE -I../FreeRTOS_Source/include -I../FreeRTOS_Source/portable/GCC/ARM_CM3 -O0 -ffunction-sections -fdata-sections -g -fstack-usage -Wall -specs=nano.specs -o Libraries\STM32F10x_StdPeriph_Driver\src\stm32f10x_wwdg.o 
arm-atollic-eabi-gcc -c ..\FreeRTOS_Source\portable\MemMang\heap_1.c -mthumb -mcpu=cortex-m3 -std=gnu11 -DUSE_IAR_STM32F103ZE -DSTM32F10X_HD -DUSE_STDPERIPH_DRIVER -I../src -I../Libraries/STM32F10x_StdPeriph_Driver/inc -I../Libraries/CMSIS/Device/ST/STM32F10x/Include -I../Libraries/CMSIS/Include -I../Utilities/STM32_EVAL/IAR_STM32F103ZE -I../FreeRTOS_Source/include -I../FreeRTOS_Source/portable/GCC/ARM_CM3 -O0 -ffunction-sections -fdata-sections -g -fstack-usage -Wall -specs=nano.specs -o FreeRTOS_Source\portable\MemMang\heap_1.o 
arm-atollic-eabi-gcc -c ..\FreeRTOS_Source\tasks.c -mthumb -mcpu=cortex-m3 -std=gnu11 -DUSE_IAR_STM32F103ZE -DSTM32F10X_HD -DUSE_STDPERIPH_DRIVER -I../src -I../Libraries/STM32F10x_StdPeriph_Driver/inc -I../Libraries/CMSIS/Device/ST/STM32F10x/Include -I../Libraries/CMSIS/Include -I../Utilities/STM32_EVAL/IAR_STM32F103ZE -I../FreeRTOS_Source/include -I../FreeRTOS_Source/portable/GCC/ARM_CM3 -O0 -ffunction-sections -fdata-sections -g -fstack-usage -Wall -specs=nano.specs -o FreeRTOS_Source\tasks.o 
arm-atollic-eabi-gcc -c ..\FreeRTOS_Source\list.c -mthumb -mcpu=cortex-m3 -std=gnu11 -DUSE_IAR_STM32F103ZE -DSTM32F10X_HD -DUSE_STDPERIPH_DRIVER -I../src -I../Libraries/STM32F10x_StdPeriph_Driver/inc -I../Libraries/CMSIS/Device/ST/STM32F10x/Include -I../Libraries/CMSIS/Include -I../Utilities/STM32_EVAL/IAR_STM32F103ZE -I../FreeRTOS_Source/include -I../FreeRTOS_Source/portable/GCC/ARM_CM3 -O0 -ffunction-sections -fdata-sections -g -fstack-usage -Wall -specs=nano.specs -o FreeRTOS_Source\list.o 
arm-atollic-eabi-gcc -c ..\FreeRTOS_Source\timers.c -mthumb -mcpu=cortex-m3 -std=gnu11 -DUSE_IAR_STM32F103ZE -DSTM32F10X_HD -DUSE_STDPERIPH_DRIVER -I../src -I../Libraries/STM32F10x_StdPeriph_Driver/inc -I../Libraries/CMSIS/Device/ST/STM32F10x/Include -I../Libraries/CMSIS/Include -I../Utilities/STM32_EVAL/IAR_STM32F103ZE -I../FreeRTOS_Source/include -I../FreeRTOS_Source/portable/GCC/ARM_CM3 -O0 -ffunction-sections -fdata-sections -g -fstack-usage -Wall -specs=nano.specs -o FreeRTOS_Source\timers.o 
arm-atollic-eabi-gcc -c ..\Utilities\STM32_EVAL\IAR_STM32F103ZE\board.c -mthumb -mcpu=cortex-m3 -std=gnu11 -DUSE_IAR_STM32F103ZE -DSTM32F10X_HD -DUSE_STDPERIPH_DRIVER -I../src -I../Libraries/STM32F10x_StdPeriph_Driver/inc -I../Libraries/CMSIS/Device/ST/STM32F10x/Include -I../Libraries/CMSIS/Include -I../Utilities/STM32_EVAL/IAR_STM32F103ZE -I../FreeRTOS_Source/include -I../FreeRTOS_Source/portable/GCC/ARM_CM3 -O0 -ffunction-sections -fdata-sections -g -fstack-usage -Wall -specs=nano.specs -o Utilities\STM32_EVAL\IAR_STM32F103ZE\board.o 
arm-atollic-eabi-gcc -c ..\src\stm32f10x_it.c -mthumb -mcpu=cortex-m3 -std=gnu11 -DUSE_IAR_STM32F103ZE -DSTM32F10X_HD -DUSE_STDPERIPH_DRIVER -I../src -I../Libraries/STM32F10x_StdPeriph_Driver/inc -I../Libraries/CMSIS/Device/ST/STM32F10x/Include -I../Libraries/CMSIS/Include -I../Utilities/STM32_EVAL/IAR_STM32F103ZE -I../FreeRTOS_Source/include -I../FreeRTOS_Source/portable/GCC/ARM_CM3 -O0 -ffunction-sections -fdata-sections -g -fstack-usage -Wall -specs=nano.specs -o src\stm32f10x_it.o 
arm-atollic-eabi-gcc -o IAR_STM32F103ZE_FreeRTOS_Simple_Demo.elf FreeRTOS_Source\list.o FreeRTOS_Source\portable\GCC\ARM_CM3\port.o FreeRTOS_Source\portable\MemMang\heap_1.o FreeRTOS_Source\queue.o FreeRTOS_Source\tasks.o FreeRTOS_Source\timers.o Libraries\STM32F10x_StdPeriph_Driver\src\misc.o Libraries\STM32F10x_StdPeriph_Driver\src\stm32f10x_adc.o Libraries\STM32F10x_StdPeriph_Driver\src\stm32f10x_bkp.o Libraries\STM32F10x_StdPeriph_Driver\src\stm32f10x_can.o Libraries\STM32F10x_StdPeriph_Driver\src\stm32f10x_cec.o Libraries\STM32F10x_StdPeriph_Driver\src\stm32f10x_crc.o Libraries\STM32F10x_StdPeriph_Driver\src\stm32f10x_dac.o Libraries\STM32F10x_StdPeriph_Driver\src\stm32f10x_dbgmcu.o Libraries\STM32F10x_StdPeriph_Driver\src\stm32f10x_dma.o Libraries\STM32F10x_StdPeriph_Driver\src\stm32f10x_exti.o Libraries\STM32F10x_StdPeriph_Driver\src\stm32f10x_flash.o Libraries\STM32F10x_StdPeriph_Driver\src\stm32f10x_fsmc.o Libraries\STM32F10x_StdPeriph_Driver\src\stm32f10x_gpio.o Libraries\STM32F10x_StdPeriph_Driver\src\stm32f10x_i2c.o Libraries\STM32F10x_StdPeriph_Driver\src\stm32f10x_iwdg.o Libraries\STM32F10x_StdPeriph_Driver\src\stm32f10x_pwr.o Libraries\STM32F10x_StdPeriph_Driver\src\stm32f10x_rcc.o Libraries\STM32F10x_StdPeriph_Driver\src\stm32f10x_rtc.o Libraries\STM32F10x_StdPeriph_Driver\src\stm32f10x_sdio.o Libraries\STM32F10x_StdPeriph_Driver\src\stm32f10x_spi.o Libraries\STM32F10x_StdPeriph_Driver\src\stm32f10x_tim.o Libraries\STM32F10x_StdPeriph_Driver\src\stm32f10x_usart.o Libraries\STM32F10x_StdPeriph_Driver\src\stm32f10x_wwdg.o Utilities\STM32_EVAL\IAR_STM32F103ZE\board.o src\main.o src\startup_stm32f10x_hd.o src\stm32f10x_it.o src\system_stm32f10x.o src\tiny_printf.o -lm -mthumb -mcpu=cortex-m3 -T../Debug_STM32F105RB_FLASH.ld -specs=nosys.specs -static -Wl,-cref,-u,Reset_Handler -Wl,-Map=IAR_STM32F103ZE_FreeRTOS_Simple_Demo.map -Wl,--gc-sections -Wl,--defsym=malloc_getpagesize_P=0x80 -Wl,--start-group -lc -lm -Wl,--end-group -specs=nano.specs 
C:\Program Files (x86)\Atollic\TrueSTUDIO for STM32 9.1.0\ide\jre\bin\java -jar C:\Program Files (x86)\Atollic\TrueSTUDIO for STM32 9.1.0\Tools\arm-atollic-reports.jar sizeinfo list IAR_STM32F103ZE_FreeRTOS_Simple_Demo.elf 
Generate build reports...
Print size information
   text	   data	    bss	    dec	    hex	filename
  10192	     20	   8184	  18396	   47dc	IAR_STM32F103ZE_FreeRTOS_Simple_Demo.elf
Print size information done
Generate listing file
Output sent to: IAR_STM32F103ZE_FreeRTOS_Simple_Demo.list
Generate listing file done
Generate build reports done

07:39:12 Build Finished (took 5s.566ms)

