11:31:10 **** Rebuild of configuration Debug for project Knoten ****
Info: Internal Builder is used for build
arm-atollic-eabi-gcc -c ..\src\CoOS\kernel\serviceReq.c -mthumb -mcpu=cortex-m3 -std=gnu11 -DSTM32F10X_CL -DUSE_STDPERIPH_DRIVER -DDEBUG_PRINTF -I../src -I../Libraries/STM32F10x_StdPeriph_Driver/inc -I../Libraries/CMSIS/Device/ST/STM32F10x/Include -I../Libraries/CMSIS/Include -I../src\CoOS -I../src\CoOS\kernel -I../src\CoOS\portable -I../EEPROM_Emulation\inc -O0 -ffunction-sections -fdata-sections -g -fstack-usage -Wall -o src\CoOS\kernel\serviceReq.o 
arm-atollic-eabi-gcc -c ..\src\can.c -mthumb -mcpu=cortex-m3 -std=gnu11 -DSTM32F10X_CL -DUSE_STDPERIPH_DRIVER -DDEBUG_PRINTF -I../src -I../Libraries/STM32F10x_StdPeriph_Driver/inc -I../Libraries/CMSIS/Device/ST/STM32F10x/Include -I../Libraries/CMSIS/Include -I../src\CoOS -I../src\CoOS\kernel -I../src\CoOS\portable -I../EEPROM_Emulation\inc -O0 -ffunction-sections -fdata-sections -g -fstack-usage -Wall -o src\can.o 
arm-atollic-eabi-gcc -c ..\src\CoOS\kernel\mm.c -mthumb -mcpu=cortex-m3 -std=gnu11 -DSTM32F10X_CL -DUSE_STDPERIPH_DRIVER -DDEBUG_PRINTF -I../src -I../Libraries/STM32F10x_StdPeriph_Driver/inc -I../Libraries/CMSIS/Device/ST/STM32F10x/Include -I../Libraries/CMSIS/Include -I../src\CoOS -I../src\CoOS\kernel -I../src\CoOS\portable -I../EEPROM_Emulation\inc -O0 -ffunction-sections -fdata-sections -g -fstack-usage -Wall -o src\CoOS\kernel\mm.o 
arm-atollic-eabi-gcc -c ..\src\CoOS\kernel\timer.c -mthumb -mcpu=cortex-m3 -std=gnu11 -DSTM32F10X_CL -DUSE_STDPERIPH_DRIVER -DDEBUG_PRINTF -I../src -I../Libraries/STM32F10x_StdPeriph_Driver/inc -I../Libraries/CMSIS/Device/ST/STM32F10x/Include -I../Libraries/CMSIS/Include -I../src\CoOS -I../src\CoOS\kernel -I../src\CoOS\portable -I../EEPROM_Emulation\inc -O0 -ffunction-sections -fdata-sections -g -fstack-usage -Wall -o src\CoOS\kernel\timer.o 
arm-atollic-eabi-gcc -c ..\Libraries\STM32F10x_StdPeriph_Driver\src\stm32f10x_i2c.c -mthumb -mcpu=cortex-m3 -std=gnu11 -DSTM32F10X_CL -DUSE_STDPERIPH_DRIVER -DDEBUG_PRINTF -I../src -I../Libraries/STM32F10x_StdPeriph_Driver/inc -I../Libraries/CMSIS/Device/ST/STM32F10x/Include -I../Libraries/CMSIS/Include -I../src\CoOS -I../src\CoOS\kernel -I../src\CoOS\portable -I../EEPROM_Emulation\inc -O0 -ffunction-sections -fdata-sections -g -fstack-usage -Wall -o Libraries\STM32F10x_StdPeriph_Driver\src\stm32f10x_i2c.o 
arm-atollic-eabi-gcc -c ..\src\stm32f1xx_it.c -mthumb -mcpu=cortex-m3 -std=gnu11 -DSTM32F10X_CL -DUSE_STDPERIPH_DRIVER -DDEBUG_PRINTF -I../src -I../Libraries/STM32F10x_StdPeriph_Driver/inc -I../Libraries/CMSIS/Device/ST/STM32F10x/Include -I../Libraries/CMSIS/Include -I../src\CoOS -I../src\CoOS\kernel -I../src\CoOS\portable -I../EEPROM_Emulation\inc -O0 -ffunction-sections -fdata-sections -g -fstack-usage -Wall -o src\stm32f1xx_it.o 
arm-atollic-eabi-gcc -c ..\Libraries\STM32F10x_StdPeriph_Driver\src\stm32f10x_bkp.c -mthumb -mcpu=cortex-m3 -std=gnu11 -DSTM32F10X_CL -DUSE_STDPERIPH_DRIVER -DDEBUG_PRINTF -I../src -I../Libraries/STM32F10x_StdPeriph_Driver/inc -I../Libraries/CMSIS/Device/ST/STM32F10x/Include -I../Libraries/CMSIS/Include -I../src\CoOS -I../src\CoOS\kernel -I../src\CoOS\portable -I../EEPROM_Emulation\inc -O0 -ffunction-sections -fdata-sections -g -fstack-usage -Wall -o Libraries\STM32F10x_StdPeriph_Driver\src\stm32f10x_bkp.o 
arm-atollic-eabi-gcc -c ..\src\CoOS\kernel\utility.c -mthumb -mcpu=cortex-m3 -std=gnu11 -DSTM32F10X_CL -DUSE_STDPERIPH_DRIVER -DDEBUG_PRINTF -I../src -I../Libraries/STM32F10x_StdPeriph_Driver/inc -I../Libraries/CMSIS/Device/ST/STM32F10x/Include -I../Libraries/CMSIS/Include -I../src\CoOS -I../src\CoOS\kernel -I../src\CoOS\portable -I../EEPROM_Emulation\inc -O0 -ffunction-sections -fdata-sections -g -fstack-usage -Wall -o src\CoOS\kernel\utility.o 
arm-atollic-eabi-gcc -c ..\Libraries\STM32F10x_StdPeriph_Driver\src\stm32f10x_usart.c -mthumb -mcpu=cortex-m3 -std=gnu11 -DSTM32F10X_CL -DUSE_STDPERIPH_DRIVER -DDEBUG_PRINTF -I../src -I../Libraries/STM32F10x_StdPeriph_Driver/inc -I../Libraries/CMSIS/Device/ST/STM32F10x/Include -I../Libraries/CMSIS/Include -I../src\CoOS -I../src\CoOS\kernel -I../src\CoOS\portable -I../EEPROM_Emulation\inc -O0 -ffunction-sections -fdata-sections -g -fstack-usage -Wall -o Libraries\STM32F10x_StdPeriph_Driver\src\stm32f10x_usart.o 
arm-atollic-eabi-gcc -c ..\Libraries\STM32F10x_StdPeriph_Driver\src\stm32f10x_tim.c -mthumb -mcpu=cortex-m3 -std=gnu11 -DSTM32F10X_CL -DUSE_STDPERIPH_DRIVER -DDEBUG_PRINTF -I../src -I../Libraries/STM32F10x_StdPeriph_Driver/inc -I../Libraries/CMSIS/Device/ST/STM32F10x/Include -I../Libraries/CMSIS/Include -I../src\CoOS -I../src\CoOS\kernel -I../src\CoOS\portable -I../EEPROM_Emulation\inc -O0 -ffunction-sections -fdata-sections -g -fstack-usage -Wall -o Libraries\STM32F10x_StdPeriph_Driver\src\stm32f10x_tim.o 
arm-atollic-eabi-gcc -c ..\src\flag_timer.c -mthumb -mcpu=cortex-m3 -std=gnu11 -DSTM32F10X_CL -DUSE_STDPERIPH_DRIVER -DDEBUG_PRINTF -I../src -I../Libraries/STM32F10x_StdPeriph_Driver/inc -I../Libraries/CMSIS/Device/ST/STM32F10x/Include -I../Libraries/CMSIS/Include -I../src\CoOS -I../src\CoOS\kernel -I../src\CoOS\portable -I../EEPROM_Emulation\inc -O0 -ffunction-sections -fdata-sections -g -fstack-usage -Wall -o src\flag_timer.o 
arm-atollic-eabi-gcc -c ..\Libraries\STM32F10x_StdPeriph_Driver\src\stm32f10x_fsmc.c -mthumb -mcpu=cortex-m3 -std=gnu11 -DSTM32F10X_CL -DUSE_STDPERIPH_DRIVER -DDEBUG_PRINTF -I../src -I../Libraries/STM32F10x_StdPeriph_Driver/inc -I../Libraries/CMSIS/Device/ST/STM32F10x/Include -I../Libraries/CMSIS/Include -I../src\CoOS -I../src\CoOS\kernel -I../src\CoOS\portable -I../EEPROM_Emulation\inc -O0 -ffunction-sections -fdata-sections -g -fstack-usage -Wall -o Libraries\STM32F10x_StdPeriph_Driver\src\stm32f10x_fsmc.o 
arm-atollic-eabi-gcc -c ..\Libraries\STM32F10x_StdPeriph_Driver\src\stm32f10x_pwr.c -mthumb -mcpu=cortex-m3 -std=gnu11 -DSTM32F10X_CL -DUSE_STDPERIPH_DRIVER -DDEBUG_PRINTF -I../src -I../Libraries/STM32F10x_StdPeriph_Driver/inc -I../Libraries/CMSIS/Device/ST/STM32F10x/Include -I../Libraries/CMSIS/Include -I../src\CoOS -I../src\CoOS\kernel -I../src\CoOS\portable -I../EEPROM_Emulation\inc -O0 -ffunction-sections -fdata-sections -g -fstack-usage -Wall -o Libraries\STM32F10x_StdPeriph_Driver\src\stm32f10x_pwr.o 
arm-atollic-eabi-gcc -c ..\src\IOs.c -mthumb -mcpu=cortex-m3 -std=gnu11 -DSTM32F10X_CL -DUSE_STDPERIPH_DRIVER -DDEBUG_PRINTF -I../src -I../Libraries/STM32F10x_StdPeriph_Driver/inc -I../Libraries/CMSIS/Device/ST/STM32F10x/Include -I../Libraries/CMSIS/Include -I../src\CoOS -I../src\CoOS\kernel -I../src\CoOS\portable -I../EEPROM_Emulation\inc -O0 -ffunction-sections -fdata-sections -g -fstack-usage -Wall -o src\IOs.o 
arm-atollic-eabi-gcc -c ..\src\delay.c -mthumb -mcpu=cortex-m3 -std=gnu11 -DSTM32F10X_CL -DUSE_STDPERIPH_DRIVER -DDEBUG_PRINTF -I../src -I../Libraries/STM32F10x_StdPeriph_Driver/inc -I../Libraries/CMSIS/Device/ST/STM32F10x/Include -I../Libraries/CMSIS/Include -I../src\CoOS -I../src\CoOS\kernel -I../src\CoOS\portable -I../EEPROM_Emulation\inc -Os -ffunction-sections -fdata-sections -g -fstack-usage -Wall -o src\delay.o 
arm-atollic-eabi-gcc -c ..\Libraries\STM32F10x_StdPeriph_Driver\src\stm32f10x_gpio.c -mthumb -mcpu=cortex-m3 -std=gnu11 -DSTM32F10X_CL -DUSE_STDPERIPH_DRIVER -DDEBUG_PRINTF -I../src -I../Libraries/STM32F10x_StdPeriph_Driver/inc -I../Libraries/CMSIS/Device/ST/STM32F10x/Include -I../Libraries/CMSIS/Include -I../src\CoOS -I../src\CoOS\kernel -I../src\CoOS\portable -I../EEPROM_Emulation\inc -O0 -ffunction-sections -fdata-sections -g -fstack-usage -Wall -o Libraries\STM32F10x_StdPeriph_Driver\src\stm32f10x_gpio.o 
arm-atollic-eabi-gcc -c ..\Libraries\STM32F10x_StdPeriph_Driver\src\stm32f10x_exti.c -mthumb -mcpu=cortex-m3 -std=gnu11 -DSTM32F10X_CL -DUSE_STDPERIPH_DRIVER -DDEBUG_PRINTF -I../src -I../Libraries/STM32F10x_StdPeriph_Driver/inc -I../Libraries/CMSIS/Device/ST/STM32F10x/Include -I../Libraries/CMSIS/Include -I../src\CoOS -I../src\CoOS\kernel -I../src\CoOS\portable -I../EEPROM_Emulation\inc -O0 -ffunction-sections -fdata-sections -g -fstack-usage -Wall -o Libraries\STM32F10x_StdPeriph_Driver\src\stm32f10x_exti.o 
arm-atollic-eabi-gcc -c -mthumb -mcpu=cortex-m3 -DSTM32F10X_CL -DUSE_STDPERIPH_DRIVER -I../src -I../Libraries/STM32F10x_StdPeriph_Driver/inc -I../Libraries/CMSIS/Device/ST/STM32F10x/Include -I../Libraries/CMSIS/Include -g -Wa,--warn -x assembler-with-cpp -o src\startup_stm32f10x_cl.o ..\src\startup_stm32f10x_cl.s 
arm-atollic-eabi-gcc -c ..\Libraries\STM32F10x_StdPeriph_Driver\src\stm32f10x_dac.c -mthumb -mcpu=cortex-m3 -std=gnu11 -DSTM32F10X_CL -DUSE_STDPERIPH_DRIVER -DDEBUG_PRINTF -I../src -I../Libraries/STM32F10x_StdPeriph_Driver/inc -I../Libraries/CMSIS/Device/ST/STM32F10x/Include -I../Libraries/CMSIS/Include -I../src\CoOS -I../src\CoOS\kernel -I../src\CoOS\portable -I../EEPROM_Emulation\inc -O0 -ffunction-sections -fdata-sections -g -fstack-usage -Wall -o Libraries\STM32F10x_StdPeriph_Driver\src\stm32f10x_dac.o 
arm-atollic-eabi-gcc -c ..\src\CoOS\kernel\queue.c -mthumb -mcpu=cortex-m3 -std=gnu11 -DSTM32F10X_CL -DUSE_STDPERIPH_DRIVER -DDEBUG_PRINTF -I../src -I../Libraries/STM32F10x_StdPeriph_Driver/inc -I../Libraries/CMSIS/Device/ST/STM32F10x/Include -I../Libraries/CMSIS/Include -I../src\CoOS -I../src\CoOS\kernel -I../src\CoOS\portable -I../EEPROM_Emulation\inc -O0 -ffunction-sections -fdata-sections -g -fstack-usage -Wall -o src\CoOS\kernel\queue.o 
arm-atollic-eabi-gcc -c ..\src\CoOS\kernel\sem.c -mthumb -mcpu=cortex-m3 -std=gnu11 -DSTM32F10X_CL -DUSE_STDPERIPH_DRIVER -DDEBUG_PRINTF -I../src -I../Libraries/STM32F10x_StdPeriph_Driver/inc -I../Libraries/CMSIS/Device/ST/STM32F10x/Include -I../Libraries/CMSIS/Include -I../src\CoOS -I../src\CoOS\kernel -I../src\CoOS\portable -I../EEPROM_Emulation\inc -O0 -ffunction-sections -fdata-sections -g -fstack-usage -Wall -o src\CoOS\kernel\sem.o 
arm-atollic-eabi-gcc -c ..\Libraries\STM32F10x_StdPeriph_Driver\src\stm32f10x_sdio.c -mthumb -mcpu=cortex-m3 -std=gnu11 -DSTM32F10X_CL -DUSE_STDPERIPH_DRIVER -DDEBUG_PRINTF -I../src -I../Libraries/STM32F10x_StdPeriph_Driver/inc -I../Libraries/CMSIS/Device/ST/STM32F10x/Include -I../Libraries/CMSIS/Include -I../src\CoOS -I../src\CoOS\kernel -I../src\CoOS\portable -I../EEPROM_Emulation\inc -O0 -ffunction-sections -fdata-sections -g -fstack-usage -Wall -o Libraries\STM32F10x_StdPeriph_Driver\src\stm32f10x_sdio.o 
arm-atollic-eabi-gcc -c ..\src\CoOS\portable\GCC\port.c -mthumb -mcpu=cortex-m3 -std=gnu11 -DSTM32F10X_CL -DUSE_STDPERIPH_DRIVER -DDEBUG_PRINTF -I../src -I../Libraries/STM32F10x_StdPeriph_Driver/inc -I../Libraries/CMSIS/Device/ST/STM32F10x/Include -I../Libraries/CMSIS/Include -I../src\CoOS -I../src\CoOS\kernel -I../src\CoOS\portable -I../EEPROM_Emulation\inc -O0 -ffunction-sections -fdata-sections -g -fstack-usage -Wall -o src\CoOS\portable\GCC\port.o 
arm-atollic-eabi-gcc -c ..\EEPROM_Emulation\src\eeprom.c -mthumb -mcpu=cortex-m3 -std=gnu11 -DSTM32F10X_CL -DUSE_STDPERIPH_DRIVER -DDEBUG_PRINTF -I../src -I../Libraries/STM32F10x_StdPeriph_Driver/inc -I../Libraries/CMSIS/Device/ST/STM32F10x/Include -I../Libraries/CMSIS/Include -I../src\CoOS -I../src\CoOS\kernel -I../src\CoOS\portable -I../EEPROM_Emulation\inc -O0 -ffunction-sections -fdata-sections -g -fstack-usage -Wall -o EEPROM_Emulation\src\eeprom.o 
arm-atollic-eabi-gcc -c ..\Libraries\STM32F10x_StdPeriph_Driver\src\stm32f10x_adc.c -mthumb -mcpu=cortex-m3 -std=gnu11 -DSTM32F10X_CL -DUSE_STDPERIPH_DRIVER -DDEBUG_PRINTF -I../src -I../Libraries/STM32F10x_StdPeriph_Driver/inc -I../Libraries/CMSIS/Device/ST/STM32F10x/Include -I../Libraries/CMSIS/Include -I../src\CoOS -I../src\CoOS\kernel -I../src\CoOS\portable -I../EEPROM_Emulation\inc -O0 -ffunction-sections -fdata-sections -g -fstack-usage -Wall -o Libraries\STM32F10x_StdPeriph_Driver\src\stm32f10x_adc.o 
arm-atollic-eabi-gcc -c ..\Libraries\STM32F10x_StdPeriph_Driver\src\stm32f10x_flash.c -mthumb -mcpu=cortex-m3 -std=gnu11 -DSTM32F10X_CL -DUSE_STDPERIPH_DRIVER -DDEBUG_PRINTF -I../src -I../Libraries/STM32F10x_StdPeriph_Driver/inc -I../Libraries/CMSIS/Device/ST/STM32F10x/Include -I../Libraries/CMSIS/Include -I../src\CoOS -I../src\CoOS\kernel -I../src\CoOS\portable -I../EEPROM_Emulation\inc -O0 -ffunction-sections -fdata-sections -g -fstack-usage -Wall -o Libraries\STM32F10x_StdPeriph_Driver\src\stm32f10x_flash.o 
arm-atollic-eabi-gcc -c ..\src\CoOS\kernel\kernelHeap.c -mthumb -mcpu=cortex-m3 -std=gnu11 -DSTM32F10X_CL -DUSE_STDPERIPH_DRIVER -DDEBUG_PRINTF -I../src -I../Libraries/STM32F10x_StdPeriph_Driver/inc -I../Libraries/CMSIS/Device/ST/STM32F10x/Include -I../Libraries/CMSIS/Include -I../src\CoOS -I../src\CoOS\kernel -I../src\CoOS\portable -I../EEPROM_Emulation\inc -O0 -ffunction-sections -fdata-sections -g -fstack-usage -Wall -o src\CoOS\kernel\kernelHeap.o 
arm-atollic-eabi-gcc -c ..\src\CoOS\kernel\mutex.c -mthumb -mcpu=cortex-m3 -std=gnu11 -DSTM32F10X_CL -DUSE_STDPERIPH_DRIVER -DDEBUG_PRINTF -I../src -I../Libraries/STM32F10x_StdPeriph_Driver/inc -I../Libraries/CMSIS/Device/ST/STM32F10x/Include -I../Libraries/CMSIS/Include -I../src\CoOS -I../src\CoOS\kernel -I../src\CoOS\portable -I../EEPROM_Emulation\inc -O0 -ffunction-sections -fdata-sections -g -fstack-usage -Wall -o src\CoOS\kernel\mutex.o 
arm-atollic-eabi-gcc -c ..\src\syscalls.c -mthumb -mcpu=cortex-m3 -std=gnu11 -DSTM32F10X_CL -DUSE_STDPERIPH_DRIVER -DDEBUG_PRINTF -I../src -I../Libraries/STM32F10x_StdPeriph_Driver/inc -I../Libraries/CMSIS/Device/ST/STM32F10x/Include -I../Libraries/CMSIS/Include -I../src\CoOS -I../src\CoOS\kernel -I../src\CoOS\portable -I../EEPROM_Emulation\inc -O0 -ffunction-sections -fdata-sections -g -fstack-usage -Wall -o src\syscalls.o 
arm-atollic-eabi-gcc -c ..\Libraries\STM32F10x_StdPeriph_Driver\src\stm32f10x_rtc.c -mthumb -mcpu=cortex-m3 -std=gnu11 -DSTM32F10X_CL -DUSE_STDPERIPH_DRIVER -DDEBUG_PRINTF -I../src -I../Libraries/STM32F10x_StdPeriph_Driver/inc -I../Libraries/CMSIS/Device/ST/STM32F10x/Include -I../Libraries/CMSIS/Include -I../src\CoOS -I../src\CoOS\kernel -I../src\CoOS\portable -I../EEPROM_Emulation\inc -O0 -ffunction-sections -fdata-sections -g -fstack-usage -Wall -o Libraries\STM32F10x_StdPeriph_Driver\src\stm32f10x_rtc.o 
arm-atollic-eabi-gcc -c ..\Libraries\STM32F10x_StdPeriph_Driver\src\stm32f10x_can.c -mthumb -mcpu=cortex-m3 -std=gnu11 -DSTM32F10X_CL -DUSE_STDPERIPH_DRIVER -DDEBUG_PRINTF -I../src -I../Libraries/STM32F10x_StdPeriph_Driver/inc -I../Libraries/CMSIS/Device/ST/STM32F10x/Include -I../Libraries/CMSIS/Include -I../src\CoOS -I../src\CoOS\kernel -I../src\CoOS\portable -I../EEPROM_Emulation\inc -O0 -ffunction-sections -fdata-sections -g -fstack-usage -Wall -o Libraries\STM32F10x_StdPeriph_Driver\src\stm32f10x_can.o 
arm-atollic-eabi-gcc -c ..\src\CoOS\kernel\time.c -mthumb -mcpu=cortex-m3 -std=gnu11 -DSTM32F10X_CL -DUSE_STDPERIPH_DRIVER -DDEBUG_PRINTF -I../src -I../Libraries/STM32F10x_StdPeriph_Driver/inc -I../Libraries/CMSIS/Device/ST/STM32F10x/Include -I../Libraries/CMSIS/Include -I../src\CoOS -I../src\CoOS\kernel -I../src\CoOS\portable -I../EEPROM_Emulation\inc -O0 -ffunction-sections -fdata-sections -g -fstack-usage -Wall -o src\CoOS\kernel\time.o 
arm-atollic-eabi-gcc -c ..\src\CoOS\kernel\flag.c -mthumb -mcpu=cortex-m3 -std=gnu11 -DSTM32F10X_CL -DUSE_STDPERIPH_DRIVER -DDEBUG_PRINTF -I../src -I../Libraries/STM32F10x_StdPeriph_Driver/inc -I../Libraries/CMSIS/Device/ST/STM32F10x/Include -I../Libraries/CMSIS/Include -I../src\CoOS -I../src\CoOS\kernel -I../src\CoOS\portable -I../EEPROM_Emulation\inc -O0 -ffunction-sections -fdata-sections -g -fstack-usage -Wall -o src\CoOS\kernel\flag.o 
arm-atollic-eabi-gcc -c ..\src\i2c.c -mthumb -mcpu=cortex-m3 -std=gnu11 -DSTM32F10X_CL -DUSE_STDPERIPH_DRIVER -DDEBUG_PRINTF -I../src -I../Libraries/STM32F10x_StdPeriph_Driver/inc -I../Libraries/CMSIS/Device/ST/STM32F10x/Include -I../Libraries/CMSIS/Include -I../src\CoOS -I../src\CoOS\kernel -I../src\CoOS\portable -I../EEPROM_Emulation\inc -O0 -ffunction-sections -fdata-sections -g -fstack-usage -Wall -o src\i2c.o 
arm-atollic-eabi-gcc -c ..\src\system_stm32f10x.c -mthumb -mcpu=cortex-m3 -std=gnu11 -DSTM32F10X_CL -DUSE_STDPERIPH_DRIVER -DDEBUG_PRINTF -I../src -I../Libraries/STM32F10x_StdPeriph_Driver/inc -I../Libraries/CMSIS/Device/ST/STM32F10x/Include -I../Libraries/CMSIS/Include -I../src\CoOS -I../src\CoOS\kernel -I../src\CoOS\portable -I../EEPROM_Emulation\inc -O0 -ffunction-sections -fdata-sections -g -fstack-usage -Wall -o src\system_stm32f10x.o 
arm-atollic-eabi-gcc -c ..\Libraries\STM32F10x_StdPeriph_Driver\src\misc.c -mthumb -mcpu=cortex-m3 -std=gnu11 -DSTM32F10X_CL -DUSE_STDPERIPH_DRIVER -DDEBUG_PRINTF -I../src -I../Libraries/STM32F10x_StdPeriph_Driver/inc -I../Libraries/CMSIS/Device/ST/STM32F10x/Include -I../Libraries/CMSIS/Include -I../src\CoOS -I../src\CoOS\kernel -I../src\CoOS\portable -I../EEPROM_Emulation\inc -O0 -ffunction-sections -fdata-sections -g -fstack-usage -Wall -o Libraries\STM32F10x_StdPeriph_Driver\src\misc.o 
arm-atollic-eabi-gcc -c ..\src\tiny_printf.c -mthumb -mcpu=cortex-m3 -std=gnu11 -DSTM32F10X_CL -DUSE_STDPERIPH_DRIVER -DDEBUG_PRINTF -I../src -I../Libraries/STM32F10x_StdPeriph_Driver/inc -I../Libraries/CMSIS/Device/ST/STM32F10x/Include -I../Libraries/CMSIS/Include -I../src\CoOS -I../src\CoOS\kernel -I../src\CoOS\portable -I../EEPROM_Emulation\inc -O0 -ffunction-sections -fdata-sections -g -fstack-usage -Wall -o src\tiny_printf.o 
arm-atollic-eabi-gcc -c ..\Libraries\STM32F10x_StdPeriph_Driver\src\stm32f10x_dma.c -mthumb -mcpu=cortex-m3 -std=gnu11 -DSTM32F10X_CL -DUSE_STDPERIPH_DRIVER -DDEBUG_PRINTF -I../src -I../Libraries/STM32F10x_StdPeriph_Driver/inc -I../Libraries/CMSIS/Device/ST/STM32F10x/Include -I../Libraries/CMSIS/Include -I../src\CoOS -I../src\CoOS\kernel -I../src\CoOS\portable -I../EEPROM_Emulation\inc -O0 -ffunction-sections -fdata-sections -g -fstack-usage -Wall -o Libraries\STM32F10x_StdPeriph_Driver\src\stm32f10x_dma.o 
arm-atollic-eabi-gcc -c ..\src\usart.c -mthumb -mcpu=cortex-m3 -std=gnu11 -DSTM32F10X_CL -DUSE_STDPERIPH_DRIVER -DDEBUG_PRINTF -I../src -I../Libraries/STM32F10x_StdPeriph_Driver/inc -I../Libraries/CMSIS/Device/ST/STM32F10x/Include -I../Libraries/CMSIS/Include -I../src\CoOS -I../src\CoOS\kernel -I../src\CoOS\portable -I../EEPROM_Emulation\inc -O0 -ffunction-sections -fdata-sections -g -fstack-usage -Wall -o src\usart.o 
arm-atollic-eabi-gcc -c ..\src\CoOS\kernel\task.c -mthumb -mcpu=cortex-m3 -std=gnu11 -DSTM32F10X_CL -DUSE_STDPERIPH_DRIVER -DDEBUG_PRINTF -I../src -I../Libraries/STM32F10x_StdPeriph_Driver/inc -I../Libraries/CMSIS/Device/ST/STM32F10x/Include -I../Libraries/CMSIS/Include -I../src\CoOS -I../src\CoOS\kernel -I../src\CoOS\portable -I../EEPROM_Emulation\inc -O0 -ffunction-sections -fdata-sections -g -fstack-usage -Wall -o src\CoOS\kernel\task.o 
arm-atollic-eabi-gcc -c ..\Libraries\STM32F10x_StdPeriph_Driver\src\stm32f10x_spi.c -mthumb -mcpu=cortex-m3 -std=gnu11 -DSTM32F10X_CL -DUSE_STDPERIPH_DRIVER -DDEBUG_PRINTF -I../src -I../Libraries/STM32F10x_StdPeriph_Driver/inc -I../Libraries/CMSIS/Device/ST/STM32F10x/Include -I../Libraries/CMSIS/Include -I../src\CoOS -I../src\CoOS\kernel -I../src\CoOS\portable -I../EEPROM_Emulation\inc -O0 -ffunction-sections -fdata-sections -g -fstack-usage -Wall -o Libraries\STM32F10x_StdPeriph_Driver\src\stm32f10x_spi.o 
arm-atollic-eabi-gcc -c ..\Libraries\STM32F10x_StdPeriph_Driver\src\stm32f10x_cec.c -mthumb -mcpu=cortex-m3 -std=gnu11 -DSTM32F10X_CL -DUSE_STDPERIPH_DRIVER -DDEBUG_PRINTF -I../src -I../Libraries/STM32F10x_StdPeriph_Driver/inc -I../Libraries/CMSIS/Device/ST/STM32F10x/Include -I../Libraries/CMSIS/Include -I../src\CoOS -I../src\CoOS\kernel -I../src\CoOS\portable -I../EEPROM_Emulation\inc -O0 -ffunction-sections -fdata-sections -g -fstack-usage -Wall -o Libraries\STM32F10x_StdPeriph_Driver\src\stm32f10x_cec.o 
arm-atollic-eabi-gcc -c ..\Libraries\STM32F10x_StdPeriph_Driver\src\stm32f10x_crc.c -mthumb -mcpu=cortex-m3 -std=gnu11 -DSTM32F10X_CL -DUSE_STDPERIPH_DRIVER -DDEBUG_PRINTF -I../src -I../Libraries/STM32F10x_StdPeriph_Driver/inc -I../Libraries/CMSIS/Device/ST/STM32F10x/Include -I../Libraries/CMSIS/Include -I../src\CoOS -I../src\CoOS\kernel -I../src\CoOS\portable -I../EEPROM_Emulation\inc -O0 -ffunction-sections -fdata-sections -g -fstack-usage -Wall -o Libraries\STM32F10x_StdPeriph_Driver\src\stm32f10x_crc.o 
arm-atollic-eabi-gcc -c ..\Libraries\STM32F10x_StdPeriph_Driver\src\stm32f10x_rcc.c -mthumb -mcpu=cortex-m3 -std=gnu11 -DSTM32F10X_CL -DUSE_STDPERIPH_DRIVER -DDEBUG_PRINTF -I../src -I../Libraries/STM32F10x_StdPeriph_Driver/inc -I../Libraries/CMSIS/Device/ST/STM32F10x/Include -I../Libraries/CMSIS/Include -I../src\CoOS -I../src\CoOS\kernel -I../src\CoOS\portable -I../EEPROM_Emulation\inc -O0 -ffunction-sections -fdata-sections -g -fstack-usage -Wall -o Libraries\STM32F10x_StdPeriph_Driver\src\stm32f10x_rcc.o 
arm-atollic-eabi-gcc -c ..\src\CoOS\kernel\hook.c -mthumb -mcpu=cortex-m3 -std=gnu11 -DSTM32F10X_CL -DUSE_STDPERIPH_DRIVER -DDEBUG_PRINTF -I../src -I../Libraries/STM32F10x_StdPeriph_Driver/inc -I../Libraries/CMSIS/Device/ST/STM32F10x/Include -I../Libraries/CMSIS/Include -I../src\CoOS -I../src\CoOS\kernel -I../src\CoOS\portable -I../EEPROM_Emulation\inc -O0 -ffunction-sections -fdata-sections -g -fstack-usage -Wall -o src\CoOS\kernel\hook.o 
arm-atollic-eabi-gcc -c ..\Libraries\STM32F10x_StdPeriph_Driver\src\stm32f10x_iwdg.c -mthumb -mcpu=cortex-m3 -std=gnu11 -DSTM32F10X_CL -DUSE_STDPERIPH_DRIVER -DDEBUG_PRINTF -I../src -I../Libraries/STM32F10x_StdPeriph_Driver/inc -I../Libraries/CMSIS/Device/ST/STM32F10x/Include -I../Libraries/CMSIS/Include -I../src\CoOS -I../src\CoOS\kernel -I../src\CoOS\portable -I../EEPROM_Emulation\inc -O0 -ffunction-sections -fdata-sections -g -fstack-usage -Wall -o Libraries\STM32F10x_StdPeriph_Driver\src\stm32f10x_iwdg.o 
arm-atollic-eabi-gcc -c ..\src\CoOS\kernel\event.c -mthumb -mcpu=cortex-m3 -std=gnu11 -DSTM32F10X_CL -DUSE_STDPERIPH_DRIVER -DDEBUG_PRINTF -I../src -I../Libraries/STM32F10x_StdPeriph_Driver/inc -I../Libraries/CMSIS/Device/ST/STM32F10x/Include -I../Libraries/CMSIS/Include -I../src\CoOS -I../src\CoOS\kernel -I../src\CoOS\portable -I../EEPROM_Emulation\inc -O0 -ffunction-sections -fdata-sections -g -fstack-usage -Wall -o src\CoOS\kernel\event.o 
arm-atollic-eabi-gcc -c ..\Libraries\STM32F10x_StdPeriph_Driver\src\stm32f10x_dbgmcu.c -mthumb -mcpu=cortex-m3 -std=gnu11 -DSTM32F10X_CL -DUSE_STDPERIPH_DRIVER -DDEBUG_PRINTF -I../src -I../Libraries/STM32F10x_StdPeriph_Driver/inc -I../Libraries/CMSIS/Device/ST/STM32F10x/Include -I../Libraries/CMSIS/Include -I../src\CoOS -I../src\CoOS\kernel -I../src\CoOS\portable -I../EEPROM_Emulation\inc -O0 -ffunction-sections -fdata-sections -g -fstack-usage -Wall -o Libraries\STM32F10x_StdPeriph_Driver\src\stm32f10x_dbgmcu.o 
arm-atollic-eabi-gcc -c ..\Libraries\STM32F10x_StdPeriph_Driver\src\stm32f10x_wwdg.c -mthumb -mcpu=cortex-m3 -std=gnu11 -DSTM32F10X_CL -DUSE_STDPERIPH_DRIVER -DDEBUG_PRINTF -I../src -I../Libraries/STM32F10x_StdPeriph_Driver/inc -I../Libraries/CMSIS/Device/ST/STM32F10x/Include -I../Libraries/CMSIS/Include -I../src\CoOS -I../src\CoOS\kernel -I../src\CoOS\portable -I../EEPROM_Emulation\inc -O0 -ffunction-sections -fdata-sections -g -fstack-usage -Wall -o Libraries\STM32F10x_StdPeriph_Driver\src\stm32f10x_wwdg.o 
arm-atollic-eabi-gcc -c ..\src\CoOS\kernel\core.c -mthumb -mcpu=cortex-m3 -std=gnu11 -DSTM32F10X_CL -DUSE_STDPERIPH_DRIVER -DDEBUG_PRINTF -I../src -I../Libraries/STM32F10x_StdPeriph_Driver/inc -I../Libraries/CMSIS/Device/ST/STM32F10x/Include -I../Libraries/CMSIS/Include -I../src\CoOS -I../src\CoOS\kernel -I../src\CoOS\portable -I../EEPROM_Emulation\inc -O0 -ffunction-sections -fdata-sections -g -fstack-usage -Wall -o src\CoOS\kernel\core.o 
arm-atollic-eabi-gcc -c ..\src\CoOS\kernel\mbox.c -mthumb -mcpu=cortex-m3 -std=gnu11 -DSTM32F10X_CL -DUSE_STDPERIPH_DRIVER -DDEBUG_PRINTF -I../src -I../Libraries/STM32F10x_StdPeriph_Driver/inc -I../Libraries/CMSIS/Device/ST/STM32F10x/Include -I../Libraries/CMSIS/Include -I../src\CoOS -I../src\CoOS\kernel -I../src\CoOS\portable -I../EEPROM_Emulation\inc -O0 -ffunction-sections -fdata-sections -g -fstack-usage -Wall -o src\CoOS\kernel\mbox.o 
arm-atollic-eabi-gcc -c ..\src\stm32_ub_can1.c -mthumb -mcpu=cortex-m3 -std=gnu11 -DSTM32F10X_CL -DUSE_STDPERIPH_DRIVER -DDEBUG_PRINTF -I../src -I../Libraries/STM32F10x_StdPeriph_Driver/inc -I../Libraries/CMSIS/Device/ST/STM32F10x/Include -I../Libraries/CMSIS/Include -I../src\CoOS -I../src\CoOS\kernel -I../src\CoOS\portable -I../EEPROM_Emulation\inc -O0 -ffunction-sections -fdata-sections -g -fstack-usage -Wall -o src\stm32_ub_can1.o 
arm-atollic-eabi-gcc -c ..\src\main.c -mthumb -mcpu=cortex-m3 -std=gnu11 -DSTM32F10X_CL -DUSE_STDPERIPH_DRIVER -DDEBUG_PRINTF -I../src -I../Libraries/STM32F10x_StdPeriph_Driver/inc -I../Libraries/CMSIS/Device/ST/STM32F10x/Include -I../Libraries/CMSIS/Include -I../src\CoOS -I../src\CoOS\kernel -I../src\CoOS\portable -I../EEPROM_Emulation\inc -O0 -ffunction-sections -fdata-sections -g -fstack-usage -Wall -o src\main.o 
..\src\main.c: In function 'main':
..\src\main.c:1019:2: warning: #warning ("Watchdog OFF! DEBUG") [-Wcpp]
 #warning ("Watchdog OFF! DEBUG")
  ^~~~~~~
arm-atollic-eabi-gcc -c ..\src\CoOS\portable\arch.c -mthumb -mcpu=cortex-m3 -std=gnu11 -DSTM32F10X_CL -DUSE_STDPERIPH_DRIVER -DDEBUG_PRINTF -I../src -I../Libraries/STM32F10x_StdPeriph_Driver/inc -I../Libraries/CMSIS/Device/ST/STM32F10x/Include -I../Libraries/CMSIS/Include -I../src\CoOS -I../src\CoOS\kernel -I../src\CoOS\portable -I../EEPROM_Emulation\inc -O0 -ffunction-sections -fdata-sections -g -fstack-usage -Wall -o src\CoOS\portable\arch.o 
arm-atollic-eabi-gcc -o Knoten_DEBUG.elf EEPROM_Emulation\src\eeprom.o Libraries\STM32F10x_StdPeriph_Driver\src\misc.o Libraries\STM32F10x_StdPeriph_Driver\src\stm32f10x_adc.o Libraries\STM32F10x_StdPeriph_Driver\src\stm32f10x_bkp.o Libraries\STM32F10x_StdPeriph_Driver\src\stm32f10x_can.o Libraries\STM32F10x_StdPeriph_Driver\src\stm32f10x_cec.o Libraries\STM32F10x_StdPeriph_Driver\src\stm32f10x_crc.o Libraries\STM32F10x_StdPeriph_Driver\src\stm32f10x_dac.o Libraries\STM32F10x_StdPeriph_Driver\src\stm32f10x_dbgmcu.o Libraries\STM32F10x_StdPeriph_Driver\src\stm32f10x_dma.o Libraries\STM32F10x_StdPeriph_Driver\src\stm32f10x_exti.o Libraries\STM32F10x_StdPeriph_Driver\src\stm32f10x_flash.o Libraries\STM32F10x_StdPeriph_Driver\src\stm32f10x_fsmc.o Libraries\STM32F10x_StdPeriph_Driver\src\stm32f10x_gpio.o Libraries\STM32F10x_StdPeriph_Driver\src\stm32f10x_i2c.o Libraries\STM32F10x_StdPeriph_Driver\src\stm32f10x_iwdg.o Libraries\STM32F10x_StdPeriph_Driver\src\stm32f10x_pwr.o Libraries\STM32F10x_StdPeriph_Driver\src\stm32f10x_rcc.o Libraries\STM32F10x_StdPeriph_Driver\src\stm32f10x_rtc.o Libraries\STM32F10x_StdPeriph_Driver\src\stm32f10x_sdio.o Libraries\STM32F10x_StdPeriph_Driver\src\stm32f10x_spi.o Libraries\STM32F10x_StdPeriph_Driver\src\stm32f10x_tim.o Libraries\STM32F10x_StdPeriph_Driver\src\stm32f10x_usart.o Libraries\STM32F10x_StdPeriph_Driver\src\stm32f10x_wwdg.o src\CoOS\kernel\core.o src\CoOS\kernel\event.o src\CoOS\kernel\flag.o src\CoOS\kernel\hook.o src\CoOS\kernel\kernelHeap.o src\CoOS\kernel\mbox.o src\CoOS\kernel\mm.o src\CoOS\kernel\mutex.o src\CoOS\kernel\queue.o src\CoOS\kernel\sem.o src\CoOS\kernel\serviceReq.o src\CoOS\kernel\task.o src\CoOS\kernel\time.o src\CoOS\kernel\timer.o src\CoOS\kernel\utility.o src\CoOS\portable\GCC\port.o src\CoOS\portable\arch.o src\IOs.o src\can.o src\delay.o src\flag_timer.o src\i2c.o src\main.o src\startup_stm32f10x_cl.o src\stm32_ub_can1.o src\stm32f1xx_it.o src\syscalls.o src\system_stm32f10x.o src\tiny_printf.o src\usart.o -mthumb -mcpu=cortex-m3 -T../stm32_flash.ld -specs=nosys.specs -static -Wl,-cref,-u,Reset_Handler -Wl,-Map=_DEBUGKnoten_DEBUG.map -Wl,--gc-sections -Wl,--defsym=malloc_getpagesize_P=0x80 -Wl,--start-group -lc -lm -Wl,--end-group 
C:\Program Files (x86)\Atollic\TrueSTUDIO for STM32 9.1.0\ide\jre\bin\java -jar C:\Program Files (x86)\Atollic\TrueSTUDIO for STM32 9.1.0\Tools\arm-atollic-reports.jar convert-hex sizeinfo list Knoten_DEBUG.elf 
Generate build reports...
Converting build output to hex
Output sent to: Knoten_DEBUG.hex
Converting build output to hex done
Print size information
   text	   data	    bss	    dec	    hex	filename
  33140	    112	  10756	  44008	   abe8	Knoten_DEBUG.elf
Print size information done
Generate listing file
Output sent to: Knoten_DEBUG.list
Generate listing file done
Generate build reports done

11:31:22 Build Finished (took 11s.669ms)

