06:25:35 **** Rebuild of configuration Debug for project STM32F3_Discovery_FreeRTOS_Simple_Demo ****
Info: Internal Builder is used for build
arm-atollic-eabi-gcc -c ..\FreeRTOS_Source\queue.c -mthumb -mcpu=cortex-m4 -mfloat-abi=softfp -mfpu=fpv4-sp-d16 -std=gnu11 -DUSE_STM32F3_DISCOVERY -DHSE_VALUE=8000000 -DSTM32F3XX -DUSE_STDPERIPH_DRIVER -I../src -I../Libraries/CMSIS/Include -I../Libraries/CMSIS/Device/ST/STM32F30x/Include -I../Libraries/STM32F30x_StdPeriph_Driver/inc -I../STM32F3_Discovery -I../FreeRTOS_Source/include -I../FreeRTOS_Source/portable/GCC/ARM_CM4F -O0 -ffunction-sections -fdata-sections -g -fstack-usage -Wall -specs=nano.specs -o FreeRTOS_Source\queue.o 
arm-atollic-eabi-gcc -c ..\Libraries\STM32F30x_StdPeriph_Driver\src\stm32f30x_i2c.c -mthumb -mcpu=cortex-m4 -mfloat-abi=softfp -mfpu=fpv4-sp-d16 -std=gnu11 -DUSE_STM32F3_DISCOVERY -DHSE_VALUE=8000000 -DSTM32F3XX -DUSE_STDPERIPH_DRIVER -I../src -I../Libraries/CMSIS/Include -I../Libraries/CMSIS/Device/ST/STM32F30x/Include -I../Libraries/STM32F30x_StdPeriph_Driver/inc -I../STM32F3_Discovery -I../FreeRTOS_Source/include -I../FreeRTOS_Source/portable/GCC/ARM_CM4F -O0 -ffunction-sections -fdata-sections -g -fstack-usage -Wall -specs=nano.specs -o Libraries\STM32F30x_StdPeriph_Driver\src\stm32f30x_i2c.o 
arm-atollic-eabi-gcc -c ..\FreeRTOS_Source\portable\GCC\ARM_CM4F\port.c -mthumb -mcpu=cortex-m4 -mfloat-abi=softfp -mfpu=fpv4-sp-d16 -std=gnu11 -DUSE_STM32F3_DISCOVERY -DHSE_VALUE=8000000 -DSTM32F3XX -DUSE_STDPERIPH_DRIVER -I../src -I../Libraries/CMSIS/Include -I../Libraries/CMSIS/Device/ST/STM32F30x/Include -I../Libraries/STM32F30x_StdPeriph_Driver/inc -I../STM32F3_Discovery -I../FreeRTOS_Source/include -I../FreeRTOS_Source/portable/GCC/ARM_CM4F -O0 -ffunction-sections -fdata-sections -g -fstack-usage -Wall -specs=nano.specs -o FreeRTOS_Source\portable\GCC\ARM_CM4F\port.o 
arm-atollic-eabi-gcc -c ..\STM32F3_Discovery\stm32f3_discovery.c -mthumb -mcpu=cortex-m4 -mfloat-abi=softfp -mfpu=fpv4-sp-d16 -std=gnu11 -DUSE_STM32F3_DISCOVERY -DHSE_VALUE=8000000 -DSTM32F3XX -DUSE_STDPERIPH_DRIVER -I../src -I../Libraries/CMSIS/Include -I../Libraries/CMSIS/Device/ST/STM32F30x/Include -I../Libraries/STM32F30x_StdPeriph_Driver/inc -I../STM32F3_Discovery -I../FreeRTOS_Source/include -I../FreeRTOS_Source/portable/GCC/ARM_CM4F -O0 -ffunction-sections -fdata-sections -g -fstack-usage -Wall -specs=nano.specs -o STM32F3_Discovery\stm32f3_discovery.o 
arm-atollic-eabi-gcc -c ..\Libraries\STM32F30x_StdPeriph_Driver\src\stm32f30x_rtc.c -mthumb -mcpu=cortex-m4 -mfloat-abi=softfp -mfpu=fpv4-sp-d16 -std=gnu11 -DUSE_STM32F3_DISCOVERY -DHSE_VALUE=8000000 -DSTM32F3XX -DUSE_STDPERIPH_DRIVER -I../src -I../Libraries/CMSIS/Include -I../Libraries/CMSIS/Device/ST/STM32F30x/Include -I../Libraries/STM32F30x_StdPeriph_Driver/inc -I../STM32F3_Discovery -I../FreeRTOS_Source/include -I../FreeRTOS_Source/portable/GCC/ARM_CM4F -O0 -ffunction-sections -fdata-sections -g -fstack-usage -Wall -specs=nano.specs -o Libraries\STM32F30x_StdPeriph_Driver\src\stm32f30x_rtc.o 
arm-atollic-eabi-gcc -c -mthumb -mcpu=cortex-m4 -mfloat-abi=softfp -mfpu=fpv4-sp-d16 -I../FreeRTOS_Source/include -I../FreeRTOS_Source/portable/GCC/ARM_CM4F -g -Wa,--warn -x assembler-with-cpp -specs=nano.specs -o src\startup_stm32f30x.o ..\src\startup_stm32f30x.s 
arm-atollic-eabi-gcc -c ..\STM32F3_Discovery\stm32f3_discovery_l3gd20.c -mthumb -mcpu=cortex-m4 -mfloat-abi=softfp -mfpu=fpv4-sp-d16 -std=gnu11 -DUSE_STM32F3_DISCOVERY -DHSE_VALUE=8000000 -DSTM32F3XX -DUSE_STDPERIPH_DRIVER -I../src -I../Libraries/CMSIS/Include -I../Libraries/CMSIS/Device/ST/STM32F30x/Include -I../Libraries/STM32F30x_StdPeriph_Driver/inc -I../STM32F3_Discovery -I../FreeRTOS_Source/include -I../FreeRTOS_Source/portable/GCC/ARM_CM4F -O0 -ffunction-sections -fdata-sections -g -fstack-usage -Wall -specs=nano.specs -o STM32F3_Discovery\stm32f3_discovery_l3gd20.o 
arm-atollic-eabi-gcc -c ..\Libraries\STM32F30x_StdPeriph_Driver\src\stm32f30x_dbgmcu.c -mthumb -mcpu=cortex-m4 -mfloat-abi=softfp -mfpu=fpv4-sp-d16 -std=gnu11 -DUSE_STM32F3_DISCOVERY -DHSE_VALUE=8000000 -DSTM32F3XX -DUSE_STDPERIPH_DRIVER -I../src -I../Libraries/CMSIS/Include -I../Libraries/CMSIS/Device/ST/STM32F30x/Include -I../Libraries/STM32F30x_StdPeriph_Driver/inc -I../STM32F3_Discovery -I../FreeRTOS_Source/include -I../FreeRTOS_Source/portable/GCC/ARM_CM4F -O0 -ffunction-sections -fdata-sections -g -fstack-usage -Wall -specs=nano.specs -o Libraries\STM32F30x_StdPeriph_Driver\src\stm32f30x_dbgmcu.o 
arm-atollic-eabi-gcc -c ..\Libraries\STM32F30x_StdPeriph_Driver\src\stm32f30x_syscfg.c -mthumb -mcpu=cortex-m4 -mfloat-abi=softfp -mfpu=fpv4-sp-d16 -std=gnu11 -DUSE_STM32F3_DISCOVERY -DHSE_VALUE=8000000 -DSTM32F3XX -DUSE_STDPERIPH_DRIVER -I../src -I../Libraries/CMSIS/Include -I../Libraries/CMSIS/Device/ST/STM32F30x/Include -I../Libraries/STM32F30x_StdPeriph_Driver/inc -I../STM32F3_Discovery -I../FreeRTOS_Source/include -I../FreeRTOS_Source/portable/GCC/ARM_CM4F -O0 -ffunction-sections -fdata-sections -g -fstack-usage -Wall -specs=nano.specs -o Libraries\STM32F30x_StdPeriph_Driver\src\stm32f30x_syscfg.o 
arm-atollic-eabi-gcc -c ..\Libraries\STM32F30x_StdPeriph_Driver\src\stm32f30x_flash.c -mthumb -mcpu=cortex-m4 -mfloat-abi=softfp -mfpu=fpv4-sp-d16 -std=gnu11 -DUSE_STM32F3_DISCOVERY -DHSE_VALUE=8000000 -DSTM32F3XX -DUSE_STDPERIPH_DRIVER -I../src -I../Libraries/CMSIS/Include -I../Libraries/CMSIS/Device/ST/STM32F30x/Include -I../Libraries/STM32F30x_StdPeriph_Driver/inc -I../STM32F3_Discovery -I../FreeRTOS_Source/include -I../FreeRTOS_Source/portable/GCC/ARM_CM4F -O0 -ffunction-sections -fdata-sections -g -fstack-usage -Wall -specs=nano.specs -o Libraries\STM32F30x_StdPeriph_Driver\src\stm32f30x_flash.o 
arm-atollic-eabi-gcc -c ..\src\tiny_printf.c -mthumb -mcpu=cortex-m4 -mfloat-abi=softfp -mfpu=fpv4-sp-d16 -std=gnu11 -DUSE_STM32F3_DISCOVERY -DHSE_VALUE=8000000 -DSTM32F3XX -DUSE_STDPERIPH_DRIVER -I../src -I../Libraries/CMSIS/Include -I../Libraries/CMSIS/Device/ST/STM32F30x/Include -I../Libraries/STM32F30x_StdPeriph_Driver/inc -I../STM32F3_Discovery -I../FreeRTOS_Source/include -I../FreeRTOS_Source/portable/GCC/ARM_CM4F -O0 -ffunction-sections -fdata-sections -g -fstack-usage -Wall -specs=nano.specs -o src\tiny_printf.o 
arm-atollic-eabi-gcc -c ..\Libraries\STM32F30x_StdPeriph_Driver\src\stm32f30x_exti.c -mthumb -mcpu=cortex-m4 -mfloat-abi=softfp -mfpu=fpv4-sp-d16 -std=gnu11 -DUSE_STM32F3_DISCOVERY -DHSE_VALUE=8000000 -DSTM32F3XX -DUSE_STDPERIPH_DRIVER -I../src -I../Libraries/CMSIS/Include -I../Libraries/CMSIS/Device/ST/STM32F30x/Include -I../Libraries/STM32F30x_StdPeriph_Driver/inc -I../STM32F3_Discovery -I../FreeRTOS_Source/include -I../FreeRTOS_Source/portable/GCC/ARM_CM4F -O0 -ffunction-sections -fdata-sections -g -fstack-usage -Wall -specs=nano.specs -o Libraries\STM32F30x_StdPeriph_Driver\src\stm32f30x_exti.o 
arm-atollic-eabi-gcc -c ..\Libraries\STM32F30x_StdPeriph_Driver\src\stm32f30x_pwr.c -mthumb -mcpu=cortex-m4 -mfloat-abi=softfp -mfpu=fpv4-sp-d16 -std=gnu11 -DUSE_STM32F3_DISCOVERY -DHSE_VALUE=8000000 -DSTM32F3XX -DUSE_STDPERIPH_DRIVER -I../src -I../Libraries/CMSIS/Include -I../Libraries/CMSIS/Device/ST/STM32F30x/Include -I../Libraries/STM32F30x_StdPeriph_Driver/inc -I../STM32F3_Discovery -I../FreeRTOS_Source/include -I../FreeRTOS_Source/portable/GCC/ARM_CM4F -O0 -ffunction-sections -fdata-sections -g -fstack-usage -Wall -specs=nano.specs -o Libraries\STM32F30x_StdPeriph_Driver\src\stm32f30x_pwr.o 
arm-atollic-eabi-gcc -c ..\Libraries\STM32F30x_StdPeriph_Driver\src\stm32f30x_gpio.c -mthumb -mcpu=cortex-m4 -mfloat-abi=softfp -mfpu=fpv4-sp-d16 -std=gnu11 -DUSE_STM32F3_DISCOVERY -DHSE_VALUE=8000000 -DSTM32F3XX -DUSE_STDPERIPH_DRIVER -I../src -I../Libraries/CMSIS/Include -I../Libraries/CMSIS/Device/ST/STM32F30x/Include -I../Libraries/STM32F30x_StdPeriph_Driver/inc -I../STM32F3_Discovery -I../FreeRTOS_Source/include -I../FreeRTOS_Source/portable/GCC/ARM_CM4F -O0 -ffunction-sections -fdata-sections -g -fstack-usage -Wall -specs=nano.specs -o Libraries\STM32F30x_StdPeriph_Driver\src\stm32f30x_gpio.o 
arm-atollic-eabi-gcc -c ..\Libraries\STM32F30x_StdPeriph_Driver\src\stm32f30x_wwdg.c -mthumb -mcpu=cortex-m4 -mfloat-abi=softfp -mfpu=fpv4-sp-d16 -std=gnu11 -DUSE_STM32F3_DISCOVERY -DHSE_VALUE=8000000 -DSTM32F3XX -DUSE_STDPERIPH_DRIVER -I../src -I../Libraries/CMSIS/Include -I../Libraries/CMSIS/Device/ST/STM32F30x/Include -I../Libraries/STM32F30x_StdPeriph_Driver/inc -I../STM32F3_Discovery -I../FreeRTOS_Source/include -I../FreeRTOS_Source/portable/GCC/ARM_CM4F -O0 -ffunction-sections -fdata-sections -g -fstack-usage -Wall -specs=nano.specs -o Libraries\STM32F30x_StdPeriph_Driver\src\stm32f30x_wwdg.o 
arm-atollic-eabi-gcc -c ..\Libraries\STM32F30x_StdPeriph_Driver\src\stm32f30x_dma.c -mthumb -mcpu=cortex-m4 -mfloat-abi=softfp -mfpu=fpv4-sp-d16 -std=gnu11 -DUSE_STM32F3_DISCOVERY -DHSE_VALUE=8000000 -DSTM32F3XX -DUSE_STDPERIPH_DRIVER -I../src -I../Libraries/CMSIS/Include -I../Libraries/CMSIS/Device/ST/STM32F30x/Include -I../Libraries/STM32F30x_StdPeriph_Driver/inc -I../STM32F3_Discovery -I../FreeRTOS_Source/include -I../FreeRTOS_Source/portable/GCC/ARM_CM4F -O0 -ffunction-sections -fdata-sections -g -fstack-usage -Wall -specs=nano.specs -o Libraries\STM32F30x_StdPeriph_Driver\src\stm32f30x_dma.o 
arm-atollic-eabi-gcc -c ..\Libraries\STM32F30x_StdPeriph_Driver\src\stm32f30x_opamp.c -mthumb -mcpu=cortex-m4 -mfloat-abi=softfp -mfpu=fpv4-sp-d16 -std=gnu11 -DUSE_STM32F3_DISCOVERY -DHSE_VALUE=8000000 -DSTM32F3XX -DUSE_STDPERIPH_DRIVER -I../src -I../Libraries/CMSIS/Include -I../Libraries/CMSIS/Device/ST/STM32F30x/Include -I../Libraries/STM32F30x_StdPeriph_Driver/inc -I../STM32F3_Discovery -I../FreeRTOS_Source/include -I../FreeRTOS_Source/portable/GCC/ARM_CM4F -O0 -ffunction-sections -fdata-sections -g -fstack-usage -Wall -specs=nano.specs -o Libraries\STM32F30x_StdPeriph_Driver\src\stm32f30x_opamp.o 
arm-atollic-eabi-gcc -c ..\Libraries\STM32F30x_StdPeriph_Driver\src\stm32f30x_iwdg.c -mthumb -mcpu=cortex-m4 -mfloat-abi=softfp -mfpu=fpv4-sp-d16 -std=gnu11 -DUSE_STM32F3_DISCOVERY -DHSE_VALUE=8000000 -DSTM32F3XX -DUSE_STDPERIPH_DRIVER -I../src -I../Libraries/CMSIS/Include -I../Libraries/CMSIS/Device/ST/STM32F30x/Include -I../Libraries/STM32F30x_StdPeriph_Driver/inc -I../STM32F3_Discovery -I../FreeRTOS_Source/include -I../FreeRTOS_Source/portable/GCC/ARM_CM4F -O0 -ffunction-sections -fdata-sections -g -fstack-usage -Wall -specs=nano.specs -o Libraries\STM32F30x_StdPeriph_Driver\src\stm32f30x_iwdg.o 
arm-atollic-eabi-gcc -c ..\Libraries\STM32F30x_StdPeriph_Driver\src\stm32f30x_spi.c -mthumb -mcpu=cortex-m4 -mfloat-abi=softfp -mfpu=fpv4-sp-d16 -std=gnu11 -DUSE_STM32F3_DISCOVERY -DHSE_VALUE=8000000 -DSTM32F3XX -DUSE_STDPERIPH_DRIVER -I../src -I../Libraries/CMSIS/Include -I../Libraries/CMSIS/Device/ST/STM32F30x/Include -I../Libraries/STM32F30x_StdPeriph_Driver/inc -I../STM32F3_Discovery -I../FreeRTOS_Source/include -I../FreeRTOS_Source/portable/GCC/ARM_CM4F -O0 -ffunction-sections -fdata-sections -g -fstack-usage -Wall -specs=nano.specs -o Libraries\STM32F30x_StdPeriph_Driver\src\stm32f30x_spi.o 
arm-atollic-eabi-gcc -c ..\Libraries\STM32F30x_StdPeriph_Driver\src\stm32f30x_crc.c -mthumb -mcpu=cortex-m4 -mfloat-abi=softfp -mfpu=fpv4-sp-d16 -std=gnu11 -DUSE_STM32F3_DISCOVERY -DHSE_VALUE=8000000 -DSTM32F3XX -DUSE_STDPERIPH_DRIVER -I../src -I../Libraries/CMSIS/Include -I../Libraries/CMSIS/Device/ST/STM32F30x/Include -I../Libraries/STM32F30x_StdPeriph_Driver/inc -I../STM32F3_Discovery -I../FreeRTOS_Source/include -I../FreeRTOS_Source/portable/GCC/ARM_CM4F -O0 -ffunction-sections -fdata-sections -g -fstack-usage -Wall -specs=nano.specs -o Libraries\STM32F30x_StdPeriph_Driver\src\stm32f30x_crc.o 
arm-atollic-eabi-gcc -c ..\Libraries\STM32F30x_StdPeriph_Driver\src\stm32f30x_rcc.c -mthumb -mcpu=cortex-m4 -mfloat-abi=softfp -mfpu=fpv4-sp-d16 -std=gnu11 -DUSE_STM32F3_DISCOVERY -DHSE_VALUE=8000000 -DSTM32F3XX -DUSE_STDPERIPH_DRIVER -I../src -I../Libraries/CMSIS/Include -I../Libraries/CMSIS/Device/ST/STM32F30x/Include -I../Libraries/STM32F30x_StdPeriph_Driver/inc -I../STM32F3_Discovery -I../FreeRTOS_Source/include -I../FreeRTOS_Source/portable/GCC/ARM_CM4F -O0 -ffunction-sections -fdata-sections -g -fstack-usage -Wall -specs=nano.specs -o Libraries\STM32F30x_StdPeriph_Driver\src\stm32f30x_rcc.o 
arm-atollic-eabi-gcc -c ..\FreeRTOS_Source\timers.c -mthumb -mcpu=cortex-m4 -mfloat-abi=softfp -mfpu=fpv4-sp-d16 -std=gnu11 -DUSE_STM32F3_DISCOVERY -DHSE_VALUE=8000000 -DSTM32F3XX -DUSE_STDPERIPH_DRIVER -I../src -I../Libraries/CMSIS/Include -I../Libraries/CMSIS/Device/ST/STM32F30x/Include -I../Libraries/STM32F30x_StdPeriph_Driver/inc -I../STM32F3_Discovery -I../FreeRTOS_Source/include -I../FreeRTOS_Source/portable/GCC/ARM_CM4F -O0 -ffunction-sections -fdata-sections -g -fstack-usage -Wall -specs=nano.specs -o FreeRTOS_Source\timers.o 
arm-atollic-eabi-gcc -c ..\Libraries\STM32F30x_StdPeriph_Driver\src\stm32f30x_can.c -mthumb -mcpu=cortex-m4 -mfloat-abi=softfp -mfpu=fpv4-sp-d16 -std=gnu11 -DUSE_STM32F3_DISCOVERY -DHSE_VALUE=8000000 -DSTM32F3XX -DUSE_STDPERIPH_DRIVER -I../src -I../Libraries/CMSIS/Include -I../Libraries/CMSIS/Device/ST/STM32F30x/Include -I../Libraries/STM32F30x_StdPeriph_Driver/inc -I../STM32F3_Discovery -I../FreeRTOS_Source/include -I../FreeRTOS_Source/portable/GCC/ARM_CM4F -O0 -ffunction-sections -fdata-sections -g -fstack-usage -Wall -specs=nano.specs -o Libraries\STM32F30x_StdPeriph_Driver\src\stm32f30x_can.o 
arm-atollic-eabi-gcc -c ..\Libraries\STM32F30x_StdPeriph_Driver\src\stm32f30x_comp.c -mthumb -mcpu=cortex-m4 -mfloat-abi=softfp -mfpu=fpv4-sp-d16 -std=gnu11 -DUSE_STM32F3_DISCOVERY -DHSE_VALUE=8000000 -DSTM32F3XX -DUSE_STDPERIPH_DRIVER -I../src -I../Libraries/CMSIS/Include -I../Libraries/CMSIS/Device/ST/STM32F30x/Include -I../Libraries/STM32F30x_StdPeriph_Driver/inc -I../STM32F3_Discovery -I../FreeRTOS_Source/include -I../FreeRTOS_Source/portable/GCC/ARM_CM4F -O0 -ffunction-sections -fdata-sections -g -fstack-usage -Wall -specs=nano.specs -o Libraries\STM32F30x_StdPeriph_Driver\src\stm32f30x_comp.o 
..\Libraries\STM32F30x_StdPeriph_Driver\src\stm32f30x_comp.c: In function 'COMP_Init':
..\Libraries\STM32F30x_StdPeriph_Driver\src\stm32f30x_comp.c:250:17: warning: unused variable 'tmpaddress' [-Wunused-variable]
   __IO uint32_t tmpaddress = 0;
                 ^~~~~~~~~~
arm-atollic-eabi-gcc -c ..\Libraries\STM32F30x_StdPeriph_Driver\src\stm32f30x_usart.c -mthumb -mcpu=cortex-m4 -mfloat-abi=softfp -mfpu=fpv4-sp-d16 -std=gnu11 -DUSE_STM32F3_DISCOVERY -DHSE_VALUE=8000000 -DSTM32F3XX -DUSE_STDPERIPH_DRIVER -I../src -I../Libraries/CMSIS/Include -I../Libraries/CMSIS/Device/ST/STM32F30x/Include -I../Libraries/STM32F30x_StdPeriph_Driver/inc -I../STM32F3_Discovery -I../FreeRTOS_Source/include -I../FreeRTOS_Source/portable/GCC/ARM_CM4F -O0 -ffunction-sections -fdata-sections -g -fstack-usage -Wall -specs=nano.specs -o Libraries\STM32F30x_StdPeriph_Driver\src\stm32f30x_usart.o 
arm-atollic-eabi-gcc -c ..\FreeRTOS_Source\tasks.c -mthumb -mcpu=cortex-m4 -mfloat-abi=softfp -mfpu=fpv4-sp-d16 -std=gnu11 -DUSE_STM32F3_DISCOVERY -DHSE_VALUE=8000000 -DSTM32F3XX -DUSE_STDPERIPH_DRIVER -I../src -I../Libraries/CMSIS/Include -I../Libraries/CMSIS/Device/ST/STM32F30x/Include -I../Libraries/STM32F30x_StdPeriph_Driver/inc -I../STM32F3_Discovery -I../FreeRTOS_Source/include -I../FreeRTOS_Source/portable/GCC/ARM_CM4F -O0 -ffunction-sections -fdata-sections -g -fstack-usage -Wall -specs=nano.specs -o FreeRTOS_Source\tasks.o 
arm-atollic-eabi-gcc -c ..\FreeRTOS_Source\portable\MemMang\heap_1.c -mthumb -mcpu=cortex-m4 -mfloat-abi=softfp -mfpu=fpv4-sp-d16 -std=gnu11 -DUSE_STM32F3_DISCOVERY -DHSE_VALUE=8000000 -DSTM32F3XX -DUSE_STDPERIPH_DRIVER -I../src -I../Libraries/CMSIS/Include -I../Libraries/CMSIS/Device/ST/STM32F30x/Include -I../Libraries/STM32F30x_StdPeriph_Driver/inc -I../STM32F3_Discovery -I../FreeRTOS_Source/include -I../FreeRTOS_Source/portable/GCC/ARM_CM4F -O0 -ffunction-sections -fdata-sections -g -fstack-usage -Wall -specs=nano.specs -o FreeRTOS_Source\portable\MemMang\heap_1.o 
arm-atollic-eabi-gcc -c ..\STM32F3_Discovery\stm32f3_discovery_lsm303dlhc.c -mthumb -mcpu=cortex-m4 -mfloat-abi=softfp -mfpu=fpv4-sp-d16 -std=gnu11 -DUSE_STM32F3_DISCOVERY -DHSE_VALUE=8000000 -DSTM32F3XX -DUSE_STDPERIPH_DRIVER -I../src -I../Libraries/CMSIS/Include -I../Libraries/CMSIS/Device/ST/STM32F30x/Include -I../Libraries/STM32F30x_StdPeriph_Driver/inc -I../STM32F3_Discovery -I../FreeRTOS_Source/include -I../FreeRTOS_Source/portable/GCC/ARM_CM4F -O0 -ffunction-sections -fdata-sections -g -fstack-usage -Wall -specs=nano.specs -o STM32F3_Discovery\stm32f3_discovery_lsm303dlhc.o 
arm-atollic-eabi-gcc -c ..\FreeRTOS_Source\list.c -mthumb -mcpu=cortex-m4 -mfloat-abi=softfp -mfpu=fpv4-sp-d16 -std=gnu11 -DUSE_STM32F3_DISCOVERY -DHSE_VALUE=8000000 -DSTM32F3XX -DUSE_STDPERIPH_DRIVER -I../src -I../Libraries/CMSIS/Include -I../Libraries/CMSIS/Device/ST/STM32F30x/Include -I../Libraries/STM32F30x_StdPeriph_Driver/inc -I../STM32F3_Discovery -I../FreeRTOS_Source/include -I../FreeRTOS_Source/portable/GCC/ARM_CM4F -O0 -ffunction-sections -fdata-sections -g -fstack-usage -Wall -specs=nano.specs -o FreeRTOS_Source\list.o 
arm-atollic-eabi-gcc -c ..\Libraries\STM32F30x_StdPeriph_Driver\src\stm32f30x_tim.c -mthumb -mcpu=cortex-m4 -mfloat-abi=softfp -mfpu=fpv4-sp-d16 -std=gnu11 -DUSE_STM32F3_DISCOVERY -DHSE_VALUE=8000000 -DSTM32F3XX -DUSE_STDPERIPH_DRIVER -I../src -I../Libraries/CMSIS/Include -I../Libraries/CMSIS/Device/ST/STM32F30x/Include -I../Libraries/STM32F30x_StdPeriph_Driver/inc -I../STM32F3_Discovery -I../FreeRTOS_Source/include -I../FreeRTOS_Source/portable/GCC/ARM_CM4F -O0 -ffunction-sections -fdata-sections -g -fstack-usage -Wall -specs=nano.specs -o Libraries\STM32F30x_StdPeriph_Driver\src\stm32f30x_tim.o 
arm-atollic-eabi-gcc -c ..\Libraries\STM32F30x_StdPeriph_Driver\src\stm32f30x_dac.c -mthumb -mcpu=cortex-m4 -mfloat-abi=softfp -mfpu=fpv4-sp-d16 -std=gnu11 -DUSE_STM32F3_DISCOVERY -DHSE_VALUE=8000000 -DSTM32F3XX -DUSE_STDPERIPH_DRIVER -I../src -I../Libraries/CMSIS/Include -I../Libraries/CMSIS/Device/ST/STM32F30x/Include -I../Libraries/STM32F30x_StdPeriph_Driver/inc -I../STM32F3_Discovery -I../FreeRTOS_Source/include -I../FreeRTOS_Source/portable/GCC/ARM_CM4F -O0 -ffunction-sections -fdata-sections -g -fstack-usage -Wall -specs=nano.specs -o Libraries\STM32F30x_StdPeriph_Driver\src\stm32f30x_dac.o 
arm-atollic-eabi-gcc -c ..\src\system_stm32f30x.c -mthumb -mcpu=cortex-m4 -mfloat-abi=softfp -mfpu=fpv4-sp-d16 -std=gnu11 -DUSE_STM32F3_DISCOVERY -DHSE_VALUE=8000000 -DSTM32F3XX -DUSE_STDPERIPH_DRIVER -I../src -I../Libraries/CMSIS/Include -I../Libraries/CMSIS/Device/ST/STM32F30x/Include -I../Libraries/STM32F30x_StdPeriph_Driver/inc -I../STM32F3_Discovery -I../FreeRTOS_Source/include -I../FreeRTOS_Source/portable/GCC/ARM_CM4F -O0 -ffunction-sections -fdata-sections -g -fstack-usage -Wall -specs=nano.specs -o src\system_stm32f30x.o 
arm-atollic-eabi-gcc -c ..\Libraries\STM32F30x_StdPeriph_Driver\src\stm32f30x_adc.c -mthumb -mcpu=cortex-m4 -mfloat-abi=softfp -mfpu=fpv4-sp-d16 -std=gnu11 -DUSE_STM32F3_DISCOVERY -DHSE_VALUE=8000000 -DSTM32F3XX -DUSE_STDPERIPH_DRIVER -I../src -I../Libraries/CMSIS/Include -I../Libraries/CMSIS/Device/ST/STM32F30x/Include -I../Libraries/STM32F30x_StdPeriph_Driver/inc -I../STM32F3_Discovery -I../FreeRTOS_Source/include -I../FreeRTOS_Source/portable/GCC/ARM_CM4F -O0 -ffunction-sections -fdata-sections -g -fstack-usage -Wall -specs=nano.specs -o Libraries\STM32F30x_StdPeriph_Driver\src\stm32f30x_adc.o 
arm-atollic-eabi-gcc -c ..\Libraries\STM32F30x_StdPeriph_Driver\src\stm32f30x_misc.c -mthumb -mcpu=cortex-m4 -mfloat-abi=softfp -mfpu=fpv4-sp-d16 -std=gnu11 -DUSE_STM32F3_DISCOVERY -DHSE_VALUE=8000000 -DSTM32F3XX -DUSE_STDPERIPH_DRIVER -I../src -I../Libraries/CMSIS/Include -I../Libraries/CMSIS/Device/ST/STM32F30x/Include -I../Libraries/STM32F30x_StdPeriph_Driver/inc -I../STM32F3_Discovery -I../FreeRTOS_Source/include -I../FreeRTOS_Source/portable/GCC/ARM_CM4F -O0 -ffunction-sections -fdata-sections -g -fstack-usage -Wall -specs=nano.specs -o Libraries\STM32F30x_StdPeriph_Driver\src\stm32f30x_misc.o 
arm-atollic-eabi-gcc -c ..\src\main.c -mthumb -mcpu=cortex-m4 -mfloat-abi=softfp -mfpu=fpv4-sp-d16 -std=gnu11 -DUSE_STM32F3_DISCOVERY -DHSE_VALUE=8000000 -DSTM32F3XX -DUSE_STDPERIPH_DRIVER -I../src -I../Libraries/CMSIS/Include -I../Libraries/CMSIS/Device/ST/STM32F30x/Include -I../Libraries/STM32F30x_StdPeriph_Driver/inc -I../STM32F3_Discovery -I../FreeRTOS_Source/include -I../FreeRTOS_Source/portable/GCC/ARM_CM4F -O0 -ffunction-sections -fdata-sections -g -fstack-usage -Wall -specs=nano.specs -o src\main.o 
arm-atollic-eabi-gcc -o STM32F3_Discovery_FreeRTOS_Simple_Demo.elf FreeRTOS_Source\list.o FreeRTOS_Source\portable\GCC\ARM_CM4F\port.o FreeRTOS_Source\portable\MemMang\heap_1.o FreeRTOS_Source\queue.o FreeRTOS_Source\tasks.o FreeRTOS_Source\timers.o Libraries\STM32F30x_StdPeriph_Driver\src\stm32f30x_adc.o Libraries\STM32F30x_StdPeriph_Driver\src\stm32f30x_can.o Libraries\STM32F30x_StdPeriph_Driver\src\stm32f30x_comp.o Libraries\STM32F30x_StdPeriph_Driver\src\stm32f30x_crc.o Libraries\STM32F30x_StdPeriph_Driver\src\stm32f30x_dac.o Libraries\STM32F30x_StdPeriph_Driver\src\stm32f30x_dbgmcu.o Libraries\STM32F30x_StdPeriph_Driver\src\stm32f30x_dma.o Libraries\STM32F30x_StdPeriph_Driver\src\stm32f30x_exti.o Libraries\STM32F30x_StdPeriph_Driver\src\stm32f30x_flash.o Libraries\STM32F30x_StdPeriph_Driver\src\stm32f30x_gpio.o Libraries\STM32F30x_StdPeriph_Driver\src\stm32f30x_i2c.o Libraries\STM32F30x_StdPeriph_Driver\src\stm32f30x_iwdg.o Libraries\STM32F30x_StdPeriph_Driver\src\stm32f30x_misc.o Libraries\STM32F30x_StdPeriph_Driver\src\stm32f30x_opamp.o Libraries\STM32F30x_StdPeriph_Driver\src\stm32f30x_pwr.o Libraries\STM32F30x_StdPeriph_Driver\src\stm32f30x_rcc.o Libraries\STM32F30x_StdPeriph_Driver\src\stm32f30x_rtc.o Libraries\STM32F30x_StdPeriph_Driver\src\stm32f30x_spi.o Libraries\STM32F30x_StdPeriph_Driver\src\stm32f30x_syscfg.o Libraries\STM32F30x_StdPeriph_Driver\src\stm32f30x_tim.o Libraries\STM32F30x_StdPeriph_Driver\src\stm32f30x_usart.o Libraries\STM32F30x_StdPeriph_Driver\src\stm32f30x_wwdg.o STM32F3_Discovery\stm32f3_discovery.o STM32F3_Discovery\stm32f3_discovery_l3gd20.o STM32F3_Discovery\stm32f3_discovery_lsm303dlhc.o src\main.o src\startup_stm32f30x.o src\system_stm32f30x.o src\tiny_printf.o -lm -mthumb -mcpu=cortex-m4 -mfloat-abi=softfp -mfpu=fpv4-sp-d16 -T../stm32f30_flash.ld -specs=nosys.specs -static -Wl,-cref,-u,Reset_Handler -Wl,-Map=STM32F3_Discovery_FreeRTOS_Simple_Demo.map -Wl,--gc-sections -Wl,--defsym=malloc_getpagesize_P=0x80 -Wl,--start-group -lc -lm -Wl,--end-group -specs=nano.specs 
C:\Program Files (x86)\Atollic\TrueSTUDIO for STM32 9.1.0\ide\jre\bin\java -jar C:\Program Files (x86)\Atollic\TrueSTUDIO for STM32 9.1.0\Tools\arm-atollic-reports.jar sizeinfo list STM32F3_Discovery_FreeRTOS_Simple_Demo.elf 
Generate build reports...
Print size information
   text	   data	    bss	    dec	    hex	filename
   9448	     16	   8180	  17644	   44ec	STM32F3_Discovery_FreeRTOS_Simple_Demo.elf
Print size information done
Generate listing file
Output sent to: STM32F3_Discovery_FreeRTOS_Simple_Demo.list
Generate listing file done
Generate build reports done

06:25:42 Build Finished (took 6s.520ms)

